wrote /home/u24/papers/mcrl-leo-handover-mc2/.scratch/mc2/smoke/RUN-MANIFEST.json (commit uncommitted-worktree, code digest 722da9fd2fe4)
[2026-09-12T05:40:10Z] plan for /home/u24/papers/mcrl-leo-handover-mc2/.scratch/mc2/smoke (commit uncommitted-worktree):
  E0-10-MC2-v1-A+B-equal_share k10 [cfg e4e970e44096]: fresh  -> launch
  E0-10-MC2-v2-A+B-equal_share k10 [cfg 9b1cde0b4278]: fresh  -> launch
  E0-10-MC2-v1-A+R-equal_share k10 [cfg 2bfd5658c8ec]: fresh  -> launch
  E0-10-MC2-v2-A+R-equal_share k10 [cfg 07e90f91407d]: fresh  -> launch
  E0-10-MC2-B-equal_share k10 [cfg 9f4fbee9d9d3]: fresh  -> launch
  E0-10-MC2-v2-A-equal_share k10 [cfg 8f808e87ed16]: fresh  -> launch
  E0-4-D3-T0-equal_share k10 [cfg 1f2a179b74ba]: fresh  -> launch
  live scientific workers under /nonexistent: 0
=== smoke 10:10:v1-A+B ===
[E0-10-MC2-v1-A+B-equal_share k10] DEVVAL ep 1: ee=9.370578e+07 served=0.99750 beams=55.800 agreeT0=0.2835
[E0-10-MC2-v1-A+B-equal_share k10] ep 1 saved; rss 0.67 GB; wall 42s
[E0-10-MC2-v1-A+B-equal_share k10] ep 2 saved; rss 0.72 GB; wall 62s
[E0-10-MC2-v1-A+B-equal_share k10] ep 3 saved; rss 0.72 GB; wall 84s
[E0-10-MC2-v1-A+B-equal_share k10] complete: 3 episodes
WALL 144.86 s  MAXRSS 1933952 KB
rc=0
=== smoke 10:10:v2-A+B ===
[E0-10-MC2-v2-A+B-equal_share k10] DEVVAL ep 1: ee=9.130350e+07 served=1.00000 beams=54.950 agreeT0=0.2845
[E0-10-MC2-v2-A+B-equal_share k10] ep 1 saved; rss 0.67 GB; wall 48s
[E0-10-MC2-v2-A+B-equal_share k10] ep 2 saved; rss 0.72 GB; wall 72s
[E0-10-MC2-v2-A+B-equal_share k10] ep 3 saved; rss 0.72 GB; wall 99s
[E0-10-MC2-v2-A+B-equal_share k10] complete: 3 episodes
WALL 158.28 s  MAXRSS 1933880 KB
rc=0
=== smoke 10:10:v1-A+R ===
[E0-10-MC2-v1-A+R-equal_share k10] DEVVAL ep 1: ee=7.815055e+07 served=0.94600 beams=60.250 agreeT0=0.1505
[E0-10-MC2-v1-A+R-equal_share k10] ep 1 saved; rss 0.67 GB; wall 46s
[E0-10-MC2-v1-A+R-equal_share k10] ep 2 saved; rss 0.72 GB; wall 76s
[E0-10-MC2-v1-A+R-equal_share k10] ep 3 saved; rss 0.73 GB; wall 104s
[E0-10-MC2-v1-A+R-equal_share k10] complete: 3 episodes
WALL 163.13 s  MAXRSS 1933648 KB
rc=0
=== smoke 10:10:v2-A+R ===
[E0-10-MC2-v2-A+R-equal_share k10] DEVVAL ep 1: ee=8.484755e+07 served=0.95950 beams=58.750 agreeT0=0.1990
[E0-10-MC2-v2-A+R-equal_share k10] ep 1 saved; rss 0.66 GB; wall 47s
[E0-10-MC2-v2-A+R-equal_share k10] ep 2 saved; rss 0.72 GB; wall 80s
[E0-10-MC2-v2-A+R-equal_share k10] ep 3 saved; rss 0.72 GB; wall 113s
[E0-10-MC2-v2-A+R-equal_share k10] complete: 3 episodes
WALL 170.89 s  MAXRSS 1933716 KB
rc=0
=== smoke 10:10:B ===
[E0-10-MC2-B-equal_share k10] DEVVAL ep 1: ee=9.188857e+07 served=1.00000 beams=53.800 agreeT0=0.2625
[E0-10-MC2-B-equal_share k10] ep 1 saved; rss 0.73 GB; wall 29s
[E0-10-MC2-B-equal_share k10] ep 2 saved; rss 0.73 GB; wall 44s
[E0-10-MC2-B-equal_share k10] ep 3 saved; rss 0.73 GB; wall 60s
[E0-10-MC2-B-equal_share k10] complete: 3 episodes
WALL 119.17 s  MAXRSS 1933784 KB
rc=0
=== smoke 10:10:v2-A ===
[E0-10-MC2-v2-A-equal_share k10] DEVVAL ep 1: ee=9.212602e+07 served=1.00000 beams=58.450 agreeT0=0.2740
[E0-10-MC2-v2-A-equal_share k10] ep 1 saved; rss 0.72 GB; wall 30s
[E0-10-MC2-v2-A-equal_share k10] ep 2 saved; rss 0.72 GB; wall 46s
[E0-10-MC2-v2-A-equal_share k10] ep 3 saved; rss 0.73 GB; wall 62s
[E0-10-MC2-v2-A-equal_share k10] complete: 3 episodes
WALL 121.12 s  MAXRSS 1933428 KB
rc=0
=== smoke 4:10 ===
[E0-4-D3-T0-equal_share k10] DEVVAL ep 1: ee=9.255764e+07 served=0.97900 beams=62.600 agreeT0=0.2925
[E0-4-D3-T0-equal_share k10] ep 1 saved; rss 0.67 GB; wall 12s
[E0-4-D3-T0-equal_share k10] ep 2 saved; rss 0.72 GB; wall 15s
[E0-4-D3-T0-equal_share k10] ep 3 saved; rss 0.72 GB; wall 19s
[E0-4-D3-T0-equal_share k10] complete: 3 episodes
WALL 76.83 s  MAXRSS 1933564 KB
rc=0
=== smoke done ===
