{
 "episodes": [
  0,
  1
 ],
 "epochs": [
  "2026-08-01 10:31:40.800000+00:00",
  "2026-02-20 03:34:04.160000+00:00"
 ],
 "tle_file_set_sha256": [
  "427e6a91774b0ebf3d9b5a13dd783fdaa3f107666f9e9a6cb2a08d5c92b38fe9"
 ],
 "decisions": 2000,
 "decisions_with_2plus_legal": 2000,
 "pairs": 52815,
 "eta_tilde": 1.0,
 "units": {
  "s_B": 13329082278.45065,
  "s_E": 120.61728174105066,
  "eta0": 110507234.83444457
 },
 "equal_share": {
  "argmax_change_count": 3,
  "argmax_change_fraction": 0.0015,
  "argmax_change_count_2plus_legal": 3,
  "agrees_with_system_best_response": 0.524,
  "agrees_with_system_best_response_count": 1048,
  "corr_pooled_all_pairs": 0.31410569585741566,
  "corr_pooled_served_pairs": 0.4468178473109432,
  "corr_within_decision_served": 0.43439289858456037,
  "max_abs_within_minus_system_served": 3.7847399275280362,
  "spread_B_over_sB_median": 1.7587282059758613,
  "spread_etaE_over_sE_median": 0.01562614270047713,
  "spread_etaE_over_sE_p90": 0.01671295979975458
 },
 "lighting_price": {
  "argmax_change_count": 1787,
  "argmax_change_fraction": 0.8935,
  "argmax_change_count_2plus_legal": 1787,
  "agrees_with_system_best_response": 0.2855,
  "agrees_with_system_best_response_count": 571,
  "corr_pooled_all_pairs": 0.45929479818167673,
  "corr_pooled_served_pairs": 0.7013729944447669,
  "corr_within_decision_served": 0.7976464332780059,
  "max_abs_within_minus_system_served": 2.237751800180858,
  "spread_B_over_sB_median": 1.7587282059758613,
  "spread_etaE_over_sE_median": 1.5626142700476549,
  "spread_etaE_over_sE_p90": 1.6712959799754707
 },
 "difference": {
  "argmax_change_count": 866,
  "argmax_change_fraction": 0.433,
  "argmax_change_count_2plus_legal": 866,
  "agrees_with_system_best_response": 0.991,
  "agrees_with_system_best_response_count": 1982,
  "corr_pooled_all_pairs": 0.5709119400643037,
  "corr_pooled_served_pairs": 0.8176395008165015,
  "corr_within_decision_served": 1.0,
  "max_abs_within_minus_system_served": 8.881784197001252e-16,
  "spread_B_over_sB_median": 2.6997468023755156,
  "spread_etaE_over_sE_median": 1.5626142700477021,
  "spread_etaE_over_sE_p90": 1.6712959799754785
 },
 "rule_best_response_differs_fraction": 0.791,
 "system_best_response_is_outage": {
  "decisions_with_an_outage_alternative": 190,
  "best_response_is_outage": 18,
  "difference_disagrees_with_system_br": 18,
  "difference_disagrees_where_br_is_served": 0
 },
 "rule_decisions": {
  "served": 1994,
  "outage": 6,
  "BD_over_sB": {
   "0.01": -0.5976208529742488,
   "0.05": -0.2921771031476242,
   "0.1": -0.18510862362977032,
   "0.25": -0.039536031075015396,
   "0.5": 0.10349354379651049,
   "0.75": 1.3761263009558868,
   "0.9": 1.9971821557001668,
   "0.95": 2.245896245855578,
   "0.99": 2.595932909264251
  },
  "ED_over_sE": {
   "0.01": 0.0,
   "0.05": 0.0,
   "0.1": 0.0,
   "0.25": 0.0,
   "0.5": 0.009681436192029564,
   "0.75": 1.562614270047642,
   "0.9": 1.5626142700477021,
   "0.95": 1.6652085365446339,
   "0.99": 1.9272618480095993
  },
  "etaED_over_sE": {
   "0.01": 0.0,
   "0.05": 0.0,
   "0.1": 0.0,
   "0.25": 0.0,
   "0.5": 0.009681436192029564,
   "0.75": 1.562614270047642,
   "0.9": 1.5626142700477021,
   "0.95": 1.6652085365446339,
   "0.99": 1.9272618480095993
  },
  "D_over_sB": {
   "0.01": -1.924732320832373,
   "0.05": -1.017069358709654,
   "0.1": -0.5715274903586943,
   "0.25": -0.1870874193437124,
   "0.5": -0.011101235464535154,
   "0.75": 0.14279336690205524,
   "0.9": 0.42291292269257685,
   "0.95": 0.6270689231720459,
   "0.99": 0.9862412575214485
  },
  "BD_mean_over_sB": 0.5713584772279802,
  "ED_mean_over_sE": 0.6389782893301419,
  "share_ED_exactly_zero": 0.4809428284854564,
  "share_BD_negative": 0.3319959879638917,
  "share_D_negative": 0.5215646940822467,
  "own_bits_over_sB": {
   "0.01": 0.07960461627443047,
   "0.05": 0.15840482980782614,
   "0.1": 0.2810087448102928,
   "0.25": 0.4893130370859634,
   "0.5": 0.8590602688482644,
   "0.75": 1.5353891391165564,
   "0.9": 2.06
