contracts/MULTI-CATFISH-MCRL-V017-C3-SOFTKL-GATE-PREREG-2026-09-03.md: OK
contracts/prereg.sha256: OK
contracts/seed-census-pre-freeze.md: OK
server-run-r1/controller.complete: OK
server-run-r1/learner-gate.log: OK
server-run-r1/learner-gate/checkpoints/init-2026112101-rung-000003.pt: OK
server-run-r1/learner-gate/checkpoints/init-2026112101-rung-000010.pt: OK
server-run-r1/learner-gate/checkpoints/init-2026112101-rung-000030.pt: OK
server-run-r1/learner-gate/checkpoints/init-2026112101-rung-000100.pt: OK
server-run-r1/learner-gate/checkpoints/init-2026112101-rung-000300.pt: OK
server-run-r1/learner-gate/checkpoints/init-2026112101-rung-001000.pt: OK
server-run-r1/learner-gate/checkpoints/init-2026112101-rung-003000.pt: OK
server-run-r1/learner-gate/checkpoints/init-2026112102-rung-000003.pt: OK
server-run-r1/learner-gate/checkpoints/init-2026112102-rung-000010.pt: OK
server-run-r1/learner-gate/checkpoints/init-2026112102-rung-000030.pt: OK
server-run-r1/learner-gate/checkpoints/init-2026112102-rung-000100.pt: OK
server-run-r1/learner-gate/checkpoints/init-2026112102-rung-000300.pt: OK
server-run-r1/learner-gate/checkpoints/init-2026112102-rung-001000.pt: OK
server-run-r1/learner-gate/checkpoints/init-2026112102-rung-003000.pt: OK
server-run-r1/learner-gate/checkpoints/init-2026112103-rung-000003.pt: OK
server-run-r1/learner-gate/checkpoints/init-2026112103-rung-000010.pt: OK
server-run-r1/learner-gate/checkpoints/init-2026112103-rung-000030.pt: OK
server-run-r1/learner-gate/checkpoints/init-2026112103-rung-000100.pt: OK
server-run-r1/learner-gate/checkpoints/init-2026112103-rung-000300.pt: OK
server-run-r1/learner-gate/checkpoints/init-2026112103-rung-001000.pt: OK
server-run-r1/learner-gate/checkpoints/init-2026112103-rung-003000.pt: OK
server-run-r1/learner-gate/receipt.json: OK
server-run-r1/learner-gate/result.json: OK
server-run-r1/source-panel/controller.complete: OK
server-run-r1/source-panel/logs/2026112001-2026092101.log: OK
server-run-r1/source-panel/logs/2026112001-2026092102.log: OK
server-run-r1/source-panel/logs/2026112001-2026092103.log: OK
server-run-r1/source-panel/logs/2026112002-2026092101.log: OK
server-run-r1/source-panel/logs/2026112002-2026092102.log: OK
server-run-r1/source-panel/logs/2026112002-2026092103.log: OK
server-run-r1/source-panel/logs/2026112003-2026092101.log: OK
server-run-r1/source-panel/logs/2026112003-2026092102.log: OK
server-run-r1/source-panel/logs/2026112003-2026092103.log: OK
server-run-r1/source-panel/logs/2026112004-2026092101.log: OK
server-run-r1/source-panel/logs/2026112004-2026092102.log: OK
server-run-r1/source-panel/logs/2026112004-2026092103.log: OK
server-run-r1/source-panel/logs/2026112005-2026092101.log: OK
server-run-r1/source-panel/logs/2026112005-2026092102.log: OK
server-run-r1/source-panel/logs/2026112005-2026092103.log: OK
server-run-r1/source-panel/logs/2026112006-2026092101.log: OK
server-run-r1/source-panel/logs/2026112006-2026092102.log: OK
server-run-r1/source-panel/logs/2026112006-2026092103.log: OK
server-run-r1/source-panel/shards/2026112001-2026092101/metadata.json: OK
server-run-r1/source-panel/shards/2026112001-2026092101/source.npz: OK
server-run-r1/source-panel/shards/2026112001-2026092101/source.sha256: OK
server-run-r1/source-panel/shards/2026112001-2026092102/metadata.json: OK
server-run-r1/source-panel/shards/2026112001-2026092102/source.npz: OK
server-run-r1/source-panel/shards/2026112001-2026092102/source.sha256: OK
server-run-r1/source-panel/shards/2026112001-2026092103/metadata.json: OK
server-run-r1/source-panel/shards/2026112001-2026092103/source.npz: OK
server-run-r1/source-panel/shards/2026112001-2026092103/source.sha256: OK
server-run-r1/source-panel/shards/2026112002-2026092101/metadata.json: OK
server-run-r1/source-panel/shards/2026112002-2026092101/source.npz: OK
server-run-r1/source-panel/shards/2026112002-2026092101/source.sha256: OK
server-run-r1/source-panel/shards/2026112002-2026092102/metadata.json: OK
server-run-r1/source-panel/shards/2026112002-2026092102/source.npz: OK
server-run-r1/source-panel/shards/2026112002-2026092102/source.sha256: OK
server-run-r1/source-panel/shards/2026112002-2026092103/metadata.json: OK
server-run-r1/source-panel/shards/2026112002-2026092103/source.npz: OK
server-run-r1/source-panel/shards/2026112002-2026092103/source.sha256: OK
server-run-r1/source-panel/shards/2026112003-2026092101/metadata.json: OK
server-run-r1/source-panel/shards/2026112003-2026092101/source.npz: OK
server-run-r1/source-panel/shards/2026112003-2026092101/source.sha256: OK
server-run-r1/source-panel/shards/2026112003-2026092102/metadata.json: OK
server-run-r1/source-panel/shards/2026112003-2026092102/source.npz: OK
server-run-r1/source-panel/shards/2026112003-2026092102/source.sha256: OK
server-run-r1/source-panel/shards/2026112003-2026092103/metadata.json: OK
server-run-r1/source-panel/shards/2026112003-2026092103/source.npz: OK
server-run-r1/source-panel/shards/2026112003-2026092103/source.sha256: OK
server-run-r1/source-panel/shards/2026112004-2026092101/metadata.json: OK
server-run-r1/source-panel/shards/2026112004-2026092101/source.npz: OK
server-run-r1/source-panel/shards/2026112004-2026092101/source.sha256: OK
server-run-r1/source-panel/shards/2026112004-2026092102/metadata.json: OK
server-run-r1/source-panel/shards/2026112004-2026092102/source.npz: OK
server-run-r1/source-panel/shards/2026112004-2026092102/source.sha256: OK
server-run-r1/source-panel/shards/2026112004-2026092103/metadata.json: OK
server-run-r1/source-panel/shards/2026112004-2026092103/source.npz: OK
server-run-r1/source-panel/shards/2026112004-2026092103/source.sha256: OK
server-run-r1/source-panel/shards/2026112005-2026092101/metadata.json: OK
server-run-r1/source-panel/shards/2026112005-2026092101/source.npz: OK
server-run-r1/source-panel/shards/2026112005-2026092101/source.sha256: OK
server-run-r1/source-panel/shards/2026112005-2026092102/metadata.json: OK
server-run-r1/source-panel/shards/2026112005-2026092102/source.npz: OK
server-run-r1/source-panel/shards/2026112005-2026092102/source.sha256: OK
server-run-r1/source-panel/shards/2026112005-2026092103/metadata.json: OK
server-run-r1/source-panel/shards/2026112005-2026092103/source.npz: OK
server-run-r1/source-panel/shards/2026112005-2026092103/source.sha256: OK
server-run-r1/source-panel/shards/2026112006-2026092101/metadata.json: OK
server-run-r1/source-panel/shards/2026112006-2026092101/source.npz: OK
server-run-r1/source-panel/shards/2026112006-2026092101/source.sha256: OK
server-run-r1/source-panel/shards/2026112006-2026092102/metadata.json: OK
server-run-r1/source-panel/shards/2026112006-2026092102/source.npz: OK
server-run-r1/source-panel/shards/2026112006-2026092102/source.sha256: OK
server-run-r1/source-panel/shards/2026112006-2026092103/metadata.json: OK
server-run-r1/source-panel/shards/2026112006-2026092103/source.npz: OK
server-run-r1/source-panel/shards/2026112006-2026092103/source.sha256: OK
