runner_sha256=815a39e74a2e83fae1484fe9f68279120e9ee2d3ea0750f45cde51443a656a34
host=5090
started_utc=2026-08-27T08:18:31Z
{"decision": "IDENTITY_SCALE_PASS", "output": "/home/sat/mcrl-c2-scale-20260827-v1/.scratch/catfish-design-data/c2-time-only-identity-scale-seeds-2026082401-2026082410-v1.json", "output_bytes": 8045769, "output_sha256": "38a5e38e3803e1e6f0cacc12a95e2cf99c4b890c96926e66c33c4e792a77c463"}
	Command being timed: "/home/sat/mcrl-leo-handover/.venv/bin/python /home/sat/mcrl-c2-scale-20260827-v1/.scratch/catfish-design-data/run_c2_time_only_identity_scale.py --tle-root /home/sat/mcrl-runtime/tle-frozen-20260820 --seeds 2026082401 2026082402 2026082403 2026082404 2026082405 2026082406 2026082407 2026082408 2026082409 2026082410 --max-steps 10 --output /home/sat/mcrl-c2-scale-20260827-v1/.scratch/catfish-design-data/c2-time-only-identity-scale-seeds-2026082401-2026082410-v1.json"
	User time (seconds): 69.75
	System time (seconds): 1.91
	Percent of CPU this job got: 145%
	Elapsed (wall clock) time (h:mm:ss or m:ss): 0:49.12
	Average shared text size (kbytes): 0
	Average unshared data size (kbytes): 0
	Average stack size (kbytes): 0
	Average total size (kbytes): 0
	Maximum resident set size (kbytes): 2620476
	Average resident set size (kbytes): 0
	Major (requiring I/O) page faults: 0
	Minor (reclaiming a frame) page faults: 897720
	Voluntary context switches: 2439
	Involuntary context switches: 931
	Swaps: 0
	File system inputs: 0
	File system outputs: 15728
	Socket messages sent: 0
	Socket messages received: 0
	Signals delivered: 0
	Page size (bytes): 4096
	Exit status: 0
finished_utc=2026-08-27T08:19:20Z
exit_status=0
