runner_sha256=6b0c8177b0ec436925d5e9c1eb8533a3906cfe8980033e43be23923dfb578a55
host=5090
started_utc=2026-08-27T08:36:59Z
{"decision": "FAIL_DROP_C3_EE_DIRECTION", "json_bytes": 4130844, "json_output": "/home/sat/mcrl-c3-shadow-20260827-v1/.scratch/catfish-design-data/c3-disjoint-median-shadow-seeds-2026082801-2026082805-v1.json", "json_sha256": "99915d786b5b00ad5e44dd4db6007113687588d99a9d82c0043c09de086938b3", "observations_output": "/home/sat/mcrl-c3-shadow-20260827-v1/.scratch/catfish-design-data/c3-disjoint-median-shadow-seeds-2026082801-2026082805-observations-v1.npz", "observations_sha256": "970ee3ed5df2f7330c7fb7e8e46a0f15d54ec3fcaeb36aed9b220e01466461b0", "receipt_bytes": 2198, "receipt_output": "/home/sat/mcrl-c3-shadow-20260827-v1/.scratch/catfish-design-data/c3-disjoint-median-shadow-seeds-2026082801-2026082805-receipt-v1.json", "receipt_sha256": "ae43e069d4d09a086c1253ae5a440d0915c96bcac9d05efbb5225c8e702ea3b0"}
	Command being timed: "/home/sat/mcrl-leo-handover/.venv/bin/python /home/sat/mcrl-c3-shadow-20260827-v1/.scratch/catfish-design-data/run_c3_disjoint_median_shadow.py --tle-root /home/sat/mcrl-runtime/tle-frozen-20260820 --seeds 2026082801 2026082802 2026082803 2026082804 2026082805 --max-steps 10 --output /home/sat/mcrl-c3-shadow-20260827-v1/.scratch/catfish-design-data/c3-disjoint-median-shadow-seeds-2026082801-2026082805-v1.json --observations-output /home/sat/mcrl-c3-shadow-20260827-v1/.scratch/catfish-design-data/c3-disjoint-median-shadow-seeds-2026082801-2026082805-observations-v1.npz --receipt-output /home/sat/mcrl-c3-shadow-20260827-v1/.scratch/catfish-design-data/c3-disjoint-median-shadow-seeds-2026082801-2026082805-receipt-v1.json"
	User time (seconds): 58.85
	System time (seconds): 2.30
	Percent of CPU this job got: 133%
	Elapsed (wall clock) time (h:mm:ss or m:ss): 0:45.89
	Average shared text size (kbytes): 0
	Average unshared data size (kbytes): 0
	Average stack size (kbytes): 0
	Average total size (kbytes): 0
	Maximum resident set size (kbytes): 2613320
	Average resident set size (kbytes): 0
	Major (requiring I/O) page faults: 0
	Minor (reclaiming a frame) page faults: 907423
	Voluntary context switches: 1637
	Involuntary context switches: 617
	Swaps: 0
	File system inputs: 0
	File system outputs: 10176
	Socket messages sent: 0
	Socket messages received: 0
	Signals delivered: 0
	Page size (bytes): 4096
	Exit status: 0
finished_utc=2026-08-27T08:37:45Z
exit_status=0
