A0_raw     fold0 inner=0.8015@ 62 test_top1=0.8129 n_test=8000 t=11s
A0_raw     fold1 inner=0.7930@ 81 test_top1=0.8061 n_test=8000 t=23s
A0_raw     fold2 inner=0.7955@ 86 test_top1=0.8163 n_test=8000 t=33s
A0_z       fold0 inner=0.7570@ 26 test_top1=0.7588 n_test=8000 t=43s
A0_z       fold1 inner=0.7565@ 26 test_top1=0.7509 n_test=8000 t=55s
A0_z       fold2 inner=0.7375@ 26 test_top1=0.7759 n_test=8000 t=64s
A2_raw     fold0 inner=0.8495@ 82 test_top1=0.8311 n_test=8000 t=74s
A2_raw     fold1 inner=0.8515@ 91 test_top1=0.8498 n_test=8000 t=86s
A2_raw     fold2 inner=0.8330@ 54 test_top1=0.8321 n_test=8000 t=96s
A2_z       fold0 inner=0.8105@ 17 test_top1=0.7894 n_test=8000 t=106s
A2_z       fold1 inner=0.8010@ 19 test_top1=0.8119 n_test=8000 t=116s
A2_z       fold2 inner=0.7990@ 17 test_top1=0.7867 n_test=8000 t=129s
A9_raw     fold0 inner=0.9225@ 66 test_top1=0.9204 n_test=8000 t=138s
A9_raw     fold1 inner=0.9160@ 47 test_top1=0.9206 n_test=8000 t=148s
A9_raw     fold2 inner=0.9150@ 72 test_top1=0.9186 n_test=8000 t=161s
A9_z       fold0 inner=0.9115@ 19 test_top1=0.9134 n_test=8000 t=171s
A9_z       fold1 inner=0.9040@ 21 test_top1=0.9176 n_test=8000 t=181s
A9_z       fold2 inner=0.9060@ 25 test_top1=0.9097 n_test=8000 t=193s
A12_raw    fold0 inner=0.9325@ 93 test_top1=0.9393 n_test=8000 t=203s
A12_raw    fold1 inner=0.9340@ 83 test_top1=0.9349 n_test=8000 t=213s
A12_raw    fold2 inner=0.9270@ 78 test_top1=0.9316 n_test=8000 t=226s
A12_z      fold0 inner=0.9215@ 28 test_top1=0.9350 n_test=8000 t=236s
A12_z      fold1 inner=0.9235@ 22 test_top1=0.9300 n_test=8000 t=246s
A12_z      fold2 inner=0.9190@ 27 test_top1=0.9290 n_test=8000 t=259s
# total wall 259s
