B1_raw     fold0 inner=0.7340@ 86 test_top1=0.7075 n_test=8000 t=10s
B1_raw     fold1 inner=0.7095@ 53 test_top1=0.7153 n_test=8000 t=22s
B1_raw     fold2 inner=0.7295@ 75 test_top1=0.7196 n_test=8000 t=32s
B1_z       fold0 inner=0.7455@ 45 test_top1=0.7216 n_test=8000 t=41s
B1_z       fold1 inner=0.7045@ 55 test_top1=0.7260 n_test=8000 t=53s
B1_z       fold2 inner=0.7400@ 47 test_top1=0.7361 n_test=8000 t=62s
B2_raw     fold0 inner=0.6680@ 70 test_top1=0.6824 n_test=8000 t=71s
B2_raw     fold1 inner=0.6660@ 87 test_top1=0.6715 n_test=8000 t=81s
B2_raw     fold2 inner=0.6995@ 70 test_top1=0.6949 n_test=8000 t=92s
B2_z       fold0 inner=0.6890@ 30 test_top1=0.7007 n_test=8000 t=102s
B2_z       fold1 inner=0.6755@ 42 test_top1=0.6844 n_test=8000 t=111s
B2_z       fold2 inner=0.7260@ 44 test_top1=0.7043 n_test=8000 t=124s
TR_raw     fold0 inner=0.8980@ 85 test_top1=0.8798 n_test=8000 t=133s
TR_raw     fold1 inner=0.9005@ 93 test_top1=0.8814 n_test=8000 t=142s
TR_raw     fold2 inner=0.8980@ 74 test_top1=0.8688 n_test=8000 t=154s
TR_z       fold0 inner=0.9075@ 21 test_top1=0.8946 n_test=8000 t=164s
TR_z       fold1 inner=0.9100@ 36 test_top1=0.8910 n_test=8000 t=173s
TR_z       fold2 inner=0.9065@ 23 test_top1=0.8704 n_test=8000 t=183s
NULL_raw   fold0 inner=0.0525@ 23 test_top1=0.0411 n_test=8000 t=195s
NULL_raw   fold1 inner=0.0510@ 78 test_top1=0.0365 n_test=8000 t=205s
NULL_raw   fold2 inner=0.0435@  8 test_top1=0.0369 n_test=8000 t=215s
NULL_z     fold0 inner=0.0530@ 15 test_top1=0.0355 n_test=8000 t=227s
NULL_z     fold1 inner=0.0455@ 78 test_top1=0.0389 n_test=8000 t=236s
NULL_z     fold2 inner=0.0515@ 15 test_top1=0.0377 n_test=8000 t=247s
# total wall 247s
