# SANITY: rule reconstructions from logged raw gain/load/incumbent vs logged actions
  A-family: argmax(gain_dB + m*1[incumbent legal]) reproduces every A-rule query on every A-source state unless a mismatch line is printed above
  states=A0 rule=B1: restricted-argmax reconstruction mismatches 0
  states=A0 rule=B2: restricted-argmax reconstruction mismatches 0
  states=A2 rule=B1: restricted-argmax reconstruction mismatches 0
  states=A2 rule=B2: restricted-argmax reconstruction mismatches 0
  states=A9 rule=B1: restricted-argmax reconstruction mismatches 0
  states=A9 rule=B2: restricted-argmax reconstruction mismatches 0
  states=A12 rule=B1: restricted-argmax reconstruction mismatches 0
  states=A12 rule=B2: restricted-argmax reconstruction mismatches 0
  states=B1 rule=B1: restricted-argmax reconstruction mismatches 0
  states=B1 rule=B2: restricted-argmax reconstruction mismatches 0
  states=B2 rule=B1: restricted-argmax reconstruction mismatches 0
  states=B2 rule=B2: restricted-argmax reconstruction mismatches 0
  states=TR rule=B1: restricted-argmax reconstruction mismatches 0
  states=TR rule=B2: restricted-argmax reconstruction mismatches 0
  TR states: select_actions vs recomputed masked argmax mismatches 0
  A0: rows 24000, empty-mask rows 0, mean |legal| 26.29
  A2: rows 24000, empty-mask rows 0, mean |legal| 26.39
  A9: rows 24000, empty-mask rows 0, mean |legal| 26.30
  A12: rows 24000, empty-mask rows 0, mean |legal| 26.27
  B1: rows 24000, empty-mask rows 0, mean |legal| 26.29
  B2: rows 24000, empty-mask rows 0, mean |legal| 26.28
  TR: rows 24000, empty-mask rows 0, mean |legal| 26.26

# SCREEN 1: representability (held-out by episode, 3 folds pooled)
  source predictor              n    top1      fold rng    top3 contested top1|con  regret
  A0     raw                24000  0.8117 0.8061-0.8163  0.9400    0.6975   0.7622  dB mean=0.244 >0:0.1883 p95=1.692 best_ep=[62, 81, 86]
  A0     z                  24000  0.7618 0.7509-0.7759  0.8921    0.6975   0.7039  dB mean=0.4884 >0:0.2382 p95=3.124 best_ep=[26, 26, 26]
  A0     raw400             24000  0.8104 0.8063-0.8163  0.9435    0.6975   0.7644  dB mean=0.2371 >0:0.1896 p95=1.642 best_ep=[105, 100, 86]
  A0     always-max-gain    24000  1.0000                1.0000    0.6975   1.0000  dB mean=0 >0:0.0000 p95=0
  A0     always-incumbent   24000  0.3025                1.0000    0.6975   0.0000  dB mean=5.353 >0:0.6975 p95=19.26
  A2     raw                24000  0.8377 0.8311-0.8498  0.9445    0.6982   0.7847  dB mean=0.2427 >0:0.1623 p95=1.713 best_ep=[82, 91, 54]
  A2     z                  24000  0.7960 0.7867-0.8119  0.9017    0.6982   0.7298  dB mean=0.4527 >0:0.2040 p95=2.946 best_ep=[17, 19, 17]
  A2     raw400             24000  0.8377 0.8311-0.8498  0.9445    0.6982   0.7847  dB mean=0.2427 >0:0.1623 p95=1.713 best_ep=[82, 91, 54]
  A2     always-max-gain    24000  0.8755                0.9761    0.6982   0.8217  dB mean=0.1267 >0:0.1245 p95=1.23
  A2     always-incumbent   24000  0.4263                1.0000    0.6982   0.1783  dB mean=3.781 >0:0.5737 p95=15.62
  A9     raw                24000  0.9199 0.9186-0.9206  0.9708    0.7135   0.9049  dB mean=0.1562 >0:0.0801 p95=0.4302 best_ep=[66, 47, 72]
  A9     z                  24000  0.9136 0.9097-0.9176  0.9651    0.7135   0.8993  dB mean=0.1389 >0:0.0864 p95=0.5162 best_ep=[19, 21, 25]
  A9     raw400             24000  0.9199 0.9186-0.9206  0.9708    0.7135   0.9049  dB mean=0.1562 >0:0.0801 p95=0.4302 best_ep=[66, 47, 72]
  A9     always-max-gain    24000  0.5387                0.7119    0.7135   0.3535  dB mean=2.183 >0:0.4612 p95=8.112
  A9     always-incumbent   24000  0.7478                1.0000    0.7135   0.6465  dB mean=1.316 >0:0.2522 p95=8.855
  A12    raw                24000  0.9353 0.9316-0.9393  0.9795    0.7126   0.9352  dB mean=0.1186 >0:0.0648 p95=0.1819 best_ep=[93, 83, 78]
  A12    z                  24000  0.9313 0.9290-0.9350  0.9758    0.7126   0.9310  dB mean=0.1239 >0:0.0687 p95=0.2779 best_ep=[28, 22, 27]
  A12    raw400             24000  0.9345 0.9293-0.9393  0.9805    0.7126   0.9349  dB mean=0.1155 >0:0.0655 p95=0.1852 best_ep=[93, 83, 103]
  A12    always-max-gain    24000  0.4730                0.6345    0.7126   0.2604  dB mean=3.481 >0:0.5270 p95=11.02
  A12    always-incumbent   24000  0.8144                1.0000    0.7126   0.7396  dB mean=0.8799 >0:0.1856 p95=6.761
  B1     raw                24000  0.7141 0.7075-0.7196  0.9181    0.6709   0.6798  viol=0.0737 gapdB(mean=0.529,>0:0.2290,p95=3.41) best_ep=[86, 53, 75]
  B1     z                  24000  0.7279 0.7216-0.7361  0.9139    0.6709   0.6853  viol=0.0422 gapdB(mean=0.637,>0:0.2400,p95=4.02) best_ep=[45, 55, 47]
  B1     raw400             24000  0.7141 0.7075-0.7196  0.9181    0.6709   0.6798  viol=0.0737 gapdB(mean=0.529,>0:0.2290,p95=3.41) best_ep=[86, 53, 75]
  B1     always-max-gain    24000  0.3847                0.5350    0.6709   0.1571  viol=0.6152 gapdB(mean=0.000,>0:0.0000,p95=0.00)
  B1     always-incumbent   24000  0.6558                0.8240    0.6709   0.5610  viol=0.0498 gapdB(mean=1.285,>0:0.3099,p95=7.30)
  B2     raw                24000  0.6829 0.6715-0.6949  0.9034    0.6849   0.6729  viol=0.1047 gapdB(mean=0.555,>0:0.2372,p95=3.56) best_ep=[70, 87, 70]
  B2     z                  24000  0.6965 0.6844-0.7043  0.9052    0.6849   0.6741  viol=0.0566 gapdB(mean=0.779,>0:0.2617,p95=4.72) best_ep=[30, 42, 44]
  B2     raw400             24000  0.6829 0.6715-0.6949  0.9034    0.6849   0.6729  viol=0.1047 gapdB(mean=0.555,>0:0.2372,p95=3.56) best_ep=[70, 87, 70]
  B2     always-max-gain    24000  0.3607                0.5220    0.6849   0.1660  viol=0.6393 gapdB(mean=0.000,>0:0.0000,p95=0.00)
  B2     always-incumbent   24000  0.5973                0.7979    0.6849   0.5115  viol=0.1701 gapdB(mean=1.148,>0:0.2803,p95=6.90)
  TR     raw                24000  0.8766 0.8688-0.8814  0.9825    0.7412   0.8697  Qscal mean=0.005295 >0:0.1234 p95=0.03418 best_ep=[85, 93, 74]
  TR     z                  24000  0.8853 0.8704-0.8946  0.9838    0.7412   0.8769  Qscal mean=0.004549 >0:0.1147 p95=0.02921 best_ep=[21, 36, 23]
  TR     raw400             24000  0.8771 0.8688-0.8829  0.9822    0.7412   0.8696  Qscal mean=0.005279 >0:0.1229 p95=0.03426 best_ep=[85, 113, 74]
  TR     always-max-gain    24000  0.2146                0.4274    0.7412   0.0883  Qscal mean=0.1631 >0:0.7854 p95=0.4782
  TR     always-incumbent   24000  0.6526                0.7937    0.7412   0.6792  Qscal mean=0.03152 >0:0.3474 p95=0.161
  NULL   raw                24000  0.0382 0.0365-0.0411  0.1119    0.6975   0.0372  chance top1=0.0386 top3=0.1158 best_ep=[23, 78, 8]
  NULL   z                  24000  0.0374 0.0355-0.0389  0.1168    0.6975   0.0367  chance top1=0.0386 top3=0.1158 best_ep=[15, 78, 15]
  NULL   raw400             24000  0.0413 0.0406-0.0420  0.1179    0.6975   0.0404  chance top1=0.0386 top3=0.1158 best_ep=[23, 238, 320]

# SCREEN 2: action disagreement D(row-states, column-rule) = fraction of (user,step) decisions with a non-empty mask where the rolled source's action differs from the column rule's action ON THE ROW SOURCE'S STATES
  states        A0      A2      A9     A12      B1      B2    HOLD      TR
  A0        0.0000  0.1228  0.4688  0.5468  0.4516  0.5234  0.6975  0.7460
  A2        0.1245  0.0000  0.3633  0.4413  0.4541  0.5465  0.5737  0.6370
  A9        0.4612  0.3497  0.0000  0.0919  0.5669  0.6879  0.2522  0.3604
  A12       0.5270  0.4269  0.0945  0.0000  0.5893  0.7209  0.1856  0.3369
  B1        0.6152  0.5880  0.5075  0.4408  0.0000  0.0529  0.3443  0.7759
  B2        0.6393  0.6272  0.5701  0.5053  0.0519  0.0000  0.4027  0.8354
  TR        0.7854  0.7065  0.4498  0.3860  0.7280  0.8326  0.3474  0.0000

  same, restricted to CONTESTED decisions (incumbent legal and not the max-gain option)
  states    n_con      A0      A2      A9     A12      B1      B2    HOLD      TR
  A0        16741  0.0000  0.1761  0.6721  0.7839  0.6456  0.6456  1.0000  0.9300
  A2        16757  0.1783  0.0000  0.5203  0.6320  0.6490  0.6771  0.8217  0.7735
  A9        17123  0.6465  0.4901  0.0000  0.1288  0.7851  0.8506  0.3535  0.3605
  A12       17103  0.7396  0.5990  0.1326  0.0000  0.8051  0.8851  0.2604  0.3161
  B1        16102  0.8429  0.8023  0.6823  0.5828  0.0000  0.0409  0.4390  0.8556
  B2        16437  0.8340  0.8163  0.7330  0.6383  0.0380  0.0000  0.4885  0.8982
  TR        17788  0.9117  0.8052  0.4589  0.3728  0.8298  0.9084  0.3208  0.0000

  catfish-level D (mean over member pairs, both directions)
  D(C1,C1) mean=0.1237 min=0.1228 max=0.1245  (n=4 directed member pairs)
  D(C1,C2) mean=0.4481 min=0.3497 max=0.5468  (n=8 directed member pairs)
  D(C1,C3) mean=0.5557 min=0.4516 max=0.6393  (n=8 directed member pairs)
  D(C1,L) mean=0.7187 min=0.6370 max=0.7854  (n=4 directed member pairs)
  D(C2,C2) mean=0.0932 min=0.0919 max=0.0945  (n=4 directed member pairs)
  D(C2,C3) mean=0.5736 min=0.4408 max=0.7209  (n=8 directed member pairs)
  D(C2,L) mean=0.3833 min=0.3369 max=0.4498  (n=4 directed member pairs)
  D(C3,C3) mean=0.0524 min=0.0519 max=0.0529  (n=4 directed member pairs)
  D(C3,L) mean=0.7930 min=0.7280 max=0.8354  (n=4 directed member pairs)

  gain-gap band of each source's decisions: g = gain_dB(best legal) - gain_dB(incumbent)
  states   inc gone/illegal  g=0 (inc best)   0<g<=2   2<g<=9  9<g<=12     g>12
  A0                 0.1144          0.1880   0.1228   0.3460   0.0780   0.1507
  A2                 0.1123          0.1895   0.1245   0.3633   0.0780   0.1324
  A9                 0.1231          0.1634   0.1116   0.3497   0.0919   0.1603
  A12                0.1402          0.1472   0.1002   0.3324   0.0945   0.1856
  B1                 0.2305          0.0986   0.0909   0.3125   0.1116   0.1560
  B2                 0.2244          0.0907   0.0912   0.3195   0.1127   0.1615
  TR                 0.1319          0.1269   0.0922   0.3183   0.0958   0.2348

# SCREEN 3: state visitation overlap, FEASFRONT JSRL measure. Query = X's 2400 encoded observations at step index t; pool = Y's 2400 at the same t (same episodes); z-scored on Y's own per-dim mean/sd over all its 24,000 rows (constant dims sd=1). R = mean 1-NN(query->pool) / mean leave-one-out 1-NN within pool; out95 = frac of query 1-NN > pool LOO 95th pct.  Averages over t = 1..9; t = 0 is the reset state.
  X->Y         R t=0  R(1..9)   out95 | share of sq 1-NN dist:  access    snr  theta  loads | block-only R:    snr  theta  loads | paired-identical rows:  access    snr  theta  loads
  A0->A2      0.9603   1.1654  0.0934 |                         0.018  0.369  0.211  0.402 |                1.093  1.256  4.216 |                          0.330  0.017  0.072  0.028
  A0->A9      1.0061   1.3232  0.2300 |                         0.018  0.346  0.209  0.427 |                1.188  1.358  4.728 |                          0.302  0.005  0.026  0.007
  A0->A12     0.9885   1.3687  0.3063 |                         0.021  0.334  0.200  0.445 |                1.202  1.310  4.943 |                          0.298  0.005  0.025  0.007
  A0->B1      0.9956   1.4225  0.2884 |                         0.049  0.400  0.220  0.331 |                1.246  1.340 11.305 |                          0.169  0.005  0.029  0.006
  A0->B2      1.0028   1.4039  0.2760 |                         0.050  0.400  0.216  0.334 |                1.243  1.332 12.370 |                          0.167  0.005  0.030  0.007
  A0->TR      0.9118   1.7166  0.4747 |                         0.082  0.303  0.194  0.421 |                1.248  1.280  5.621 |                          0.255  0.000  0.064  0.002
  A2->A0      0.9402   1.1462  0.0791 |                         0.018  0.368  0.204  0.409 |                1.082  1.227  4.370 |                          0.330  0.017  0.072  0.028
  A2->A9      0.9802   1.3096  0.2013 |                         0.019  0.344  0.208  0.428 |                1.179  1.350  4.745 |                          0.322  0.005  0.027  0.006
  A2->A12     0.9756   1.3535  0.2737 |                         0.022  0.331  0.198  0.449 |                1.193  1.296  5.020 |                          0.319  0.005  0.026  0.007
  A2->B1      0.9713   1.4110  0.2812 |                         0.050  0.399  0.218  0.333 |                1.238  1.300 11.492 |                          0.173  0.005  0.029  0.006
  A2->B2      0.9860   1.3962  0.2709 |                         0.050  0.401  0.212  0.337 |                1.236  1.304 12.509 |                          0.169  0.005  0.030  0.006
  A2->TR      0.9505   1.6756  0.4592 |                         0.079  0.301  0.191  0.428 |                1.240  1.279  5.739 |                          0.268  0.000  0.046  0.003
  A9->A0      0.9771   1.1603  0.0538 |                         0.024  0.370  0.211  0.395 |                1.113  1.246  4.249 |                          0.302  0.005  0.026  0.007
  A9->A2      0.9753   1.1673  0.0545 |                         0.024  0.368  0.216  0.393 |                1.112  1.266  4.124 |                          0.322  0.005  0.027  0.006
  A9->A12     0.9282   1.2044  0.1317 |                         0.023  0.337  0.197  0.443 |                1.094  1.191  4.133 |                          0.387  0.009  0.071  0.022
  A9->B1      0.9767   1.3524  0.2314 |                         0.048  0.402  0.219  0.331 |                1.204  1.279 10.752 |                          0.195  0.005  0.027  0.006
  A9->B2      0.9880   1.3404  0.2306 |                         0.049  0.406  0.209  0.335 |                1.205  1.273 11.648 |                          0.185  0.005  0.027  0.006
  A9->TR      0.9395   1.4807  0.3466 |                         0.067  0.312  0.199  0.422 |                1.192  1.243  4.778 |                          0.306  0.000  0.045  0.003
  A12->A0     0.9848   1.1613  0.0510 |                         0.031  0.377  0.214  0.378 |                1.133  1.279  4.081 |                          0.298  0.005  0.025  0.007
  A12->A2     0.9973   1.1675  0.0480 |                         0.030  0.371  0.218  0.381 |                1.130  1.294  3.967 |                          0.319  0.005  0.026  0.007
  A12->A9     0.9530   1.1700  0.0780 |                         0.024  0.354  0.210  0.412 |                1.101  1.272  3.836 |                          0.387  0.009  0.071  0.022
  A12->B1     0.9857   1.3258  0.2030 |                         0.047  0.412  0.223  0.318 |                1.207  1.318 10.061 |                          0.204  0.005  0.026  0.006
  A12->B2     1.0002   1.3130  0.2043 |                         0.048  0.416  0.217  0.319 |                1.206  1.312 10.822 |                          0.192  0.005  0.026  0.006
  A12->TR     0.9518   1.4614  0.3309 |                         0.066  0.316  0.205  0.413 |                1.195  1.283  4.438 |                          0.301  0.000  0.043  0.004
  B1->A0      0.9889   1.4358  0.3505 |                         0.075  0.341  0.199  0.385 |                1.219  1.284  5.550 |                          0.169  0.005  0.029  0.006
  B1->A2      0.9830   1.4355  0.3481 |                         0.057  0.348  0.204  0.391 |                1.225  1.277  5.423 |                          0.173  0.005  0.029  0.006
  B1->A9      0.9939   1.5729  0.4715 |                         0.028  0.336  0.203  0.432 |                1.266  1.330  6.373 |                          0.195  0.005  0.027  0.006
  B1->A12     0.9847   1.6224  0.5087 |                         0.025  0.325  0.196  0.454 |                1.261  1.288  7.184 |                          0.204  0.005  0.026  0.006
  B1->B2      0.8732   1.0669  0.0780 |                         0.008  0.453  0.258  0.281 |                1.011  1.156  4.647 |                          0.302  0.019  0.141  0.063
  B1->TR      0.9919   2.1937  0.6574 |                         0.113  0.272  0.178  0.437 |                1.306  1.318  8.752 |                          0.151  0.000  0.022  0.001
  B2->A0      0.9658   1.4419  0.3553 |                         0.076  0.340  0.196  0.388 |                1.224  1.253  5.509 |                          0.167  0.005  0.030  0.007
  B2->A2      0.9639   1.4411  0.3555 |                         0.057  0.349  0.201  0.393 |                1.226  1.254  5.382 |                          0.169  0.005  0.030  0.006
  B2->A9      0.9757   1.5873  0.4845 |                         0.028  0.339  0.200  0.433 |                1.275  1.317  6.332 |                          0.185  0.005  0.027  0.006
  B2->A12     0.9635   1.6356  0.5237 |                         0.025  0.327  0.195  0.453 |                1.265  1.267  7.127 |                          0.192  0.005  0.026  0.006
  B2->B1      0.8427   1.0977  0.0869 |                         0.008  0.452  0.259  0.280 |                1.021  1.139  4.516 |                          0.302  0.019  0.141  0.063
  B2->TR      0.9862   2.2521  0.6659 |                         0.122  0.270  0.174  0.433 |                1.314  1.304  8.678 |                          0.147  0.000  0.022  0.001
  TR->A0      0.9063   1.2388  0.1857 |                         0.023  0.373  0.217  0.387 |                1.163  1.240  4.376 |                          0.255  0.000  0.064  0.002
  TR->A2      0.9536   1.2531  0.1934 |                         0.022  0.371  0.222  0.385 |                1.164  1.270  4.246 |                          0.268  0.000  0.046  0.003
  TR->A9      0.9464   1.3227  0.2670 |                         0.018  0.355  0.218  0.409 |                1.192  1.313  4.257 |                          0.306  0.000  0.045  0.003
  TR->A12     0.9393   1.3855  0.3109 |                         0.031  0.336  0.210  0.422 |                1.192  1.272  4.283 |                          0.301  0.000  0.043  0.004
  TR->B1      0.9875   1.4920  0.3140 |                         0.074  0.392  0.214  0.320 |                1.232  1.338 11.127 |                          0.151  0.000  0.022  0.001
  TR->B2      1.0110   1.4602  0.2990 |                         0.063  0.398  0.211  0.328 |                1.234  1.339 12.335 |                          0.147  0.000  0.022  0.001

  per-t R(X->Y) for the C1/C2 cross pairs and within-catfish references
  A0->A2      1.078  1.191  1.334  1.020  1.066  1.248  1.382  1.041  1.128
  A2->A0      1.079  1.202  1.277  1.019  1.070  1.213  1.324  1.026  1.106
  A9->A12     1.131  1.246  1.426  1.016  1.143  1.255  1.399  1.051  1.173
  A12->A9     1.130  1.252  1.368  0.964  1.109  1.227  1.363  0.995  1.124
  A2->A9      1.186  1.410  1.532  1.168  1.171  1.393  1.567  1.197  1.162
  A9->A2      1.123  1.207  1.343  0.975  1.148  1.201  1.338  0.998  1.173
  A0->A12     1.184  1.426  1.634  1.261  1.224  1.444  1.653  1.264  1.229
  A12->A0     1.130  1.229  1.310  0.975  1.175  1.173  1.307  0.984  1.168
  B1->B2      0.913  1.076  1.209  0.944  0.990  1.115  1.306  0.982  1.067
  B2->B1      0.913  1.138  1.254  0.942  0.963  1.167  1.463  1.008  1.033
  A2->B1      1.048  1.178  1.252  1.044  2.044  1.680  1.460  1.049  1.943
  B1->A2      1.128  1.327  1.585  1.165  1.496  1.498  1.887  1.248  1.585

# SCREEN 4: margin scale of the trained checkpoint (scalarized Q = 0.5*Q1 + 0.3*Q2 + 0.2*Q3, as select_actions uses), on each source's states. sd = population sd over the LEGAL actions of one state (states with >= 2 legal).
  states       n    sdQ med    sdQ p10    sdQ p90   agree     mE med mE/sd med | fires DQfD margin l=c*sd:    c=0   0.25    0.5      1 | per-head argmax agree:     Q1     Q2     Q3 | head sd med:        Q1       Q2       Q3
  A0       24000     0.1562      0.122     0.2057  0.2540    -0.1086    -0.754 |                           0.746  0.792  0.835  0.895 |                        0.216  0.211  0.025 |                0.2636   0.2884   0.1047   (recompute max|dQ|=1.67e-07)
  A2       24000     0.1552     0.1219     0.2058  0.3630   -0.06556    -0.466 |                           0.637  0.691  0.743  0.843 |                        0.218  0.335  0.035 |                0.2632   0.2881   0.1051   (recompute max|dQ|=1.67e-07)
  A9       24000     0.1551     0.1243     0.2056  0.6396    0.06875     0.455 |                           0.360  0.431  0.517  0.706 |                        0.225  0.647  0.080 |                0.2629   0.2756   0.1018   (recompute max|dQ|=1.79e-07)
  A12      24000     0.1555     0.1248     0.2058  0.6631    0.07739     0.503 |                           0.337  0.413  0.499  0.690 |                        0.222  0.698  0.092 |                0.2635     0.27  0.09986   (recompute max|dQ|=1.79e-07)
  B1       24000     0.1438     0.1136     0.1866  0.2241    -0.1131    -0.834 |                           0.776  0.838  0.886  0.944 |                        0.084  0.497  0.027 |                0.2586   0.2362   0.1013   (recompute max|dQ|=1.67e-07)
  B2       24000     0.1441     0.1138     0.1867  0.1646    -0.1431    -1.060 |                           0.835  0.891  0.933  0.975 |                        0.072  0.437  0.020 |                0.2579   0.2377   0.1007   (recompute max|dQ|=1.67e-07)
  TR       24000      0.155     0.1268     0.1986  1.0000    0.08137     0.534 |                           0.000  0.259  0.474  0.759 |                        0.363  0.627  0.069 |                0.2619   0.2695   0.1057   (recompute max|dQ|=1.67e-07)
