Traceback (most recent call last):
  File "/home/sat/mcrl-zero-energy-c3-v012-20260903-r1/.scratch/zero-energy-c3-v012/run_v012_zero_energy_c3_oracle.py", line 105, in _canonical_bytes
    return json.dumps(
           ~~~~~~~~~~^
        value,
        ^^^^^^
    ...<3 lines>...
        allow_nan=False,
        ^^^^^^^^^^^^^^^^
    ).encode("ascii")
    ^
  File "/usr/lib/python3.13/json/__init__.py", line 238, in dumps
    **kw).encode(obj)
          ~~~~~~^^^^^
  File "/usr/lib/python3.13/json/encoder.py", line 200, in encode
    chunks = self.iterencode(o, _one_shot=True)
  File "/usr/lib/python3.13/json/encoder.py", line 261, in iterencode
    return _iterencode(o, 0)
  File "/usr/lib/python3.13/json/encoder.py", line 180, in default
    raise TypeError(f'Object of type {o.__class__.__name__} '
                    f'is not JSON serializable')
TypeError: Object of type bool is not JSON serializable

The above exception was the direct cause of the following exception:

Traceback (most recent call last):
  File "/home/sat/mcrl-zero-energy-c3-v012-20260903-r1/.scratch/zero-energy-c3-v012/run_v012_zero_energy_c3_oracle.py", line 1398, in <module>
    main()
    ~~~~^^
  File "/home/sat/mcrl-zero-energy-c3-v012-20260903-r1/.scratch/zero-energy-c3-v012/run_v012_zero_energy_c3_oracle.py", line 1378, in main
    run_shard(
    ~~~~~~~~~^
        world_seed=args.world,
        ^^^^^^^^^^^^^^^^^^^^^^
    ...<5 lines>...
        v03_root=args.v03_root,
        ^^^^^^^^^^^^^^^^^^^^^^^
    )
    ^
  File "/home/sat/mcrl-zero-energy-c3-v012-20260903-r1/.scratch/zero-energy-c3-v012/run_v012_zero_energy_c3_oracle.py", line 879, in run_shard
    payload["row_sha256"] = canonical_sha256(row)
                            ~~~~~~~~~~~~~~~~^^^^^
  File "/home/sat/mcrl-zero-energy-c3-v012-20260903-r1/.scratch/zero-energy-c3-v012/run_v012_zero_energy_c3_oracle.py", line 117, in canonical_sha256
    return hashlib.sha256(_canonical_bytes(value)).hexdigest()
                          ~~~~~~~~~~~~~~~~^^^^^^^
  File "/home/sat/mcrl-zero-energy-c3-v012-20260903-r1/.scratch/zero-energy-c3-v012/run_v012_zero_energy_c3_oracle.py", line 113, in _canonical_bytes
    raise V012OracleError("payload is not finite canonical JSON") from error
V012OracleError: payload is not finite canonical JSON
