[nominal eta0 evaluation ep0] EE 9.245420e+07 served 1.00000 wall 9s evals 300
[nominal eta0 evaluation ep1] EE 9.475934e+07 served 1.00000 wall 12s evals 300
[nominal eta0 evaluation ep2] EE 9.980599e+07 served 1.00000 wall 10s evals 300
[nominal eta0 evaluation ep3] EE 9.144052e+07 served 1.00000 wall 12s evals 300
[nominal eta0 evaluation ep4] EE 7.759703e+07 served 1.00000 wall 8s evals 300
[nominal eta0 evaluation ep5] EE 1.008615e+08 served 1.00000 wall 10s evals 286
[nominal eta0 evaluation ep6] EE 1.049814e+08 served 1.00000 wall 9s evals 293
[nominal eta0 evaluation ep7] EE 9.601142e+07 served 1.00000 wall 12s evals 300
[nominal eta0 evaluation ep8] EE 1.097577e+08 served 1.00000 wall 11s evals 300
[nominal eta0 evaluation ep9] EE 1.038133e+08 served 1.00000 wall 10s evals 286
[nominal eta0 evaluation ep10] EE 9.315336e+07 served 1.00000 wall 10s evals 300
[nominal eta0 evaluation ep11] EE 9.931477e+07 served 1.00000 wall 12s evals 286
[nominal eta0 evaluation ep12] EE 1.027141e+08 served 1.00000 wall 11s evals 286
[nominal eta0 evaluation ep13] EE 9.611138e+07 served 1.00000 wall 10s evals 300
[nominal eta0 evaluation ep14] EE 9.515164e+07 served 1.00000 wall 11s evals 300
[nominal eta0 evaluation ep15] EE 9.695649e+07 served 1.00000 wall 14s evals 300
[nominal eta0 evaluation ep16] EE 9.582977e+07 served 1.00000 wall 9s evals 286
[nominal eta0 evaluation ep17] EE 9.534982e+07 served 1.00000 wall 9s evals 300
[nominal eta0 evaluation ep18] EE 9.997604e+07 served 1.00000 wall 12s evals 286
[nominal eta0 evaluation ep19] EE 1.063990e+08 served 1.00000 wall 10s evals 300
[nominal eta0 evaluation ep20] EE 9.906268e+07 served 1.00000 wall 10s evals 300
[nominal eta0 evaluation ep21] EE 1.103493e+08 served 1.00000 wall 13s evals 293
[nominal eta0 evaluation ep22] EE 1.104157e+08 served 1.00000 wall 10s evals 300
[nominal eta0 evaluation ep23] EE 1.038804e+08 served 1.00000 wall 10s evals 293
[nominal eta0 calibration ep0] EE 1.027089e+08 served 1.00000 wall 13s evals 300
[nominal eta0 calibration ep1] EE 1.097897e+08 served 1.00000 wall 10s evals 293
[nominal eta0 calibration ep2] EE 9.982461e+07 served 1.00000 wall 11s evals 286
[nominal eta0 calibration ep3] EE 1.061805e+08 served 1.00000 wall 14s evals 300
[nominal eta0 calibration ep4] EE 1.008640e+08 served 1.00000 wall 10s evals 293
[nominal eta0 calibration ep5] EE 1.014723e+08 served 1.00000 wall 11s evals 286
[nominal eta0 calibration ep6] EE 1.013511e+08 served 1.00000 wall 12s evals 300
[nominal eta0 calibration ep7] EE 1.151736e+08 served 1.00000 wall 9s evals 300
[nominal eta0 calibration ep8] EE 9.616696e+07 served 1.00000 wall 9s evals 300
[nominal eta0 calibration ep9] EE 9.953982e+07 served 1.00000 wall 12s evals 286
[nominal eta0 calibration ep10] EE 1.128874e+08 served 1.00000 wall 9s evals 293
[nominal eta0 calibration ep11] EE 1.059416e+08 served 1.00000 wall 9s evals 300
[nominal eta0 calibration ep12] EE 1.017072e+08 served 1.00000 wall 12s evals 286
[nominal eta0 calibration ep13] EE 1.109921e+08 served 1.00000 wall 9s evals 300
[nominal eta0 calibration ep14] EE 1.020857e+08 served 1.00000 wall 11s evals 300
[nominal eta0 calibration ep15] EE 9.276342e+07 served 1.00000 wall 12s evals 300
[nominal eta0 calibration ep16] EE 1.105834e+08 served 1.00000 wall 12s evals 293
[nominal eta0 calibration ep17] EE 9.667743e+07 served 1.00000 wall 10s evals 286
[nominal eta0 calibration ep18] EE 1.126381e+08 served 1.00000 wall 14s evals 293
[nominal eta0 calibration ep19] EE 1.000124e+08 served 1.00000 wall 9s evals 293
[nominal eta0 calibration ep20] EE 1.051263e+08 served 1.00000 wall 12s evals 300
[nominal eta0 calibration ep21] EE 1.103138e+08 served 1.00000 wall 14s evals 300
[nominal eta0 calibration ep22] EE 9.982595e+07 served 1.00000 wall 12s evals 293
[nominal eta0 calibration ep23] EE 1.017915e+08 served 1.00000 wall 14s evals 286
[nominal 1e8 evaluation ep0] EE 9.243254e+07 served 1.00000 wall 13s evals 300
[nominal 1e8 evaluation ep1] EE 9.598588e+07 served 1.00000 wall 10s evals 300
[nominal 1e8 evaluation ep2] EE 1.004197e+08 served 1.00000 wall 10s evals 300
[nominal 1e8 evaluation ep3] EE 9.310611e+07 served 1.00000 wall 13s evals 300
[nominal 1e8 evaluation ep4] EE 7.777811e+07 served 1.00000 wall 8s evals 300
[nominal 1e8 evaluation ep5] EE 1.003402e+08 served 1.00000 wall 12s evals 286
[nominal 1e8 evaluation ep6] EE 1.059910e+08 served 1.00000 wall 13s evals 293
[nominal 1e8 evaluation ep7] EE 9.599494e+07 served 1.00000 wall 10s evals 300
[nominal 1e8 evaluation ep8] EE 1.096707e+08 served 1.00000 wall 9s evals 300
[nominal 1e8 evaluation ep9] EE 1.037162e+08 served 1.00000 wall 12s evals 286
[nominal 1e8 evaluation ep10] EE 9.405273e+07 served 1.00000 wall 10s evals 300
[nominal 1e8 evaluation ep11] EE 9.975632e+07 served 1.00000 wall 10s evals 286
[nominal 1e8 evaluation ep12] EE 1.028370e+08 served 1.00000 wall 12s evals 286
[nominal 1e8 evaluation ep13] EE 9.635422e+07 served 1.00000 wall 9s evals 300
[nominal 1e8 evaluation ep14] EE 9.530125e+07 served 1.00000 wall 9s evals 300
[nominal 1e8 evaluation ep15] EE 9.743699e+07 served 1.00000 wall 12s evals 300
[nominal 1e8 evaluation ep16] EE 9.551712e+07 served 1.00000 wall 9s evals 286
[nominal 1e8 evaluation ep17] EE 9.550112e+07 served 1.00000 wall 9s evals 300
[nominal 1e8 evaluation ep18] EE 1.027647e+08 served 1.00000 wall 13s evals 286
[nominal 1e8 evaluation ep19] EE 1.046131e+08 served 1.00000 wall 10s evals 300
[nominal 1e8 evaluation ep20] EE 1.005509e+08 served 1.00000 wall 9s evals 300
[nominal 1e8 evaluation ep21] EE 1.113214e+08 served 1.00000 wall 13s evals 293
[nominal 1e8 evaluation ep22] EE 1.101450e+08 served 1.00000 wall 9s evals 300
[nominal 1e8 evaluation ep23] EE 1.036378e+08 served 1.00000 wall 10s evals 293
[nominal 1e8 calibration ep0] EE 1.027727e+08 served 1.00000 wall 10s evals 300
[nominal 1e8 calibration ep1] EE 1.091253e+08 served 1.00000 wall 13s evals 293
[nominal 1e8 calibration ep2] EE 9.942261e+07 served 1.00000 wall 9s evals 286
[nominal 1e8 calibration ep3] EE 1.055030e+08 served 1.00000 wall 9s evals 293
[nominal 1e8 calibration ep4] EE 1.005940e+08 served 1.00000 wall 12s evals 293
[nominal 1e8 calibration ep5] EE 1.020284e+08 served 1.00000 wall 9s evals 286
[nominal 1e8 calibration ep6] EE 1.030167e+08 served 1.00000 wall 10s evals 300
[nominal 1e8 calibration ep7] EE 1.166653e+08 served 1.00000 wall 12s evals 300
[nominal 1e8 calibration ep8] EE 9.436596e+07 served 1.00000 wall 9s evals 300
[nominal 1e8 calibration ep9] EE 9.976705e+07 served 1.00000 wall 9s evals 286
[nominal 1e8 calibration ep10] EE 1.124950e+08 served 1.00000 wall 12s evals 293
[nominal 1e8 calibration ep11] EE 1.061271e+08 served 1.00000 wall 9s evals 300
[nominal 1e8 calibration ep12] EE 1.019235e+08 served 1.00000 wall 10s evals 286
[nominal 1e8 calibration ep13] EE 1.103892e+08 served 1.00000 wall 11s evals 300
[nominal 1e8 calibration ep14] EE 9.819916e+07 served 1.00000 wall 9s evals 300
[nominal 1e8 calibration ep15] EE 9.364836e+07 served 1.00000 wall 10s evals 300
[nominal 1e8 calibration ep16] EE 1.127597e+08 served 1.00000 wall 13s evals 293
[nominal 1e8 calibration ep17] EE 9.549813e+07 served 1.00000 wall 9s evals 286
[nominal 1e8 calibration ep18] EE 1.133393e+08 served 1.00000 wall 10s evals 293
[nominal 1e8 calibration ep19] EE 1.001946e+08 served 1.00000 wall 9s evals 293
[nominal 1e8 calibration ep20] EE 1.068323e+08 served 1.00000 wall 13s evals 300
[nominal 1e8 calibration ep21] EE 1.096110e+08 served 1.00000 wall 10s evals 300
[nominal 1e8 calibration ep22] EE 9.915239e+07 served 1.00000 wall 10s evals 293
[nominal 1e8 calibration ep23] EE 1.018964e+08 served 1.00000 wall 9s evals 286
[evaluator 1e8 evaluation ep0] EE 1.258026e+08 served 1.00000 wall 539s evals 25382
[evaluator 1e8 evaluation ep1] EE 1.316571e+08 served 1.00000 wall 531s evals 25620
[evaluator 1e8 evaluation ep2] EE 1.355559e+08 served 1.00000 wall 539s evals 25732
[evaluator 1e8 evaluation ep3] EE 1.233051e+08 served 1.00000 wall 533s evals 25277
[evaluator 1e8 evaluation ep4] EE 1.145868e+08 served 1.00000 wall 550s evals 24913
[evaluator 1e8 evaluation ep5] EE 1.347162e+08 served 1.00000 wall 602s evals 25368
lane A done 2026-09-12T03:55:10+08:00
