decision=REVISE_NOMINAL_Q3 exact=+0.985325% nominal=+0.424092%
{
  "arms": [
    "BASE",
    "EXACT_ZR",
    "NOMINAL_ZR"
  ],
  "claim_ceiling": "TRAIN_MATCHED_GATE_NO_Q3_LEARNER_NO_TEST_NO_EFFICACY",
  "contract_sha256": "8587537e0c4790b383b62680748b21ecffb89550849814e50043d035cd918759",
  "contrasts": {
    "EXACT_ZR": {
      "arm": "EXACT_ZR",
      "base": {
        "action_exposure": 0,
        "ratio_of_sums_ee_bits_per_j": 114906262.88855743,
        "row_count": 12,
        "served_fraction": 1.0,
        "served_opportunities": 12000,
        "served_user_steps": 12000,
        "total_bits": 114265248094626.95,
        "total_energy_j": 994421.411176237
      },
      "by_lineage_relative_delta_ee": {
        "2026092101": 0.011297879548626044,
        "2026092102": 0.00844687482676787,
        "2026092103": 0.009861597379006604
      },
      "by_world_relative_delta_ee": {
        "2026121501": 0.0017713907712859633,
        "2026121502": 0.011645334248600703,
        "2026121503": 0.00679907249707834,
        "2026121504": 0.01992294521028426
      },
      "passed": true,
      "positive_lineage_count": 3,
      "positive_world_count": 4,
      "relative_delta_ee": 0.009853245703788982,
      "service_noninferior": true,
      "treatment": {
        "action_exposure": 1731,
        "ratio_of_sums_ee_bits_per_j": 116038462.52970256,
        "row_count": 12,
        "served_fraction": 1.0,
        "served_opportunities": 12000,
        "served_user_steps": 12000,
        "total_bits": 108185729980159.44,
        "total_energy_j": 932326.4684971757
      }
    },
    "NOMINAL_ZR": {
      "arm": "NOMINAL_ZR",
      "base": {
        "action_exposure": 0,
        "ratio_of_sums_ee_bits_per_j": 114906262.88855743,
        "row_count": 12,
        "served_fraction": 1.0,
        "served_opportunities": 12000,
        "served_user_steps": 12000,
        "total_bits": 114265248094626.95,
        "total_energy_j": 994421.411176237
      },
      "by_lineage_relative_delta_ee": {
        "2026092101": 0.006291357509126794,
        "2026092102": 0.007536703201129091,
        "2026092103": -0.0010299277321720313
      },
      "by_world_relative_delta_ee": {
        "2026121501": -0.007078326631780318,
        "2026121502": 0.005769135605049547,
        "2026121503": 0.004392711007674022,
        "2026121504": 0.014467578520480417
      },
      "passed": false,
      "positive_lineage_count": 2,
      "positive_world_count": 3,
      "relative_delta_ee": 0.004240918661298387,
      "service_noninferior": true,
      "treatment": {
        "action_exposure": 1725,
        "ratio_of_sums_ee_bits_per_j": 115393571.00314158,
        "row_count": 12,
        "served_fraction": 1.0,
        "served_opportunities": 12000,
        "served_user_steps": 12000,
        "total_bits": 107938027386259.0,
        "total_energy_j": 935390.3033585848
      }
    }
  },
  "decision": "REVISE_NOMINAL_Q3",
  "episode_training": false,
  "field_component": "MCRL_V020_REPRICED_C3_GATE_V1",
  "fit_merged_file_sha256": "4657a1f758fa83c92deb631231431abf6bae586c050abfffc9f7e06963d9029a",
  "learner_update": false,
  "lineages": [
    2026092101,
    2026092102,
    2026092103
  ],
  "mechanics_passed": true,
  "pooled_by_arm": {
    "BASE": {
      "action_exposure": 0,
      "ratio_of_sums_ee_bits_per_j": 114906262.88855743,
      "row_count": 12,
      "served_fraction": 1.0,
      "served_opportunities": 12000,
      "served_user_steps": 12000,
      "total_bits": 114265248094626.95,
      "total_energy_j": 994421.411176237
    },
    "EXACT_ZR": {
      "action_exposure": 1731,
      "ratio_of_sums_ee_bits_per_j": 116038462.52970256,
      "row_count": 12,
      "served_fraction": 1.0,
      "served_opportunities": 12000,
      "served_user_steps": 12000,
      "total_bits": 108185729980159.44,
      "total_energy_j": 932326.4684971757
    },
    "NOMINAL_ZR": {
      "action_exposure": 1725,
      "ratio_of_sums_ee_bits_per_j": 115393571.00314158,
      "row_count": 12,
      "served_fraction": 1.0,
      "served_opportunities": 12000,
      "served_user_steps": 12000,
      "total_bits": 107938027386259.0,
      "total_energy_j": 935390.3033585848
    }
  },
  "result_sha256": "25952a9d7497d490a4aa36f6ffb571a678129a7c02fc39872ec6a223645db1fa",
  "schema": "multi-catfish-mcrl-v020-repriced-c3-lambda-confound-gate-v1-result",
  "shard_receipts": [
    {
      "path": "/home/sat/mcrl-v020-repriced-c3-gate-20260904-r1/artifacts/multi-catfish-v020-repriced-c3-gate-20260904-r1/server-run/shards/2026121501-BASE-2026092101/shard.json",
      "sha256": "5f15dee8ca47545b0a6d435a8d02f77bd2a0d3555c5fea32a3de08b8c483098c"
    },
    {
      "path": "/home/sat/mcrl-v020-repriced-c3-gate-20260904-r1/artifacts/multi-catfish-v020-repriced-c3-gate-20260904-r1/server-run/shards/2026121501-BASE-2026092102/shard.json",
      "sha256": "70ce0f5236febaf88f54809c531c82121cc6c21c6fb5f7a5d55e1fcc733d9e50"
    },
    {
      "path": "/home/sat/mcrl-v020-repriced-c3-gate-20260904-r1/artifacts/multi-catfish-v020-repriced-c3-gate-20260904-r1/server-run/shards/2026121501-BASE-2026092103/shard.json",
      "sha256": "c0a1f2b5c843e962be2e21301c2fb77324f0c08985218db21e6229427bd4eb94"
    },
    {
      "path": "/home/sat/mcrl-v020-repriced-c3-gate-20260904-r1/artifacts/multi-catfish-v020-repriced-c3-gate-20260904-r1/server-run/shards/2026121501-EXACT_ZR-2026092101/shard.json",
      "sha256": "8fd1bc0353c44c8432c1e95b4894800d233f98c55b1986bd91af47369af1b6bb"
    },
    {
      "path": "/home/sat/mcrl-v020-repriced-c3-gate-20260904-r1/artifacts/multi-catfish-v020-repriced-c3-gate-20260904-r1/server-run/shards/2026121501-EXACT_ZR-2026092102/shard.json",
      "sha256": "2be1a87cc6c788f5bbc8258e3a63fb0353c77a29ac99a4bb3200e15b94e70005"
    },
    {
      "path": "/home/sat/mcrl-v020-repriced-c3-gate-20260904-r1/artifacts/multi-catfish-v020-repriced-c3-gate-20260904-r1/server-run/shards/2026121501-EXACT_ZR-2026092103/shard.json",
      "sha256": "d0b6a4b95dc47bfdc9d935bbbcefc132432e82c8eb1bfb2710d23ee368ac2fd0"
    },
    {
      "path": "/home/sat/mcrl-v020-repriced-c3-gate-20260904-r1/artifacts/multi-catfish-v020-repriced-c3-gate-20260904-r1/server-run/shards/2026121501-NOMINAL_ZR-2026092101/shard.json",
      "sha256": "f7ed6c0a882f596f9acda02d72ec05d88178576f88a31c0ec28fbb03e8f78628"
    },
    {
      "path": "/home/sat/mcrl-v020-repriced-c3-gate-20260904-r1/artifacts/multi-catfish-v020-repriced-c3-gate-20260904-r1/server-run/shards/2026121501-NOMINAL_ZR-2026092102/shard.json",
      "sha256": "8fd492b80d28ae408fca6a19a8ccf07d2c79844b2ff0ff126f20bffaf87725d1"
    },
    {
      "path": "/home/sat/mcrl-v020-repriced-c3-gate-20260904-r1/artifacts/multi-catfish-v020-repriced-c3-gate-20260904-r1/server-run/shards/2026121501-NOMINAL_ZR-2026092103/shard.json",
      "sha256": "0f01171e0f347f5f0c665dea23dd4bb2e92db7b4fdd278f3ede8fe7886e4893d"
    },
    {
      "path": "/home/sat/mcrl-v020-repriced-c3-gate-20260904-r1/artifacts/multi-catfish-v020-repriced-c3-gate-20260904-r1/server-run/shards/2026121502-BASE-2026092101/shard.json",
      "sha256": "29f9d2f9e33a1e187d23a349dcc2a2f79718cd485d19b8e65dff55680706013a"
    },
    {
      "path": "/home/sat/mcrl-v020-repriced-c3-gate-20260904-r1/artifacts/multi-catfish-v020-repriced-c3-gate-20260904-r1/server-run/shards/2026121502-BASE-2026092102/shard.json",
      "sha256": "2567e006ac4449f267c7f592b03f5bed1838c8d073b3d0425ea6e55ecbbe3b28"
    },
    {
      "path": "/home/sat/mcrl-v020-repriced-c3-gate-20260904-r1/artifacts/multi-catfish-v020-repriced-c3-gate-20260904-r1/server-run/shards/2026121502-BASE-2026092103/shard.json",
      "sha256": "dbd7f2b89ee99c8e61206c22a5090d675a904f6e77b6592c4844898f81e26faa"
    },
    {
      "path": "/home/sat/mcrl-v020-repriced-c3-gate-20260904-r1/artifacts/multi-catfish-v020-repriced-c3-gate-20260904-r1/server-run/shards/2026121502-EXACT_ZR-2026092101/shard.json",
      "sha256": "ed207a2f01196cd601c07649846232f95a6a03b18e4c9b6b35efd7145a07d4a0"
    },
    {
      "path": "/home/sat/mcrl-v020-repriced-c3-gate-20260904-r1/artifacts/multi-catfish-v020-repriced-c3-gate-20260904-r1/server-run/shards/2026121502-EXACT_ZR-2026092102/shard.json",
      "sha256": "c5979ac6e8fe5f43a43ab87f3b69c425c03957dfc03beb3d931e31ce9eeb5398"
    },
    {
      "path": "/home/sat/mcrl-v020-repriced-c3-gate-20260904-r1/artifacts/multi-catfish-v020-repriced-c3-gate-20260904-r1/server-run/shards/2026121502-EXACT_ZR-2026092103/shard.json",
      "sha256": "375681c8423b518beaef75c7dd6f048e89c39081038db697d0bec1314fd871d7"
    },
    {
      "path": "/home/sat/mcrl-v020-repriced-c3-gate-20260904-r1/artifacts/multi-catfish-v020-repriced-c3-gate-20260904-r1/server-run/shards/2026121502-NOMINAL_ZR-2026092101/shard.json",
      "sha256": "df72f0a4904331b50616b42364c571e13f1bf2d339e5f7e66531159abb0f8202"
    },
    {
      "path": "/home/sat/mcrl-v020-repriced-c3-gate-20260904-r1/artifacts/multi-catfish-v020-repriced-c3-gate-20260904-r1/server-run/shards/2026121502-NOMINAL_ZR-2026092102/shard.json",
      "sha256": "e1399b1e0f0fb0ea737d1e8ab7111e29f3965952315d9f78cb8f1fb2f15ce81a"
    },
    {
      "path": "/home/sat/mcrl-v020-repriced-c3-gate-20260904-r1/artifacts/multi-catfish-v020-repriced-c3-gate-20260904-r1/server-run/shards/2026121502-NOMINAL_ZR-2026092103/shard.json",
      "sha256": "9847f3095475d4c93b24d90bfc35297f6e3731d108870d6d2d11b8a7dcd3ef42"
    },
    {
      "path": "/home/sat/mcrl-v020-repriced-c3-gate-20260904-r1/artifacts/multi-catfish-v020-repriced-c3-gate-20260904-r1/server-run/shards/2026121503-BASE-2026092101/shard.json",
      "sha256": "973316d1835c509488f727dafd7eedc4e655efcc9c1c0ac8b12df69251fe4a21"
    },
    {
      "path": "/home/sat/mcrl-v020-repriced-c3-gate-20260904-r1/artifacts/multi-catfish-v020-repriced-c3-gate-20260904-r1/server-run/shards/2026121503-BASE-2026092102/shard.json",
      "sha256": "160b6d14f9e46a455aaa8347dc18ef0462f7bb2bf07308350b2f8781d12e3bff"
    },
    {
      "path": "/home/sat/mcrl-v020-repriced-c3-gate-20260904-r1/artifacts/multi-catfish-v020-repriced-c3-gate-20260904-r1/server-run/shards/2026121503-BASE-2026092103/shard.json",
      "sha256": "4b63525826d432b37635a04d37b99b3cf49e56cc38bf81a605cafeeef4361b69"
    },
    {
      "path": "/home/sat/mcrl-v020-repriced-c3-gate-20260904-r1/artifacts/multi-catfish-v020-repriced-c3-gate-20260904-r1/server-run/shards/2026121503-EXACT_ZR-2026092101/shard.json",
      "sha256": "5b11916340cee7138926facd1fa8f9cabc677ab112f48fb8cc34f2401e73e46c"
    },
    {
      "path": "/home/sat/mcrl-v020-repriced-c3-gate-20260904-r1/artifacts/multi-catfish-v020-repriced-c3-gate-20260904-r1/server-run/shards/2026121503-EXACT_ZR-2026092102/shard.json",
      "sha256": "fca3f7618522bbc7700d2cd89559bbcbbae64861bfbef6e2674a51226d04dbbf"
    },
    {
      "path": "/home/sat/mcrl-v020-repriced-c3-gate-20260904-r1/artifacts/multi-catfish-v020-repriced-c3-gate-20260904-r1/server-run/shards/2026121503-EXACT_ZR-2026092103/shard.json",
      "sha256": "bb103618ed2f6c477a170c7afee4e9b73c1e842bff764d53940a23b529ec9872"
    },
    {
      "path": "/home/sat/mcrl-v020-repriced-c3-gate-20260904-r1/artifacts/multi-catfish-v020-repriced-c3-gate-20260904-r1/server-run/shards/2026121503-NOMINAL_ZR-2026092101/shard.json",
      "sha256": "c09727f3e857e637b4eea0350b2d49b539a9abe649fb896ef6a23ed0536d211d"
    },
    {
      "path": "/home/sat/mcrl-v020-repriced-c3-gate-20260904-r1/artifacts/multi-catfish-v020-repriced-c3-gate-20260904-r1/server-run/shards/2026121503-NOMINAL_ZR-2026092102/shard.json",
      "sha256": "1534b0ef0cc01affdde9486c2bac10486dad62b775e55e9eaa5715cd962dd1fd"
    },
    {
      "path": "/home/sat/mcrl-v020-repriced-c3-gate-20260904-r1/artifacts/multi-catfish-v020-repriced-c3-gate-20260904-r1/server-run/shards/2026121503-NOMINAL_ZR-2026092103/shard.json",
      "sha256": "4e9291bd9abe318ac16f3c0cebd3d1c316e7f7b642066e079637a617eb93dc5d"
    },
    {
      "path": "/home/sat/mcrl-v020-repriced-c3-gate-20260904-r1/artifacts/multi-catfish-v020-repriced-c3-gate-20260904-r1/server-run/shards/2026121504-BASE-2026092101/shard.json",
      "sha256": "bb1a785babb4d42023e26261fa1142c98ed4356154f7f91d0c8cf80520e3ff42"
    },
    {
      "path": "/home/sat/mcrl-v020-repriced-c3-gate-20260904-r1/artifacts/multi-catfish-v020-repriced-c3-gate-20260904-r1/server-run/shards/2026121504-BASE-2026092102/shard.json",
      "sha256": "a5c0cc7a52b97cc449fd6301ed4ddece36c79e7bb5832eea0ef2f7776cd911ef"
    },
    {
      "path": "/home/sat/mcrl-v020-repriced-c3-gate-20260904-r1/artifacts/multi-catfish-v020-repriced-c3-gate-20260904-r1/server-run/shards/2026121504-BASE-2026092103/shard.json",
      "sha256": "b04e26b95e08a2020fa494d95120b7014247b95c2dd6853a814a74c915859c04"
    },
    {
      "path": "/home/sat/mcrl-v020-repriced-c3-gate-20260904-r1/artifacts/multi-catfish-v020-repriced-c3-gate-20260904-r1/server-run/shards/2026121504-EXACT_ZR-2026092101/shard.json",
      "sha256": "462460c8ba825e37b6ac68e5bd7418697afabf667ef99a38b716988a4f600a49"
    },
    {
      "path": "/home/sat/mcrl-v020-repriced-c3-gate-20260904-r1/artifacts/multi-catfish-v020-repriced-c3-gate-20260904-r1/server-run/shards/2026121504-EXACT_ZR-2026092102/shard.json",
      "sha256": "643ab56bc20fd66e2060edb705f455b0a1547f156cf3db64b40d2b34c9306896"
    },
    {
      "path": "/home/sat/mcrl-v020-repriced-c3-gate-20260904-r1/artifacts/multi-catfish-v020-repriced-c3-gate-20260904-r1/server-run/shards/2026121504-EXACT_ZR-2026092103/shard.json",
      "sha256": "2f099054dc49eed5507f0f413a44bfab34b168025112fa7dad57e0d9fd5a133a"
    },
    {
      "path": "/home/sat/mcrl-v020-repriced-c3-gate-20260904-r1/artifacts/multi-catfish-v020-repriced-c3-gate-20260904-r1/server-run/shards/2026121504-NOMINAL_ZR-2026092101/shard.json",
      "sha256": "641df654af08c315eb5df47b14dda79122ee197b734e23b5b35d9052e0808444"
    },
    {
      "path": "/home/sat/mcrl-v020-repriced-c3-gate-20260904-r1/artifacts/multi-catfish-v020-repriced-c3-gate-20260904-r1/server-run/shards/2026121504-NOMINAL_ZR-2026092102/shard.json",
      "sha256": "9ded1ff2f25a11ecd59a6d56c3b79065488eba7f7032b3e32bd20ebde0c87f56"
    },
    {
      "path": "/home/sat/mcrl-v020-repriced-c3-gate-20260904-r1/artifacts/multi-catfish-v020-repriced-c3-gate-20260904-r1/server-run/shards/2026121504-NOMINAL_ZR-2026092103/shard.json",
      "sha256": "b7bc50148376d6501ff639182a25b5ba3bbcb71c5a90d52338dcd0a6e21f3658"
    }
  ],
  "test_split_opened": false,
  "worlds": [
    2026121501,
    2026121502,
    2026121503,
    2026121504
  ]
}
