{
  "n_decisions": 24000,
  "marginal_H_a_teacher_bits": 3.6764480173029077,
  "marginal_H_miller_madow": 3.677259533263408,
  "support": 28,
  "uniform_over_legal_bits": 4.701295547762723,
  "H_a_teacher_given_a_ref_bits": 3.0678315017311784,
  "H_a_teacher_given_a_ref_miller_madow": 3.08736799707655,
  "teacher_eq_ref_frac": 0.45125,
  "variational_upper_bounds_test_ce_bits": {
    "BC": {
      "test_ce_bits": 2.9626813942984236,
      "test_top1": 0.3665,
      "test_n": 4000
    },
    "BC-noctx": {
      "test_ce_bits": 2.970569709869978,
      "test_top1": 0.365,
      "test_n": 4000
    },
    "SOFT-tau0.3": {
      "test_ce_bits": 3.1532031101804097,
      "test_top1": 0.38075,
      "test_n": 4000
    },
    "SOFT-tau0.3-noctx": {
      "test_ce_bits": 3.138895795956656,
      "test_top1": 0.38425,
      "test_n": 4000
    }
  },
  "ctx_block_bits_gained_test_ce": 0.00788831557155456,
  "fine_bins": {
    "n_bins": 24000,
    "share_in_shared_bin": 0.0
  },
  "coarse_bins_0p05": {
    "n_bins": 24000,
    "share_in_shared_bin": 0.0
  },
  "ambiguous_bins": 0,
  "note": "T_SEQ is not a function of the student's observation by construction (it is an argmax over counterfactual joint evaluations), so no exact decoder is expected and none is claimed; the entropy is bounded above, not pinned.",
  "tle_file_set_sha256": "427e6a91774b0ebf3d9b5a13dd783fdaa3f107666f9e9a6cb2a08d5c92b38fe9"
}
