{
  "host": {
    "path": "ckpt/E0-4-D3-T0-equal_share-k10-policy-ep00100.pt",
    "sha256": "fd7f01aafd8749995e3bc350d699b5848f64b29250928426ba3774302d6581bb",
    "episode": 99,
    "dev_settings": {
      "mechanism": "D3-T0",
      "teacher": "T0",
      "alpha": 1.0,
      "tau": 3.0,
      "tau_s": 1.0,
      "margin": 0.15,
      "lambda_e": 1.0,
      "null_key": null,
      "devval_env_base": 9211000,
      "devval_mobility_base": 9212000,
      "devval_episodes": 24
    },
    "judge_spec": null
  },
  "also": {
    "path": "ckpt/E0-10-MC2-v1-A+B-equal_share-k10-policy-ep00100.pt",
    "sha256": "2fd6bef34f01402e334633bb38bb8b5d7371316d8988aab03b6166cbad264aaa",
    "episode": 99,
    "dev_settings": {
      "mechanism": "MC2",
      "teacher": "judge",
      "alpha": 1.0,
      "tau": 3.0,
      "tau_s": 1.0,
      "margin": 0.15,
      "lambda_e": 1.0,
      "null_key": null,
      "devval_env_base": 9211000,
      "devval_mobility_base": 9212000,
      "devval_episodes": 24
    },
    "judge_spec": {
      "mechanism_id": "MC2-JGO-v1",
      "sources": [
        "A",
        "B"
      ],
      "source_a": "T0",
      "source_b": "T_NEXT",
      "judge_id": "MC2-KAPPA-LEX-v1",
      "judge_definition": "kappa_u(a) = (n_served, B - eta0*E) of StepEnvironment.evaluate_actions((a, x_-u), deepcopy(env_rng)) under cf_credit.frozen_driver_positions; B, E = cf_credit.evaluation_bits_joules (system totals of the step); strict lexicographic; ties -> incumbent; proposals restricted to {x_u, a^A, a^B}",
      "judge_eta0": 110507234.83444457,
      "null_id": null,
      "null_key": null
    }
  },
  "tle": "427e6a91774b0ebf3d9b5a13dd783fdaa3f107666f9e9a6cb2a08d5c92b38fe9",
  "episodes": 24,
  "steps_per_episode": 10,
  "judge_reconstructed": true,
  "judge_evaluations": 19139,
  "host_ee": 112709641.6237064,
  "host_bits": 315694044842374.25,
  "host_joules": 2800949.7705294257,
  "host_served": 0.9975416666666667,
  "host_stats": {
    "decision_rows": 24000,
    "rows_t_lt_T1": 21600,
    "agreement_with_A_all_t": 0.6731666666666667,
    "agreement_with_A_t_lt_T1": 0.6741203703703704,
    "agreement_with_B_t_lt_T1": 0.3016666666666667,
    "A_B_disagreement_rate": 0.6770833333333334,
    "on_disagreement_follows_A": 0.6281025641025642,
    "on_disagreement_follows_B": 0.07801709401709402,
    "on_disagreement_follows_neither": 0.2938803418803419,
    "on_agreement_follows_both": 0.7706093189964157,
    "judge_would_override_rows": 6823,
    "override_rows_follows_A": 0.6409204162391909,
    "override_rows_follows_B": 0.08691191557965704,
    "override_rows_follows_neither": 0.272167668181152,
    "gate_rejected_rows": 7802,
    "rejected_rows_follows_A": 0.6168931043322226,
    "rejected_rows_follows_B": 0.07023840041015124,
    "counts": {
      "rows": 24000,
      "agree_A": 16156,
      "rows_B": 21600,
      "agree_B": 6516,
      "agree_A_tB": 14561,
      "dis": 14625,
      "dis_A": 9186,
      "dis_B": 1141,
      "dis_neither": 4298,
      "same": 6975,
      "same_follow": 5375,
      "ovr": 6823,
      "ovr_A": 4373,
      "ovr_B": 593,
      "ovr_neither": 1857,
      "rej": 7802,
      "rej_A": 4813,
      "rej_B": 548,
      "rej_neither": 2441
    }
  },
  "also_stats": {
    "decision_rows": 24000,
    "rows_t_lt_T1": 21600,
    "agreement_with_A_all_t": 0.5881666666666666,
    "agreement_with_A_t_lt_T1": 0.5819907407407408,
    "agreement_with_B_t_lt_T1": 0.37939814814814815,
    "A_B_disagreement_rate": 0.6770833333333334,
    "on_disagreement_follows_A": 0.48943589743589744,
    "on_disagreement_follows_B": 0.1902222222222222,
    "on_disagreement_follows_neither": 0.3203418803418803,
    "on_agreement_follows_both": 0.7760573476702509,
    "judge_would_override_rows": 6823,
    "override_rows_follows_A": 0.5040304851238459,
    "override_rows_follows_B": 0.20167081928770336,
    "override_rows_follows_neither": 0.29429869558845084,
    "gate_rejected_rows": 7802,
    "rejected_rows_follows_A": 0.47667264803896436,
    "rejected_rows_follows_B": 0.18021020251217637,
    "counts": {
      "rows": 24000,
      "agree_A": 14116,
      "rows_B": 21600,
      "agree_B": 8195,
      "agree_A_tB": 12571,
      "dis": 14625,
      "dis_A": 7158,
      "dis_B": 2782,
      "dis_neither": 4685,
      "same": 6975,
      "same_follow": 5413,
      "ovr": 6823,
      "ovr_A": 3439,
      "ovr_B": 1376,
      "ovr_neither": 2008,
      "rej": 7802,
      "rej_A": 3719,
      "rej_B": 1406,
      "rej_neither": 2677
    }
  },
  "identity": {
    "devval_file": "ep100/E0-4-D3-T0-equal_share-k10/devval-ep00100.json",
    "ee_equals_devval": true,
    "ee_ep_equals_devval": true,
    "epochs_equal": true,
    "obs0_equal": true,
    "devval_config_hash": "37c20ed54cdb2ffdba0c464b2d28a99081eb0143f9c3bb030112f3a2ce763337",
    "devval_episode": 100
  }
}
