{
  "host": {
    "path": "ckpt/E0-10-MC2-v2-A+B-equal_share-k11-policy-ep00100.pt",
    "sha256": "6398f3ef3d4d2aeae3f51f36f9fa128f23535803b68565fd8d6bf0bc4a786510",
    "episode": 99,
    "dev_settings": {
      "mechanism": "MC2",
      "teacher": "judge",
      "alpha": 1.0,
      "tau": 3.0,
      "tau_s": 1.0,
      "margin": 0.15,
      "lambda_e": 1.0,
      "null_key": null,
      "devval_env_base": 9211000,
      "devval_mobility_base": 9212000,
      "devval_episodes": 24
    },
    "judge_spec": {
      "mechanism_id": "MC2-ARB-v2",
      "sources": [
        "A",
        "B"
      ],
      "source_a": "T0",
      "source_b": "T_NEXT",
      "judge_id": "MC2-KAPPA-LEX-v1",
      "judge_definition": "kappa_u(a) = (n_served, B - eta0*E) of StepEnvironment.evaluate_actions((a, x_-u), deepcopy(env_rng)) under cf_credit.frozen_driver_positions; B, E = cf_credit.evaluation_bits_joules (system totals of the step); strict lexicographic; ties -> incumbent; proposals restricted to {x_u, a^A, a^B}",
      "judge_eta0": 110507234.83444457,
      "null_id": null,
      "null_key": null
    }
  },
  "also": {
    "path": "ckpt/E0-4-D3-T0-equal_share-k11-policy-ep00100.pt",
    "sha256": "87f13e22c313b7c82fa1f011d96c0a99ed7a360099ee8e25aa6ac24184e14112",
    "episode": 99,
    "dev_settings": {
      "mechanism": "D3-T0",
      "teacher": "T0",
      "alpha": 1.0,
      "tau": 3.0,
      "tau_s": 1.0,
      "margin": 0.15,
      "lambda_e": 1.0,
      "null_key": null,
      "devval_env_base": 9211000,
      "devval_mobility_base": 9212000,
      "devval_episodes": 24
    },
    "judge_spec": null
  },
  "tle": "427e6a91774b0ebf3d9b5a13dd783fdaa3f107666f9e9a6cb2a08d5c92b38fe9",
  "episodes": 24,
  "steps_per_episode": 10,
  "judge_reconstructed": true,
  "judge_evaluations": 19550,
  "host_ee": 109228978.03412841,
  "host_bits": 290740295308439.44,
  "host_joules": 2661750.577008952,
  "host_served": 0.9974583333333333,
  "host_stats": {
    "decision_rows": 24000,
    "rows_t_lt_T1": 21600,
    "agreement_with_A_all_t": 0.5350416666666666,
    "agreement_with_A_t_lt_T1": 0.5311111111111111,
    "agreement_with_B_t_lt_T1": 0.3888888888888889,
    "A_B_disagreement_rate": 0.6677314814814815,
    "on_disagreement_follows_A": 0.4362476599875199,
    "on_disagreement_follows_B": 0.22325452402412813,
    "on_disagreement_follows_neither": 0.34049781598835194,
    "on_agreement_follows_both": 0.7217500348334959,
    "judge_would_override_rows": 6686,
    "override_rows_follows_A": 0.4687406521088842,
    "override_rows_follows_B": 0.21657194137002692,
    "override_rows_follows_neither": 0.31468740652108884,
    "gate_rejected_rows": 7737,
    "rejected_rows_follows_A": 0.40816854077807935,
    "rejected_rows_follows_B": 0.22902933953728835,
    "counts": {
      "rows": 24000,
      "agree_A": 12841,
      "rows_B": 21600,
      "agree_B": 8400,
      "agree_A_tB": 11472,
      "dis": 14423,
      "dis_A": 6292,
      "dis_B": 3220,
      "dis_neither": 4911,
      "same": 7177,
      "same_follow": 5180,
      "ovr": 6686,
      "ovr_A": 3134,
      "ovr_B": 1448,
      "ovr_neither": 2104,
      "rej": 7737,
      "rej_A": 3158,
      "rej_B": 1772,
      "rej_neither": 2807
    }
  },
  "also_stats": {
    "decision_rows": 24000,
    "rows_t_lt_T1": 21600,
    "agreement_with_A_all_t": 0.705375,
    "agreement_with_A_t_lt_T1": 0.7052777777777778,
    "agreement_with_B_t_lt_T1": 0.34597222222222224,
    "A_B_disagreement_rate": 0.6677314814814815,
    "on_disagreement_follows_A": 0.6405047493586632,
    "on_disagreement_follows_B": 0.10240587949802399,
    "on_disagreement_follows_neither": 0.25708937114331276,
    "on_agreement_follows_both": 0.8354465654173053,
    "judge_would_override_rows": 6686,
    "override_rows_follows_A": 0.6367035596769369,
    "override_rows_follows_B": 0.10933293448997906,
    "override_rows_follows_neither": 0.2539635058330841,
    "gate_rejected_rows": 7737,
    "rejected_rows_follows_A": 0.6437895825255266,
    "rejected_rows_follows_B": 0.09641980095644306,
    "counts": {
      "rows": 24000,
      "agree_A": 16929,
      "rows_B": 21600,
      "agree_B": 7473,
      "agree_A_tB": 15234,
      "dis": 14423,
      "dis_A": 9238,
      "dis_B": 1477,
      "dis_neither": 3708,
      "same": 7177,
      "same_follow": 5996,
      "ovr": 6686,
      "ovr_A": 4257,
      "ovr_B": 731,
      "ovr_neither": 1698,
      "rej": 7737,
      "rej_A": 4981,
      "rej_B": 746,
      "rej_neither": 2010
    }
  },
  "identity": {
    "devval_file": "ep100/E0-10-MC2-v2-A+B-equal_share-k11/devval-ep00100.json",
    "ee_equals_devval": true,
    "ee_ep_equals_devval": true,
    "epochs_equal": true,
    "obs0_equal": true,
    "devval_config_hash": "24accd3dc029c724e5a0fb922f8df034fce025a0e3085f365d9353f8274d0e29",
    "devval_episode": 100
  }
}
