{
  "host": {
    "path": "ckpt/E0-10-MC2-v1-A+B-equal_share-k11-policy-ep00100.pt",
    "sha256": "14fabd4c897749a29f160dd349c92e7961f8226016542a156b7facd6677d3f26",
    "episode": 99,
    "dev_settings": {
      "mechanism": "MC2",
      "teacher": "judge",
      "alpha": 1.0,
      "tau": 3.0,
      "tau_s": 1.0,
      "margin": 0.15,
      "lambda_e": 1.0,
      "null_key": null,
      "devval_env_base": 9211000,
      "devval_mobility_base": 9212000,
      "devval_episodes": 24
    },
    "judge_spec": {
      "mechanism_id": "MC2-JGO-v1",
      "sources": [
        "A",
        "B"
      ],
      "source_a": "T0",
      "source_b": "T_NEXT",
      "judge_id": "MC2-KAPPA-LEX-v1",
      "judge_definition": "kappa_u(a) = (n_served, B - eta0*E) of StepEnvironment.evaluate_actions((a, x_-u), deepcopy(env_rng)) under cf_credit.frozen_driver_positions; B, E = cf_credit.evaluation_bits_joules (system totals of the step); strict lexicographic; ties -> incumbent; proposals restricted to {x_u, a^A, a^B}",
      "judge_eta0": 110507234.83444457,
      "null_id": null,
      "null_key": null
    }
  },
  "also": {
    "path": "ckpt/E0-4-D3-T0-equal_share-k11-policy-ep00100.pt",
    "sha256": "87f13e22c313b7c82fa1f011d96c0a99ed7a360099ee8e25aa6ac24184e14112",
    "episode": 99,
    "dev_settings": {
      "mechanism": "D3-T0",
      "teacher": "T0",
      "alpha": 1.0,
      "tau": 3.0,
      "tau_s": 1.0,
      "margin": 0.15,
      "lambda_e": 1.0,
      "null_key": null,
      "devval_env_base": 9211000,
      "devval_mobility_base": 9212000,
      "devval_episodes": 24
    },
    "judge_spec": null
  },
  "tle": "427e6a91774b0ebf3d9b5a13dd783fdaa3f107666f9e9a6cb2a08d5c92b38fe9",
  "episodes": 24,
  "steps_per_episode": 10,
  "judge_reconstructed": true,
  "judge_evaluations": 18721,
  "host_ee": 110346601.9971669,
  "host_bits": 298471079340131.8,
  "host_joules": 2704850.6609002324,
  "host_served": 0.9977916666666666,
  "host_stats": {
    "decision_rows": 24000,
    "rows_t_lt_T1": 21600,
    "agreement_with_A_all_t": 0.608125,
    "agreement_with_A_t_lt_T1": 0.6035648148148148,
    "agreement_with_B_t_lt_T1": 0.4343518518518519,
    "A_B_disagreement_rate": 0.6671296296296296,
    "on_disagreement_follows_A": 0.4847328244274809,
    "on_disagreement_follows_B": 0.23108952116585704,
    "on_disagreement_follows_neither": 0.28417765440666204,
    "on_agreement_follows_both": 0.8417246175243394,
    "judge_would_override_rows": 6662,
    "override_rows_follows_A": 0.5070549384569198,
    "override_rows_follows_B": 0.2353647553287301,
    "override_rows_follows_neither": 0.25758030621435,
    "gate_rejected_rows": 7748,
    "rejected_rows_follows_A": 0.465539494062984,
    "rejected_rows_follows_B": 0.22741352607124418,
    "counts": {
      "rows": 24000,
      "agree_A": 14595,
      "rows_B": 21600,
      "agree_B": 9382,
      "agree_A_tB": 13037,
      "dis": 14410,
      "dis_A": 6985,
      "dis_B": 3330,
      "dis_neither": 4095,
      "same": 7190,
      "same_follow": 6052,
      "ovr": 6662,
      "ovr_A": 3378,
      "ovr_B": 1568,
      "ovr_neither": 1716,
      "rej": 7748,
      "rej_A": 3607,
      "rej_B": 1762,
      "rej_neither": 2379
    }
  },
  "also_stats": {
    "decision_rows": 24000,
    "rows_t_lt_T1": 21600,
    "agreement_with_A_all_t": 0.69975,
    "agreement_with_A_t_lt_T1": 0.6995833333333333,
    "agreement_with_B_t_lt_T1": 0.34569444444444447,
    "A_B_disagreement_rate": 0.6671296296296296,
    "on_disagreement_follows_A": 0.6321304649548924,
    "on_disagreement_follows_B": 0.10166551006245662,
    "on_disagreement_follows_neither": 0.26620402498265094,
    "on_agreement_follows_both": 0.8347705146036162,
    "judge_would_override_rows": 6662,
    "override_rows_follows_A": 0.6374962473731612,
    "override_rows_follows_B": 0.107475232662864,
    "override_rows_follows_neither": 0.2550285199639748,
    "gate_rejected_rows": 7748,
    "rejected_rows_follows_A": 0.62751677852349,
    "rejected_rows_follows_B": 0.09667010841507485,
    "counts": {
      "rows": 24000,
      "agree_A": 16794,
      "rows_B": 21600,
      "agree_B": 7467,
      "agree_A_tB": 15111,
      "dis": 14410,
      "dis_A": 9109,
      "dis_B": 1465,
      "dis_neither": 3836,
      "same": 7190,
      "same_follow": 6002,
      "ovr": 6662,
      "ovr_A": 4247,
      "ovr_B": 716,
      "ovr_neither": 1699,
      "rej": 7748,
      "rej_A": 4862,
      "rej_B": 749,
      "rej_neither": 2137
    }
  },
  "identity": {
    "devval_file": "ep100/E0-10-MC2-v1-A+B-equal_share-k11/devval-ep00100.json",
    "ee_equals_devval": true,
    "ee_ep_equals_devval": true,
    "epochs_equal": true,
    "obs0_equal": true,
    "devval_config_hash": "169f13453e4fefe5e2788b368ef0999ee9dfc8a74dc0f3aba4d9c697815f7e17",
    "devval_episode": 100
  }
}
