{
  "host": {
    "path": "ckpt/E0-10-MC2-v2-A+B-equal_share-k10-policy-ep00100.pt",
    "sha256": "4766bfdae922e65f9e6a8d2a9749b82375407242782b91fc5d54a95dacd1017c",
    "episode": 99,
    "dev_settings": {
      "mechanism": "MC2",
      "teacher": "judge",
      "alpha": 1.0,
      "tau": 3.0,
      "tau_s": 1.0,
      "margin": 0.15,
      "lambda_e": 1.0,
      "null_key": null,
      "devval_env_base": 9211000,
      "devval_mobility_base": 9212000,
      "devval_episodes": 24
    },
    "judge_spec": {
      "mechanism_id": "MC2-ARB-v2",
      "sources": [
        "A",
        "B"
      ],
      "source_a": "T0",
      "source_b": "T_NEXT",
      "judge_id": "MC2-KAPPA-LEX-v1",
      "judge_definition": "kappa_u(a) = (n_served, B - eta0*E) of StepEnvironment.evaluate_actions((a, x_-u), deepcopy(env_rng)) under cf_credit.frozen_driver_positions; B, E = cf_credit.evaluation_bits_joules (system totals of the step); strict lexicographic; ties -> incumbent; proposals restricted to {x_u, a^A, a^B}",
      "judge_eta0": 110507234.83444457,
      "null_id": null,
      "null_key": null
    }
  },
  "also": {
    "path": "ckpt/E0-4-D3-T0-equal_share-k10-policy-ep00100.pt",
    "sha256": "fd7f01aafd8749995e3bc350d699b5848f64b29250928426ba3774302d6581bb",
    "episode": 99,
    "dev_settings": {
      "mechanism": "D3-T0",
      "teacher": "T0",
      "alpha": 1.0,
      "tau": 3.0,
      "tau_s": 1.0,
      "margin": 0.15,
      "lambda_e": 1.0,
      "null_key": null,
      "devval_env_base": 9211000,
      "devval_mobility_base": 9212000,
      "devval_episodes": 24
    },
    "judge_spec": null
  },
  "tle": "427e6a91774b0ebf3d9b5a13dd783fdaa3f107666f9e9a6cb2a08d5c92b38fe9",
  "episodes": 24,
  "steps_per_episode": 10,
  "judge_reconstructed": true,
  "judge_evaluations": 19565,
  "host_ee": 110460536.37464982,
  "host_bits": 318013848016757.7,
  "host_joules": 2878981.56621427,
  "host_served": 0.998,
  "host_stats": {
    "decision_rows": 24000,
    "rows_t_lt_T1": 21600,
    "agreement_with_A_all_t": 0.5741666666666667,
    "agreement_with_A_t_lt_T1": 0.5722222222222222,
    "agreement_with_B_t_lt_T1": 0.3639351851851852,
    "A_B_disagreement_rate": 0.6705092592592593,
    "on_disagreement_follows_A": 0.48732997307187736,
    "on_disagreement_follows_B": 0.1766899123109853,
    "on_disagreement_follows_neither": 0.33598011461713734,
    "on_agreement_follows_both": 0.7449768160741885,
    "judge_would_override_rows": 7003,
    "override_rows_follows_A": 0.49435956018849064,
    "override_rows_follows_B": 0.19220334142510354,
    "override_rows_follows_neither": 0.3134370983864058,
    "gate_rejected_rows": 7480,
    "rejected_rows_follows_A": 0.4807486631016043,
    "rejected_rows_follows_B": 0.16216577540106952,
    "counts": {
      "rows": 24000,
      "agree_A": 13780,
      "rows_B": 21600,
      "agree_B": 7861,
      "agree_A_tB": 12360,
      "dis": 14483,
      "dis_A": 7058,
      "dis_B": 2559,
      "dis_neither": 4866,
      "same": 7117,
      "same_follow": 5302,
      "ovr": 7003,
      "ovr_A": 3462,
      "ovr_B": 1346,
      "ovr_neither": 2195,
      "rej": 7480,
      "rej_A": 3596,
      "rej_B": 1213,
      "rej_neither": 2671
    }
  },
  "also_stats": {
    "decision_rows": 24000,
    "rows_t_lt_T1": 21600,
    "agreement_with_A_all_t": 0.6752083333333333,
    "agreement_with_A_t_lt_T1": 0.6756944444444445,
    "agreement_with_B_t_lt_T1": 0.3030555555555556,
    "A_B_disagreement_rate": 0.6705092592592593,
    "on_disagreement_follows_A": 0.6288752330318305,
    "on_disagreement_follows_B": 0.07312020990126356,
    "on_disagreement_follows_neither": 0.29800455706690604,
    "on_agreement_follows_both": 0.7709709147112548,
    "judge_would_override_rows": 7003,
    "override_rows_follows_A": 0.6385834642296159,
    "override_rows_follows_B": 0.08096530058546338,
    "override_rows_follows_neither": 0.28045123518492077,
    "gate_rejected_rows": 7480,
    "rejected_rows_follows_A": 0.6197860962566845,
    "rejected_rows_follows_B": 0.06577540106951872,
    "counts": {
      "rows": 24000,
      "agree_A": 16205,
      "rows_B": 21600,
      "agree_B": 6546,
      "agree_A_tB": 14595,
      "dis": 14483,
      "dis_A": 9108,
      "dis_B": 1059,
      "dis_neither": 4316,
      "same": 7117,
      "same_follow": 5487,
      "ovr": 7003,
      "ovr_A": 4472,
      "ovr_B": 567,
      "ovr_neither": 1964,
      "rej": 7480,
      "rej_A": 4636,
      "rej_B": 492,
      "rej_neither": 2352
    }
  },
  "identity": {
    "devval_file": "ep100/E0-10-MC2-v2-A+B-equal_share-k10/devval-ep00100.json",
    "ee_equals_devval": true,
    "ee_ep_equals_devval": true,
    "epochs_equal": true,
    "obs0_equal": true,
    "devval_config_hash": "5d685d6336b24f717f6a30f50b3daf24dc6639a85b0f094ad06807be96c18468",
    "devval_episode": 100
  }
}
