{
  "host": {
    "path": "ckpt/E0-10-MC2-v1-A+B-equal_share-k10-policy-ep00100.pt",
    "sha256": "2fd6bef34f01402e334633bb38bb8b5d7371316d8988aab03b6166cbad264aaa",
    "episode": 99,
    "dev_settings": {
      "mechanism": "MC2",
      "teacher": "judge",
      "alpha": 1.0,
      "tau": 3.0,
      "tau_s": 1.0,
      "margin": 0.15,
      "lambda_e": 1.0,
      "null_key": null,
      "devval_env_base": 9211000,
      "devval_mobility_base": 9212000,
      "devval_episodes": 24
    },
    "judge_spec": {
      "mechanism_id": "MC2-JGO-v1",
      "sources": [
        "A",
        "B"
      ],
      "source_a": "T0",
      "source_b": "T_NEXT",
      "judge_id": "MC2-KAPPA-LEX-v1",
      "judge_definition": "kappa_u(a) = (n_served, B - eta0*E) of StepEnvironment.evaluate_actions((a, x_-u), deepcopy(env_rng)) under cf_credit.frozen_driver_positions; B, E = cf_credit.evaluation_bits_joules (system totals of the step); strict lexicographic; ties -> incumbent; proposals restricted to {x_u, a^A, a^B}",
      "judge_eta0": 110507234.83444457,
      "null_id": null,
      "null_key": null
    }
  },
  "also": {
    "path": "ckpt/E0-4-D3-T0-equal_share-k10-policy-ep00100.pt",
    "sha256": "fd7f01aafd8749995e3bc350d699b5848f64b29250928426ba3774302d6581bb",
    "episode": 99,
    "dev_settings": {
      "mechanism": "D3-T0",
      "teacher": "T0",
      "alpha": 1.0,
      "tau": 3.0,
      "tau_s": 1.0,
      "margin": 0.15,
      "lambda_e": 1.0,
      "null_key": null,
      "devval_env_base": 9211000,
      "devval_mobility_base": 9212000,
      "devval_episodes": 24
    },
    "judge_spec": null
  },
  "tle": "427e6a91774b0ebf3d9b5a13dd783fdaa3f107666f9e9a6cb2a08d5c92b38fe9",
  "episodes": 24,
  "steps_per_episode": 10,
  "judge_reconstructed": true,
  "judge_evaluations": 19368,
  "host_ee": 109352213.9207005,
  "host_bits": 291088101470112.6,
  "host_joules": 2661931.4875618564,
  "host_served": 0.9961666666666666,
  "host_stats": {
    "decision_rows": 24000,
    "rows_t_lt_T1": 21600,
    "agreement_with_A_all_t": 0.5963333333333334,
    "agreement_with_A_t_lt_T1": 0.5897685185185185,
    "agreement_with_B_t_lt_T1": 0.3726388888888889,
    "A_B_disagreement_rate": 0.6715740740740741,
    "on_disagreement_follows_A": 0.5015166138149731,
    "on_disagreement_follows_B": 0.17820212325934096,
    "on_disagreement_follows_neither": 0.32028126292568593,
    "on_agreement_follows_both": 0.770228361996053,
    "judge_would_override_rows": 6996,
    "override_rows_follows_A": 0.5304459691252144,
    "override_rows_follows_B": 0.17166952544311034,
    "override_rows_follows_neither": 0.2978845054316752,
    "gate_rejected_rows": 7510,
    "rejected_rows_follows_A": 0.4745672436750999,
    "rejected_rows_follows_B": 0.18428761651131825,
    "counts": {
      "rows": 24000,
      "agree_A": 14312,
      "rows_B": 21600,
      "agree_B": 8049,
      "agree_A_tB": 12739,
      "dis": 14506,
      "dis_A": 7275,
      "dis_B": 2585,
      "dis_neither": 4646,
      "same": 7094,
      "same_follow": 5464,
      "ovr": 6996,
      "ovr_A": 3711,
      "ovr_B": 1201,
      "ovr_neither": 2084,
      "rej": 7510,
      "rej_A": 3564,
      "rej_B": 1384,
      "rej_neither": 2562
    }
  },
  "also_stats": {
    "decision_rows": 24000,
    "rows_t_lt_T1": 21600,
    "agreement_with_A_all_t": 0.6649583333333333,
    "agreement_with_A_t_lt_T1": 0.6650462962962963,
    "agreement_with_B_t_lt_T1": 0.2950462962962963,
    "A_B_disagreement_rate": 0.6715740740740741,
    "on_disagreement_follows_A": 0.6239487108782573,
    "on_disagreement_follows_B": 0.07300427409347857,
    "on_disagreement_follows_neither": 0.30304701502826414,
    "on_agreement_follows_both": 0.7490837327318861,
    "judge_would_override_rows": 6996,
    "override_rows_follows_A": 0.6316466552315609,
    "override_rows_follows_B": 0.08176100628930817,
    "override_rows_follows_neither": 0.28659233847913096,
    "gate_rejected_rows": 7510,
    "rejected_rows_follows_A": 0.6167776298268974,
    "rejected_rows_follows_B": 0.06484687083888149,
    "counts": {
      "rows": 24000,
      "agree_A": 15959,
      "rows_B": 21600,
      "agree_B": 6373,
      "agree_A_tB": 14365,
      "dis": 14506,
      "dis_A": 9051,
      "dis_B": 1059,
      "dis_neither": 4396,
      "same": 7094,
      "same_follow": 5314,
      "ovr": 6996,
      "ovr_A": 4419,
      "ovr_B": 572,
      "ovr_neither": 2005,
      "rej": 7510,
      "rej_A": 4632,
      "rej_B": 487,
      "rej_neither": 2391
    }
  },
  "identity": {
    "devval_file": "ep100/E0-10-MC2-v1-A+B-equal_share-k10/devval-ep00100.json",
    "ee_equals_devval": true,
    "ee_ep_equals_devval": true,
    "epochs_equal": true,
    "obs0_equal": true,
    "devval_config_hash": "a201a9e44cb4842bfcbdf1520b058dcfea4226b6d613bee7668355986953f777",
    "devval_episode": 100
  }
}
