{
  "host": {
    "path": "ckpt/E0-4-D3-T0-equal_share-k11-policy-ep00100.pt",
    "sha256": "87f13e22c313b7c82fa1f011d96c0a99ed7a360099ee8e25aa6ac24184e14112",
    "episode": 99,
    "dev_settings": {
      "mechanism": "D3-T0",
      "teacher": "T0",
      "alpha": 1.0,
      "tau": 3.0,
      "tau_s": 1.0,
      "margin": 0.15,
      "lambda_e": 1.0,
      "null_key": null,
      "devval_env_base": 9211000,
      "devval_mobility_base": 9212000,
      "devval_episodes": 24
    },
    "judge_spec": null
  },
  "also": {
    "path": "ckpt/E0-10-MC2-v1-A+B-equal_share-k11-policy-ep00100.pt",
    "sha256": "14fabd4c897749a29f160dd349c92e7961f8226016542a156b7facd6677d3f26",
    "episode": 99,
    "dev_settings": {
      "mechanism": "MC2",
      "teacher": "judge",
      "alpha": 1.0,
      "tau": 3.0,
      "tau_s": 1.0,
      "margin": 0.15,
      "lambda_e": 1.0,
      "null_key": null,
      "devval_env_base": 9211000,
      "devval_mobility_base": 9212000,
      "devval_episodes": 24
    },
    "judge_spec": {
      "mechanism_id": "MC2-JGO-v1",
      "sources": [
        "A",
        "B"
      ],
      "source_a": "T0",
      "source_b": "T_NEXT",
      "judge_id": "MC2-KAPPA-LEX-v1",
      "judge_definition": "kappa_u(a) = (n_served, B - eta0*E) of StepEnvironment.evaluate_actions((a, x_-u), deepcopy(env_rng)) under cf_credit.frozen_driver_positions; B, E = cf_credit.evaluation_bits_joules (system totals of the step); strict lexicographic; ties -> incumbent; proposals restricted to {x_u, a^A, a^B}",
      "judge_eta0": 110507234.83444457,
      "null_id": null,
      "null_key": null
    }
  },
  "tle": "427e6a91774b0ebf3d9b5a13dd783fdaa3f107666f9e9a6cb2a08d5c92b38fe9",
  "episodes": 24,
  "steps_per_episode": 10,
  "judge_reconstructed": true,
  "judge_evaluations": 18592,
  "host_ee": 113250330.28773427,
  "host_bits": 319109716025687.5,
  "host_joules": 2817737.619086212,
  "host_served": 0.9984583333333333,
  "host_stats": {
    "decision_rows": 24000,
    "rows_t_lt_T1": 21600,
    "agreement_with_A_all_t": 0.6965833333333333,
    "agreement_with_A_t_lt_T1": 0.6968055555555556,
    "agreement_with_B_t_lt_T1": 0.34671296296296295,
    "A_B_disagreement_rate": 0.6741203703703704,
    "on_disagreement_follows_A": 0.6286656136254378,
    "on_disagreement_follows_B": 0.10933315019572831,
    "on_disagreement_follows_neither": 0.26200123617883386,
    "on_agreement_follows_both": 0.8377610456030686,
    "judge_would_override_rows": 6660,
    "override_rows_follows_A": 0.6255255255255255,
    "override_rows_follows_B": 0.12672672672672672,
    "override_rows_follows_neither": 0.24774774774774774,
    "gate_rejected_rows": 7901,
    "rejected_rows_follows_A": 0.6313124920896089,
    "rejected_rows_follows_B": 0.09467156056195418,
    "counts": {
      "rows": 24000,
      "agree_A": 16718,
      "rows_B": 21600,
      "agree_B": 7489,
      "agree_A_tB": 15051,
      "dis": 14561,
      "dis_A": 9154,
      "dis_B": 1592,
      "dis_neither": 3815,
      "same": 7039,
      "same_follow": 5897,
      "ovr": 6660,
      "ovr_A": 4166,
      "ovr_B": 844,
      "ovr_neither": 1650,
      "rej": 7901,
      "rej_A": 4988,
      "rej_B": 748,
      "rej_neither": 2165
    }
  },
  "also_stats": {
    "decision_rows": 24000,
    "rows_t_lt_T1": 21600,
    "agreement_with_A_all_t": 0.59475,
    "agreement_with_A_t_lt_T1": 0.59125,
    "agreement_with_B_t_lt_T1": 0.42800925925925926,
    "A_B_disagreement_rate": 0.6741203703703704,
    "on_disagreement_follows_A": 0.47469267220657924,
    "on_disagreement_follows_B": 0.2325389739715679,
    "on_disagreement_follows_neither": 0.2927683538218529,
    "on_agreement_follows_both": 0.8323625514987925,
    "judge_would_override_rows": 6660,
    "override_rows_follows_A": 0.4807807807807808,
    "override_rows_follows_B": 0.2573573573573574,
    "override_rows_follows_neither": 0.2618618618618619,
    "gate_rejected_rows": 7901,
    "rejected_rows_follows_A": 0.4695608150866979,
    "rejected_rows_follows_B": 0.21161878243260346,
    "counts": {
      "rows": 24000,
      "agree_A": 14274,
      "rows_B": 21600,
      "agree_B": 9245,
      "agree_A_tB": 12771,
      "dis": 14561,
      "dis_A": 6912,
      "dis_B": 3386,
      "dis_neither": 4263,
      "same": 7039,
      "same_follow": 5859,
      "ovr": 6660,
      "ovr_A": 3202,
      "ovr_B": 1714,
      "ovr_neither": 1744,
      "rej": 7901,
      "rej_A": 3710,
      "rej_B": 1672,
      "rej_neither": 2519
    }
  },
  "identity": {
    "devval_file": "ep100/E0-4-D3-T0-equal_share-k11/devval-ep00100.json",
    "ee_equals_devval": true,
    "ee_ep_equals_devval": true,
    "epochs_equal": true,
    "obs0_equal": true,
    "devval_config_hash": "e36d3360775518592cf7ff6909b075ae43d73bb90a65a31ebab0892931cb0cf1",
    "devval_episode": 100
  }
}
