	Command being timed: "/home/sat/mcrl-leo-handover-mc-v02-20260829/.venv/bin/python /home/sat/mcrl-leo-handover-mc-v02-20260829/.scratch/smc-er-short-ep/run_short_ep.py --arm B000 --output-dir /home/sat/mcrl-leo-handover-mc-v02-20260829/artifacts/multi-catfish-v02-server-smoke-20260829-r2-lr0p001/B000 --episodes 10 --users 100 --train-seed 2026082901 --env-seed 2026082902 --mobility-seed 2026082903 --epsilon-decay-episodes 2000 --target-update-every 50 --checkpoint-every 100 --learning-rate 0.001 --acrm-eta 1.0 --prereg /home/sat/mcrl-leo-handover-mc-v02-20260829/artifacts/PREREG-FROZEN-2026-08-25-R2.json --tle-root /home/sat/mcrl-runtime/tle-frozen-20260820"
	User time (seconds): 1041.55
	System time (seconds): 4.14
	Percent of CPU this job got: 851%
	Elapsed (wall clock) time (h:mm:ss or m:ss): 2:02.80
	Average shared text size (kbytes): 0
	Average unshared data size (kbytes): 0
	Average stack size (kbytes): 0
	Average total size (kbytes): 0
	Maximum resident set size (kbytes): 2751076
	Average resident set size (kbytes): 0
	Major (requiring I/O) page faults: 0
	Minor (reclaiming a frame) page faults: 1017459
	Voluntary context switches: 94598
	Involuntary context switches: 127945
	Swaps: 0
	File system inputs: 280
	File system outputs: 35472
	Socket messages sent: 0
	Socket messages received: 0
	Signals delivered: 0
	Page size (bytes): 4096
	Exit status: 0
