	Command being timed: "/home/sat/mcrl-leo-handover-mc-v02-20260829/.venv/bin/python /home/sat/mcrl-leo-handover-mc-v02-20260829/.scratch/smc-er-short-ep/run_short_ep.py --arm F111 --output-dir /home/sat/mcrl-leo-handover-mc-v02-20260829/artifacts/multi-catfish-v02-server-smoke-20260829-r2-lr0p001/F111 --episodes 10 --users 100 --train-seed 2026082901 --env-seed 2026082902 --mobility-seed 2026082903 --epsilon-decay-episodes 2000 --target-update-every 50 --checkpoint-every 100 --learning-rate 0.001 --acrm-eta 1.0 --prereg /home/sat/mcrl-leo-handover-mc-v02-20260829/artifacts/PREREG-FROZEN-2026-08-25-R2.json --tle-root /home/sat/mcrl-runtime/tle-frozen-20260820 --development-route-all --c1-exp-corpus-manifest /home/sat/mcrl-leo-handover-mc-v02-20260829/artifacts/smc-er-c1-authority-20260828/smc-er-c1-exp-corpus-canonical-tle-20260829-v4/c1-exp-corpus-manifest.json"
	User time (seconds): 2954.21
	System time (seconds): 10.20
	Percent of CPU this job got: 849%
	Elapsed (wall clock) time (h:mm:ss or m:ss): 5:48.81
	Average shared text size (kbytes): 0
	Average unshared data size (kbytes): 0
	Average stack size (kbytes): 0
	Average total size (kbytes): 0
	Maximum resident set size (kbytes): 4073372
	Average resident set size (kbytes): 0
	Major (requiring I/O) page faults: 0
	Minor (reclaiming a frame) page faults: 1752482
	Voluntary context switches: 267506
	Involuntary context switches: 400229
	Swaps: 0
	File system inputs: 8624
	File system outputs: 103608
	Socket messages sent: 0
	Socket messages received: 0
	Signals delivered: 0
	Page size (bytes): 4096
	Exit status: 0
