	Command being timed: "/home/sat/mcrl-leo-handover-mc-v02-20260829/.venv/bin/python /home/sat/mcrl-leo-handover-mc-v02-20260829/.scratch/smc-er-short-ep/sweep_evaluation.py --arm Baseline MODQN=/home/sat/mcrl-leo-handover-mc-v02-20260829/artifacts/multi-catfish-v02-server-smoke-20260829-r2-lr0p001/B000/final-checkpoint.pt --arm Full Multi-Catfish MCRL=/home/sat/mcrl-leo-handover-mc-v02-20260829/artifacts/multi-catfish-v02-server-smoke-20260829-r2-lr0p001/F111/final-checkpoint.pt --arm Full - C1=/home/sat/mcrl-leo-handover-mc-v02-20260829/artifacts/multi-catfish-v02-server-smoke-20260829-r2-lr0p001/A011/final-checkpoint.pt --arm Full - C2=/home/sat/mcrl-leo-handover-mc-v02-20260829/artifacts/multi-catfish-v02-server-smoke-20260829-r2-lr0p001/A101/final-checkpoint.pt --arm Full - C3=/home/sat/mcrl-leo-handover-mc-v02-20260829/artifacts/multi-catfish-v02-server-smoke-20260829-r2-lr0p001/A110/final-checkpoint.pt --users 60 80 100 120 140 --seeds 2026082904 2026082905 2026082906 2026082907 2026082908 --output-dir /home/sat/mcrl-leo-handover-mc-v02-20260829/artifacts/multi-catfish-v02-server-smoke-20260829-r2-lr0p001/ee-sweep --prereg /home/sat/mcrl-leo-handover-mc-v02-20260829/artifacts/PREREG-FROZEN-2026-08-25-R2.json --tle-root /home/sat/mcrl-runtime/tle-frozen-20260820"
	User time (seconds): 478.67
	System time (seconds): 12.65
	Percent of CPU this job got: 238%
	Elapsed (wall clock) time (h:mm:ss or m:ss): 3:25.99
	Average shared text size (kbytes): 0
	Average unshared data size (kbytes): 0
	Average stack size (kbytes): 0
	Average total size (kbytes): 0
	Maximum resident set size (kbytes): 2753400
	Average resident set size (kbytes): 0
	Major (requiring I/O) page faults: 0
	Minor (reclaiming a frame) page faults: 1774569
	Voluntary context switches: 30862
	Involuntary context switches: 6234
	Swaps: 0
	File system inputs: 0
	File system outputs: 336
	Socket messages sent: 0
	Socket messages received: 0
	Signals delivered: 0
	Page size (bytes): 4096
	Exit status: 0
