MULTI-CATFISH-MCRL-V018-ANALYTIC-DIAGNOSTIC-PREREG-2026-09-04.md: OK
../../../.scratch/c3-v04/run_v04_c3_500_update_screen.py: OK
../../../.scratch/c3-v04/run_v04_c3_learnability_gate.py: OK
../../../.scratch/c3-v04/run_v04_c3_source.py: OK
../../../.scratch/zero-energy-c3-v013/run_v013_zero_energy_c3_oracle.py: OK
../../../artifacts/PREREG-FROZEN-2026-08-25-R2.json: OK
../../../artifacts/multi-catfish-v015-c3-learned-context-oracle-20260903-r1/contracts/MULTI-CATFISH-MCRL-V015-C3-LEARNED-CONTEXT-ORACLE-PREREG-2026-09-03.md: OK
../../../artifacts/multi-catfish-v015-c3-learned-context-oracle-20260903-r1/contracts/prereg.sha256: OK
../../../pyproject.toml: OK
../../../scripts/run_head_pivotality_probe.py: OK
../../../src/mcrl/__init__.py: OK
../../../src/mcrl/algorithms/__init__.py: OK
../../../src/mcrl/algorithms/ee_axis_action_shared.py: OK
../../../src/mcrl/algorithms/ee_axis_action_shared_meanmax.py: OK
../../../src/mcrl/algorithms/ee_axis_pairwise.py: OK
../../../src/mcrl/algorithms/ee_axis_relational_zr_c3_head.py: OK
../../../src/mcrl/algorithms/ee_axis_v014_head.py: OK
../../../src/mcrl/algorithms/ee_axis_v014_q3_support_head.py: OK
../../../src/mcrl/algorithms/ee_axis_v04_c2_parallel.py: OK
../../../src/mcrl/algorithms/ee_axis_v04_hybrid.py: OK
../../../src/mcrl/algorithms/ee_axis_v06_c2_k1.py: OK
../../../src/mcrl/algorithms/ee_axis_v07_c2_fast_q2.py: OK
../../../src/mcrl/algorithms/ee_axis_v07_c2_focal_next.py: OK
../../../src/mcrl/algorithms/modqn.py: OK
../../../src/mcrl/artifacts/__init__.py: OK
../../../src/mcrl/artifacts/io.py: OK
../../../src/mcrl/artifacts/models.py: OK
../../../src/mcrl/env/__init__.py: OK
../../../src/mcrl/env/action_contract.py: OK
../../../src/mcrl/env/antenna.py: OK
../../../src/mcrl/env/candidates.py: OK
../../../src/mcrl/env/cells.py: OK
../../../src/mcrl/env/constants.py: OK
../../../src/mcrl/env/d2.py: OK
../../../src/mcrl/env/dwell.py: OK
../../../src/mcrl/env/ephemeris.py: OK
../../../src/mcrl/env/geometry.py: OK
../../../src/mcrl/env/interference.py: OK
../../../src/mcrl/env/keyed_fading.py: OK
../../../src/mcrl/env/link_budget.py: OK
../../../src/mcrl/env/mobility.py: OK
../../../src/mcrl/env/pointing.py: OK
../../../src/mcrl/env/reference_policy.py: OK
../../../src/mcrl/env/scenario.py: OK
../../../src/mcrl/env/service.py: OK
../../../src/mcrl/env/step.py: OK
../../../src/mcrl/env/step_types.py: OK
../../../src/mcrl/env/tle.py: OK
../../../src/mcrl/errors.py: OK
../../../src/mcrl/runtime/__init__.py: OK
../../../src/mcrl/runtime/bessel.py: OK
../../../src/mcrl/runtime/collapse_metrics.py: OK
../../../src/mcrl/runtime/corrected_probes.py: OK
../../../src/mcrl/runtime/ee_axis_b402_c3_softkl.py: OK
../../../src/mcrl/runtime/ee_axis_c1_dull_source.py: OK
../../../src/mcrl/runtime/ee_axis_c1_selector.py: OK
../../../src/mcrl/runtime/ee_axis_c2_neutral_source.py: OK
../../../src/mcrl/runtime/ee_axis_calibration.py: OK
../../../src/mcrl/runtime/ee_axis_e1_c2_schedule.py: OK
../../../src/mcrl/runtime/ee_axis_e1_ladder.py: OK
../../../src/mcrl/runtime/ee_axis_e1_split.py: OK
../../../src/mcrl/runtime/ee_axis_e1_statistics.py: OK
../../../src/mcrl/runtime/ee_axis_evaluation.py: OK
../../../src/mcrl/runtime/ee_axis_instrument_validity.py: OK
../../../src/mcrl/runtime/ee_axis_joint_c3.py: OK
../../../src/mcrl/runtime/ee_axis_matched_opening.py: OK
../../../src/mcrl/runtime/ee_axis_opening_dataset.py: OK
../../../src/mcrl/runtime/ee_axis_opening_pairs.py: OK
../../../src/mcrl/runtime/ee_axis_opening_runner.py: OK
../../../src/mcrl/runtime/ee_axis_opening_source.py: OK
../../../src/mcrl/runtime/ee_axis_ops3.py: OK
../../../src/mcrl/runtime/ee_axis_ops3_live.py: OK
../../../src/mcrl/runtime/ee_axis_pilot_runner.py: OK
../../../src/mcrl/runtime/ee_axis_pnfe.py: OK
../../../src/mcrl/runtime/ee_axis_pnfe_live.py: OK
../../../src/mcrl/runtime/ee_axis_reference_probe.py: OK
../../../src/mcrl/runtime/ee_axis_relational_zr_c3.py: OK
../../../src/mcrl/runtime/ee_axis_source_selectors.py: OK
../../../src/mcrl/runtime/ee_axis_state.py: OK
../../../src/mcrl/runtime/ee_axis_targets.py: OK
../../../src/mcrl/runtime/ee_axis_temporal_capture.py: OK
../../../src/mcrl/runtime/ee_axis_temporal_dataset.py: OK
../../../src/mcrl/runtime/ee_axis_temporal_pairs.py: OK
../../../src/mcrl/runtime/ee_axis_training_schedule.py: OK
../../../src/mcrl/runtime/ee_axis_v014_gate.py: OK
../../../src/mcrl/runtime/ee_axis_v014_learnability.py: OK
../../../src/mcrl/runtime/ee_axis_v014_q2_pairs.py: OK
../../../src/mcrl/runtime/ee_axis_v014_q2_state.py: OK
../../../src/mcrl/runtime/ee_axis_v014_q3_pairs.py: OK
../../../src/mcrl/runtime/ee_axis_v014_q3_state.py: OK
../../../src/mcrl/runtime/ee_axis_v015_c3_csr.py: OK
../../../src/mcrl/runtime/ee_axis_v015_c3_pivotal.py: OK
../../../src/mcrl/runtime/ee_axis_v015_c3_reference_state.py: OK
../../../src/mcrl/runtime/ee_axis_v015_c3_selector.py: OK
../../../src/mcrl/runtime/ee_axis_v015_c3_state.py: OK
../../../src/mcrl/runtime/ee_axis_v016_c3_origin_state.py: OK
../../../src/mcrl/runtime/ee_axis_v018_gate.py: OK
../../../src/mcrl/runtime/ee_axis_v04_c2_q13_continuation.py: OK
../../../src/mcrl/runtime/ee_axis_v04_c2_sibling_schedule.py: OK
../../../src/mcrl/runtime/ee_axis_v04_c3_dataset.py: OK
../../../src/mcrl/runtime/ee_axis_v04_c3_learnability.py: OK
../../../src/mcrl/runtime/ee_axis_v04_c3_opening_source.py: OK
../../../src/mcrl/runtime/ee_axis_v04_c3_schedule.py: OK
../../../src/mcrl/runtime/ee_axis_v04_c3_selector.py: OK
../../../src/mcrl/runtime/ee_axis_v04_c3_state.py: OK
../../../src/mcrl/runtime/ee_axis_v05_c2_controlled_tape.py: OK
../../../src/mcrl/runtime/ee_axis_v06_c2_k1.py: OK
../../../src/mcrl/runtime/ee_axis_v06_c2_k1_formal_verdict_writer.py: OK
../../../src/mcrl/runtime/ee_axis_v06_c2_k1_learner.py: OK
../../../src/mcrl/runtime/ee_axis_v06_c2_k1_learner_contract_v2.py: OK
../../../src/mcrl/runtime/ee_axis_v06_c2_k1_learner_prep.py: OK
../../../src/mcrl/runtime/ee_axis_v06_c2_k1_q13.py: OK
../../../src/mcrl/runtime/ee_axis_v06_c2_k1_state_authority.py: OK
../../../src/mcrl/runtime/ee_axis_v07_c2_d2.py: OK
../../../src/mcrl/runtime/ee_axis_v07_c2_dataset.py: OK
../../../src/mcrl/runtime/ee_axis_v07_c2_fast_proxy.py: OK
../../../src/mcrl/runtime/ee_axis_v07_c2_focal_next.py: OK
../../../src/mcrl/runtime/ee_axis_v07_c2_parallel_manifest.py: OK
../../../src/mcrl/runtime/ee_axis_v07_c2_parallel_targets.py: OK
../../../src/mcrl/runtime/ee_axis_v07_c2_policy.py: OK
../../../src/mcrl/runtime/ee_axis_v07_c2_robust_proxy.py: OK
../../../src/mcrl/runtime/ee_axis_v07_c2_state.py: OK
../../../src/mcrl/runtime/ee_axis_zero_marginal_c3.py: OK
../../../src/mcrl/runtime/ee_axis_zero_marginal_c3_live.py: OK
../../../src/mcrl/runtime/ee_surplus_targets.py: OK
../../../src/mcrl/runtime/energy_efficiency.py: OK
../../../src/mcrl/runtime/finiteness.py: OK
../../../src/mcrl/runtime/head_pivotality.py: OK
../../../src/mcrl/runtime/objective_math.py: OK
../../../src/mcrl/runtime/outage_gate.py: OK
../../../src/mcrl/runtime/prereg.py: OK
../../../src/mcrl/runtime/prereg_draft.py: OK
../../../src/mcrl/runtime/probe_harness.py: OK
../../../src/mcrl/runtime/probe_p1.py: OK
../../../src/mcrl/runtime/probe_p2.py: OK
../../../src/mcrl/runtime/probe_p3.py: OK
../../../src/mcrl/runtime/probe_p4.py: OK
../../../src/mcrl/runtime/probe_p5.py: OK
../../../src/mcrl/runtime/probe_p6.py: OK
../../../src/mcrl/runtime/probe_p7.py: OK
../../../src/mcrl/runtime/q_network.py: OK
../../../src/mcrl/runtime/replay_buffer.py: OK
../../../src/mcrl/runtime/reward_calibration.py: OK
../../../src/mcrl/runtime/state_encoding.py: OK
../../../src/mcrl/runtime/trainer_config_validation.py: OK
../../../src/mcrl/runtime/trainer_env.py: OK
../../../src/mcrl/runtime/trainer_spec.py: OK
../../../src/mcrl/runtime/training_pipeline.py: OK
../../../tests/test_w140_ee_axis_zero_marginal_c3.py: OK
../../../tests/test_w141_ee_axis_zero_marginal_c3_live.py: OK
../../../tests/test_w148_ee_axis_v014_q2_state.py: OK
../../../tests/test_w173_ee_axis_relational_zr_c3.py: OK
../../../tests/test_w174_ee_axis_v018_gate.py: OK
../../../tests/test_w175_v018_analytic_diagnostic.py: OK
../../../tests/test_w176_ee_axis_relational_zr_c3_head.py: OK
../../../tests/test_w177_ee_axis_relational_zr_c3_performance.py: OK
../../../tests/test_w178_ee_axis_relational_zr_c3_r4_bounds.py: OK
../../../tests/test_w179_v018_analytic_r2_provenance.py: OK
../../multi-catfish-v015-c3-learned-context/run_v015_c3_learned_context_oracle.py: OK
../finalize_v018_analytic_server.sh: OK
../perf/verify_v018_r4_cache_equivalence.py: OK
../r1-abort/ee_axis_relational_zr_c3-r1.py: OK
../run_v018_analytic_diagnostic.py: OK
../run_v018_analytic_panel_server.sh: OK
../sync_v018_analytic_server.sh: OK
MULTI-CATFISH-MCRL-V015-C3-LEARNED-CONTEXT-ORACLE-PREREG-2026-09-03.md: OK
..................................................................       [100%]
=============================== warnings summary ===============================
tests/test_w178_ee_axis_relational_zr_c3_r4_bounds.py::test_r4_w173_context_passes_all_bound_and_exactness_gates
  /usr/lib/python3.13/multiprocessing/popen_fork.py:67: DeprecationWarning: This process (pid=942599) is multi-threaded, use of fork() may lead to deadlocks in the child.
    self.pid = os.fork()

-- Docs: https://docs.pytest.org/en/stable/how-to/capture-warnings.html
