{
 "means": {
  "A0": {
   "ee": 84211048.9510843,
   "bits": 240284927352311.5,
   "joules": 2866011.7169990926,
   "h_inter": 0.19441666666666668,
   "h_intra": 0.006791666666666667,
   "ho_per_user_min": 0.40134640957446804,
   "served": 0.9989861111111112,
   "beams": 62.90555555555556,
   "auc_mean_ee": 91559026.68344367,
   "readings_mean": {
    "100": 76527085.26160245,
    "250": 95132695.24827413,
    "500": 95555890.65259783,
    "750": 91806514.58547567,
    "1000": 86371618.09044743
   }
  },
  "A1": {
   "ee": 98635857.80877416,
   "bits": 289377648482843.75,
   "joules": 2933088.511296312,
   "h_inter": 0.5271944444444444,
   "h_intra": 0.03786111111111111,
   "ho_per_user_min": 1.1271054964539007,
   "served": 0.9992777777777778,
   "beams": 64.12222222222222,
   "auc_mean_ee": 102884914.61527033,
   "readings_mean": {
    "100": 96497920.37677865,
    "250": 101531815.38111359,
    "500": 104813460.22449553,
    "750": 103948246.12199728,
    "1000": 102898315.70111196
   }
  },
  "A2": {
   "ee": 102029503.8926124,
   "bits": 309976736857040.2,
   "joules": 3038455.5192168807,
   "h_inter": 0.5050138888888889,
   "h_intra": 0.03759722222222222,
   "ho_per_user_min": 1.0823359929078016,
   "served": 0.9995555555555556,
   "beams": 66.4,
   "auc_mean_ee": 102807490.10067658,
   "readings_mean": {
    "100": 95504669.95362811,
    "250": 97179873.89193273,
    "500": 104550579.57552075,
    "750": 106048688.62174173,
    "1000": 106224792.13107719
   }
  },
  "A3": {
   "ee": 101242833.54852349,
   "bits": 295915352089026.44,
   "joules": 2922811.105188931,
   "h_inter": 0.5499861111111111,
   "h_intra": 0.03206944444444445,
   "ho_per_user_min": 1.1610150709219857,
   "served": 0.9982638888888888,
   "beams": 63.758333333333326,
   "auc_mean_ee": 103148869.4922725,
   "readings_mean": {
    "100": 92017508.66002347,
    "250": 101593231.2081481,
    "500": 105659393.9460572,
    "750": 104122268.38277502,
    "1000": 105348860.55764633
   }
  }
 },
 "comparisons": {
  "A0>A1": {
   "holds": false,
   "seed_pair_wins": "0/3",
   "mean_diff_rel": -0.14624305174752272
  },
  "A0>A2": {
   "holds": false,
   "seed_pair_wins": "0/3",
   "mean_diff_rel": -0.17464021936519747
  },
  "A0>A3": {
   "holds": false,
   "seed_pair_wins": "0/3",
   "mean_diff_rel": -0.16822706359039452
  },
  "A1>A0": {
   "holds": true,
   "seed_pair_wins": "3/3",
   "mean_diff_rel": 0.171293542086963
  },
  "A1>A2": {
   "holds": false,
   "seed_pair_wins": "1/3",
   "mean_diff_rel": -0.03326141904414337
  },
  "A1>A3": {
   "holds": false,
   "seed_pair_wins": "0/3",
   "mean_diff_rel": -0.025749731100718987
  },
  "A2>A0": {
   "holds": true,
   "seed_pair_wins": "3/3",
   "mean_diff_rel": 0.2115928392232509
  },
  "A2>A1": {
   "holds": true,
   "seed_pair_wins": "2/3",
   "mean_diff_rel": 0.03440580493979706
  },
  "A2>A3": {
   "holds": true,
   "seed_pair_wins": "2/3",
   "mean_diff_rel": 0.007770133613574481
  },
  "A3>A0": {
   "holds": true,
   "seed_pair_wins": "3/3",
   "mean_diff_rel": 0.20225118686423738
  },
  "A3>A1": {
   "holds": true,
   "seed_pair_wins": "3/3",
   "mean_diff_rel": 0.02643030433012994
  },
  "A3>A2": {
   "holds": false,
   "seed_pair_wins": "1/3",
   "mean_diff_rel": -0.007710224141802113
  }
 },
 "branch": "1: A2 > A3 and A2 > A1, C-S non-inferior -> directional three-catfish signal",
 "C_S": {
  "A0": {
   "diff_pp": -0.029166666666669006,
   "ci95_pp": [
    -0.0694444444444442,
    0.00694444444444553
   ],
   "non_inferior": true,
   "per_seed_diff_pp": {
    "0": -0.024999999999997247,
    "1": -0.04166666666666208,
    "2": -0.02083333333333659
   }
  },
  "A2": {
   "diff_pp": 0.027777777777771018,
   "ci95_pp": [
    0.008333333333332416,
    0.04861111111110761
   ],
   "non_inferior": true,
   "per_seed_diff_pp": {
    "0": -0.029166666666669006,
    "1": 0.050000000000005596,
    "2": 0.06249999999999867
   }
  },
  "A3": {
   "diff_pp": -0.10138888888889808,
   "ci95_pp": [
    -0.14305555555556015,
    -0.06111111111111178
   ],
   "non_inferior": true,
   "per_seed_diff_pp": {
    "0": 0.008333333333332416,
    "1": -0.21250000000000435,
    "2": -0.10000000000000009
   }
  }
 },
 "pairing": {
  "all_runs_same_epochs": true,
  "all_runs_same_t0_obs": true,
  "determinism_placebo": {
   "A0s0": true,
   "A0s1": true,
   "A0s2": true,
   "A1s0": true,
   "A1s1": true,
   "A1s2": true,
   "A2s0": true,
   "A2s1": true,
   "A2s2": true,
   "A3s0": true,
   "A3s1": true,
   "A3s2": true
  },
  "tle": [
   "427e6a91774b0ebf3d9b5a13dd783fdaa3f107666f9e9a6cb2a08d5c92b38fe9"
  ],
  "commits": [
   "f297334e"
  ]
 }
}
