CLEAN                                    rc=0  
    red: none
teacher_weights_reintroduced             rc=1  E         comparison failed
    red: test_02_singleton_generic_loss_is_bit_identical_loss_and_gradient test_01_singleton_multi_arm_is_bit_identical_to_the_frozen_d3_t0 test_there_are_no_teacher_weights_anywhere test_06_an_illegal_action_can_never_become_a_target test_07_tie_behaviour_is_deterministic_first_index 
acf_summed_over_members                  rc=1  E         comparison failed
    red: test_02_singleton_generic_loss_is_bit_identical_loss_and_gradient test_01_singleton_multi_arm_is_bit_identical_to_the_frozen_d3_t0 test_04_duplicate_teacher_actions_collapse_to_one_action test_there_are_no_teacher_weights_anywhere test_06_an_illegal_action_can_never_become_a_target test_07_tie_behaviour_is_deterministic_first_index 
acf_cardinality_counts_duplicates        rc=1  
    red: test_04_duplicate_teacher_actions_collapse_to_one_action test_the_null_cardinality_distribution_vs_the_full_arms 
illegal_teacher_actions_admitted         rc=1  
    red: test_05_only_currently_legal_teacher_actions_enter_a_cf test_the_null_cardinality_distribution_vs_the_full_arms 
margin_applied_to_members                rc=1  E         comparison failed
    red: test_02_singleton_generic_loss_is_bit_identical_loss_and_gradient test_01_singleton_multi_arm_is_bit_identical_to_the_frozen_d3_t0 test_04_duplicate_teacher_actions_collapse_to_one_action test_there_are_no_teacher_weights_anywhere test_06_an_illegal_action_can_never_become_a_target test_the_null_cardinality_distribution_vs_the_full_arms 
loss_admits_illegal_members              rc=1  
    red: test_06_an_illegal_action_can_never_become_a_target test_the_null_cardinality_distribution_vs_the_full_arms 
order_dependence_introduced              rc=1  
    red: test_03_teacher_order_is_a_permutation_invariance test_05_only_currently_legal_teacher_actions_enter_a_cf test_the_matched_null_is_a_two_proposal_distinct_legal_set test_the_null_cardinality_distribution_vs_the_full_arms 
teacher_identity_dropped_from_hash       rc=1  
    red: test_09_config_hash_covers_teacher_mechanism_and_null_identity test_the_null_cardinality_distribution_vs_the_full_arms 
deployment_path_touched                  rc=1  
    red: test_01_singleton_multi_arm_is_bit_identical_to_the_frozen_d3_t0 test_08_a_disabled_multi_path_reproduces_the_frozen_control test_10_resume_and_stop_are_deterministic test_11_the_multi_code_changes_no_inference_or_deployment_path test_12_no_teacher_is_required_at_deployment test_the_null_cardinality_distribution_vs_the_full_arms 
null_drawn_with_replacement              rc=1  
    red: test_08_a_disabled_multi_path_reproduces_the_frozen_control test_10_resume_and_stop_are_deterministic test_the_matched_null_is_a_two_proposal_distinct_legal_set test_the_null_cardinality_distribution_vs_the_full_arms test_15_the_selected_bernoulli_null_identity_is_frozen_and_distinct 
null_single_proposal                     rc=1  
    red: test_08_a_disabled_multi_path_reproduces_the_frozen_control test_10_resume_and_stop_are_deterministic test_the_matched_null_is_a_two_proposal_distinct_legal_set test_the_null_cardinality_distribution_vs_the_full_arms test_15_the_selected_bernoulli_null_identity_is_frozen_and_distinct 
