/home/sat/mcrl-catfish-oracle-gate-20260826/.scratch/catfish-oracle-gate/arlp-shadow-confirmation-seeds-10-k10-v4.json
	Command being timed: "/home/sat/mcrl-leo-handover/.venv/bin/python /home/sat/mcrl-catfish-oracle-gate-20260826/.scratch/catfish-oracle-gate/run_arlp_shadow_gate.py --stage confirmation --tle-root /home/sat/mcrl-runtime/tle-frozen-20260820 --output /home/sat/mcrl-catfish-oracle-gate-20260826/.scratch/catfish-oracle-gate/arlp-shadow-confirmation-seeds-10-k10-v4.json"
	User time (seconds): 89.53
	System time (seconds): 2.17
	Percent of CPU this job got: 135%
	Elapsed (wall clock) time (h:mm:ss or m:ss): 1:07.84
	Average shared text size (kbytes): 0
	Average unshared data size (kbytes): 0
	Average stack size (kbytes): 0
	Average total size (kbytes): 0
	Maximum resident set size (kbytes): 2697712
	Average resident set size (kbytes): 0
	Major (requiring I/O) page faults: 0
	Minor (reclaiming a frame) page faults: 941726
	Voluntary context switches: 2496
	Involuntary context switches: 1024
	Swaps: 0
	File system inputs: 0
	File system outputs: 131304
	Socket messages sent: 0
	Socket messages received: 0
	Signals delivered: 0
	Page size (bytes): 4096
	Exit status: 0
