started_utc=2026-08-26T09:24:39+00:00
repo=/home/sat/mcrl-catfish-oracle-gate-20260826
runner_sha256=b50c396ea344d444e5db704aea05db613f9d6e29930524185d0f33f3cee338cb
spec_sha256=e0395bd7735649074fb4993e4a2ef4c6e42f9639b831cb8b4d88e7fef8de835b
checkpoint_sha256=e6b063efea8608fd1e46ac15d5442aa8d1171dffc9f0b5e8cc209eca1b09c28b
python=Python 3.13.3
...............................s........................................ [  8%]
........................................................................ [ 17%]
........................................................................ [ 26%]
........................................................................ [ 34%]
........................................................................ [ 43%]
........................................................................ [ 52%]
........................................................................ [ 61%]
........................................................................ [ 69%]
........................................................................ [ 78%]
........................................................................ [ 87%]
........................................................................ [ 96%]
.................................                                        [100%]
full_suite_exit=0
.....                                                                    [100%]
focused_exit=0
/home/sat/mcrl-catfish-oracle-gate-20260826/.scratch/catfish-oracle-gate/confirmation-seeds-10-k10-v1.json
	Command being timed: "/home/sat/mcrl-leo-handover/.venv/bin/python /home/sat/mcrl-catfish-oracle-gate-20260826/.scratch/catfish-oracle-gate/run_oracle_gate.py --tle-root /home/sat/mcrl-runtime/tle-frozen-20260820 --focal-users-per-step 10 --seeds 2026082401 2026082402 2026082403 2026082404 2026082405 2026082406 2026082407 2026082408 2026082409 2026082410 --output /home/sat/mcrl-catfish-oracle-gate-20260826/.scratch/catfish-oracle-gate/confirmation-seeds-10-k10-v1.json"
	User time (seconds): 112.15
	System time (seconds): 2.03
	Percent of CPU this job got: 134%
	Elapsed (wall clock) time (h:mm:ss or m:ss): 1:24.66
	Average shared text size (kbytes): 0
	Average unshared data size (kbytes): 0
	Average stack size (kbytes): 0
	Average total size (kbytes): 0
	Maximum resident set size (kbytes): 2695596
	Average resident set size (kbytes): 0
	Major (requiring I/O) page faults: 0
	Minor (reclaiming a frame) page faults: 896028
	Voluntary context switches: 2996
	Involuntary context switches: 1841
	Swaps: 0
	File system inputs: 0
	File system outputs: 134032
	Socket messages sent: 0
	Socket messages received: 0
	Signals delivered: 0
	Page size (bytes): 4096
	Exit status: 0
runner_exit=0
verify_exit=0
