/home/sat/mcrl-catfish-oracle-gate-20260826/.scratch/catfish-oracle-gate/state-only-confirmation-seeds-10-k10-v2.json
	Command being timed: "/home/sat/mcrl-leo-handover/.venv/bin/python /home/sat/mcrl-catfish-oracle-gate-20260826/.scratch/catfish-oracle-gate/run_state_observable_gate.py --tle-root /home/sat/mcrl-runtime/tle-frozen-20260820 --focal-users-per-step 10 --seeds 2026082401 2026082402 2026082403 2026082404 2026082405 2026082406 2026082407 2026082408 2026082409 2026082410 --output /home/sat/mcrl-catfish-oracle-gate-20260826/.scratch/catfish-oracle-gate/state-only-confirmation-seeds-10-k10-v2.json"
	User time (seconds): 86.84
	System time (seconds): 1.97
	Percent of CPU this job got: 139%
	Elapsed (wall clock) time (h:mm:ss or m:ss): 1:03.55
	Average shared text size (kbytes): 0
	Average unshared data size (kbytes): 0
	Average stack size (kbytes): 0
	Average total size (kbytes): 0
	Maximum resident set size (kbytes): 2670092
	Average resident set size (kbytes): 0
	Major (requiring I/O) page faults: 0
	Minor (reclaiming a frame) page faults: 872469
	Voluntary context switches: 2576
	Involuntary context switches: 1132
	Swaps: 0
	File system inputs: 0
	File system outputs: 109832
	Socket messages sent: 0
	Socket messages received: 0
	Signals delivered: 0
	Page size (bytes): 4096
	Exit status: 0
