/home/sat/mcrl-catfish-oracle-gate-20260826/.scratch/catfish-oracle-gate/state-learnability-development-seeds-10-k10-v3.1.json
	Command being timed: "/home/sat/mcrl-leo-handover/.venv/bin/python /home/sat/mcrl-catfish-oracle-gate-20260826/.scratch/catfish-oracle-gate/run_state_learnability_dataset.py --partition development --tle-root /home/sat/mcrl-runtime/tle-frozen-20260820 --source-v2-receipt /home/sat/mcrl-catfish-oracle-gate-20260826/.scratch/catfish-oracle-gate/state-only-confirmation-seeds-10-k10-v2.json --output /home/sat/mcrl-catfish-oracle-gate-20260826/.scratch/catfish-oracle-gate/state-learnability-development-seeds-10-k10-v3.1.json"
	User time (seconds): 79.88
	System time (seconds): 1.99
	Percent of CPU this job got: 143%
	Elapsed (wall clock) time (h:mm:ss or m:ss): 0:57.13
	Average shared text size (kbytes): 0
	Average unshared data size (kbytes): 0
	Average stack size (kbytes): 0
	Average total size (kbytes): 0
	Maximum resident set size (kbytes): 2656852
	Average resident set size (kbytes): 0
	Major (requiring I/O) page faults: 0
	Minor (reclaiming a frame) page faults: 893950
	Voluntary context switches: 2510
	Involuntary context switches: 1152
	Swaps: 0
	File system inputs: 0
	File system outputs: 59672
	Socket messages sent: 0
	Socket messages received: 0
	Signals delivered: 0
	Page size (bytes): 4096
	Exit status: 0
