/home/sat/mcrl-catfish-oracle-gate-20260826/.scratch/catfish-oracle-gate/state-learnability-result-v3.1.json
	Command being timed: "/home/sat/mcrl-leo-handover/.venv/bin/python /home/sat/mcrl-catfish-oracle-gate-20260826/.scratch/catfish-oracle-gate/run_state_learnability_gate.py --development /home/sat/mcrl-catfish-oracle-gate-20260826/.scratch/catfish-oracle-gate/state-learnability-development-seeds-10-k10-v3.1.json --heldout /home/sat/mcrl-catfish-oracle-gate-20260826/.scratch/catfish-oracle-gate/state-learnability-heldout-seeds-10-k10-v3.1.json --output /home/sat/mcrl-catfish-oracle-gate-20260826/.scratch/catfish-oracle-gate/state-learnability-result-v3.1.json"
	User time (seconds): 5.54
	System time (seconds): 0.39
	Percent of CPU this job got: 128%
	Elapsed (wall clock) time (h:mm:ss or m:ss): 0:04.62
	Average shared text size (kbytes): 0
	Average unshared data size (kbytes): 0
	Average stack size (kbytes): 0
	Average total size (kbytes): 0
	Maximum resident set size (kbytes): 935088
	Average resident set size (kbytes): 0
	Major (requiring I/O) page faults: 0
	Minor (reclaiming a frame) page faults: 155356
	Voluntary context switches: 139
	Involuntary context switches: 119
	Swaps: 0
	File system inputs: 0
	File system outputs: 608
	Socket messages sent: 0
	Socket messages received: 0
	Signals delivered: 0
	Page size (bytes): 4096
	Exit status: 0
