[ep   100/9000] eps=0.951 scalar=2.6650e+06 r1=5.3299e+06 r2=-7.4950 r3=-1.3070e+01 ho=858 buf=50000
[ep   200/9000] eps=0.901 scalar=2.9077e+06 r1=5.8154e+06 r2=-7.3350 r3=-1.4270e+01 ho=853 buf=50000
[ep   300/9000] eps=0.852 scalar=2.9087e+06 r1=5.8175e+06 r2=-7.3000 r3=-1.4120e+01 ho=850 buf=50000
[ep   400/9000] eps=0.802 scalar=2.8352e+06 r1=5.6704e+06 r2=-7.1000 r3=-1.3970e+01 ho=822 buf=50000
[ep   500/9000] eps=0.753 scalar=3.1149e+06 r1=6.2298e+06 r2=-6.8500 r3=-1.3650e+01 ho=815 buf=50000
[ep   600/9000] eps=0.703 scalar=3.2343e+06 r1=6.4687e+06 r2=-6.9700 r3=-1.3940e+01 ho=825 buf=50000
[ep   700/9000] eps=0.654 scalar=2.6439e+06 r1=5.2878e+06 r2=-6.8550 r3=-1.4020e+01 ho=801 buf=50000
[ep   800/9000] eps=0.604 scalar=2.7823e+06 r1=5.5646e+06 r2=-6.6500 r3=-1.5350e+01 ho=789 buf=50000
[ep   900/9000] eps=0.555 scalar=3.6474e+06 r1=7.2949e+06 r2=-6.2350 r3=-1.6300e+01 ho=725 buf=50000
[ep  1000/9000] eps=0.505 scalar=2.8571e+06 r1=5.7142e+06 r2=-6.1700 r3=-1.5860e+01 ho=721 buf=50000
[ep  1100/9000] eps=0.456 scalar=2.7051e+06 r1=5.4102e+06 r2=-5.6250 r3=-1.6210e+01 ho=666 buf=50000
[ep  1200/9000] eps=0.406 scalar=3.2728e+06 r1=6.5456e+06 r2=-5.7850 r3=-1.7270e+01 ho=678 buf=50000
[ep  1300/9000] eps=0.357 scalar=3.0178e+06 r1=6.0356e+06 r2=-5.1100 r3=-1.6900e+01 ho=610 buf=50000
[ep  1400/9000] eps=0.307 scalar=3.0208e+06 r1=6.0416e+06 r2=-5.2250 r3=-1.5090e+01 ho=630 buf=50000
[ep  1500/9000] eps=0.258 scalar=3.5312e+06 r1=7.0624e+06 r2=-4.3600 r3=-1.7210e+01 ho=491 buf=50000
[ep  1600/9000] eps=0.208 scalar=2.6138e+06 r1=5.2276e+06 r2=-3.9350 r3=-1.8350e+01 ho=479 buf=50000
[ep  1700/9000] eps=0.159 scalar=2.9707e+06 r1=5.9414e+06 r2=-3.5900 r3=-2.1270e+01 ho=424 buf=50000
[ep  1800/9000] eps=0.109 scalar=3.1968e+06 r1=6.3935e+06 r2=-3.4700 r3=-1.8640e+01 ho=447 buf=50000
[ep  1900/9000] eps=0.060 scalar=2.9089e+06 r1=5.8177e+06 r2=-3.1850 r3=-2.6830e+01 ho=398 buf=50000
[ep  2000/9000] eps=0.010 scalar=3.8381e+06 r1=7.6762e+06 r2=-2.2050 r3=-2.8730e+01 ho=226 buf=50000
[ep  2100/9000] eps=0.010 scalar=2.9745e+06 r1=5.9489e+06 r2=-2.4750 r3=-2.9630e+01 ho=300 buf=50000
[ep  2200/9000] eps=0.010 scalar=3.2793e+06 r1=6.5586e+06 r2=-3.3600 r3=-2.7960e+01 ho=393 buf=50000
[ep  2300/9000] eps=0.010 scalar=3.6740e+06 r1=7.3480e+06 r2=-2.2800 r3=-2.5140e+01 ho=240 buf=50000
[ep  2400/9000] eps=0.010 scalar=2.8524e+06 r1=5.7047e+06 r2=-3.5100 r3=-2.4640e+01 ho=452 buf=50000
[ep  2500/9000] eps=0.010 scalar=2.8990e+06 r1=5.7981e+06 r2=-3.5650 r3=-2.1090e+01 ho=398 buf=50000
[ep  2600/9000] eps=0.010 scalar=3.7090e+06 r1=7.4180e+06 r2=-3.3450 r3=-2.3280e+01 ho=376 buf=50000
[ep  2700/9000] eps=0.010 scalar=3.2757e+06 r1=6.5515e+06 r2=-3.8950 r3=-2.3140e+01 ho=461 buf=50000
[ep  2800/9000] eps=0.010 scalar=4.5062e+06 r1=9.0125e+06 r2=-2.2400 r3=-2.5460e+01 ho=235 buf=50000
[ep  2900/9000] eps=0.010 scalar=2.6355e+06 r1=5.2710e+06 r2=-3.4150 r3=-2.0430e+01 ho=354 buf=50000
[ep  3000/9000] eps=0.010 scalar=2.3306e+06 r1=4.6613e+06 r2=-3.7500 r3=-2.9020e+01 ho=506 buf=50000
[ep  3100/9000] eps=0.010 scalar=2.8777e+06 r1=5.7554e+06 r2=-3.4350 r3=-2.4050e+01 ho=401 buf=50000
[ep  3200/9000] eps=0.010 scalar=2.8413e+06 r1=5.6826e+06 r2=-2.8800 r3=-2.0540e+01 ho=292 buf=50000
[ep  3300/9000] eps=0.010 scalar=2.6557e+06 r1=5.3115e+06 r2=-3.2500 r3=-2.9730e+01 ho=336 buf=50000
[ep  3400/9000] eps=0.010 scalar=3.7985e+06 r1=7.5971e+06 r2=-3.4200 r3=-2.9290e+01 ho=401 buf=50000
[ep  3500/9000] eps=0.010 scalar=3.8954e+06 r1=7.7909e+06 r2=-4.4750 r3=-2.4680e+01 ho=533 buf=50000
[ep  3600/9000] eps=0.010 scalar=3.6896e+06 r1=7.3793e+06 r2=-2.8200 r3=-2.5340e+01 ho=330 buf=50000
[ep  3700/9000] eps=0.010 scalar=3.4446e+06 r1=6.8893e+06 r2=-3.6400 r3=-2.2450e+01 ho=432 buf=50000
[ep  3800/9000] eps=0.010 scalar=2.7206e+06 r1=5.4412e+06 r2=-4.1250 r3=-2.2230e+01 ho=496 buf=50000
[ep  3900/9000] eps=0.010 scalar=3.5413e+06 r1=7.0826e+06 r2=-4.2450 r3=-2.4500e+01 ho=507 buf=50000
[ep  4000/9000] eps=0.010 scalar=3.1015e+06 r1=6.2031e+06 r2=-3.3700 r3=-2.3680e+01 ho=431 buf=50000
[ep  4100/9000] eps=0.010 scalar=3.1531e+06 r1=6.3063e+06 r2=-4.1050 r3=-2.5050e+01 ho=515 buf=50000
[ep  4200/9000] eps=0.010 scalar=2.4212e+06 r1=4.8425e+06 r2=-3.6400 r3=-2.3200e+01 ho=436 buf=50000
[ep  4300/9000] eps=0.010 scalar=3.0088e+06 r1=6.0176e+06 r2=-3.0950 r3=-2.5520e+01 ho=400 buf=50000
[ep  4400/9000] eps=0.010 scalar=2.6294e+06 r1=5.2588e+06 r2=-5.4200 r3=-2.6030e+01 ho=627 buf=50000
[ep  4500/9000] eps=0.010 scalar=2.8499e+06 r1=5.6999e+06 r2=-4.3750 r3=-2.1550e+01 ho=498 buf=50000
[ep  4600/9000] eps=0.010 scalar=3.3233e+06 r1=6.6467e+06 r2=-3.9650 r3=-2.8760e+01 ho=550 buf=50000
[ep  4700/9000] eps=0.010 scalar=2.9470e+06 r1=5.8940e+06 r2=-3.6650 r3=-2.5840e+01 ho=433 buf=50000
[ep  4800/9000] eps=0.010 scalar=2.7324e+06 r1=5.4649e+06 r2=-3.8000 r3=-2.4040e+01 ho=484 buf=50000
[ep  4900/9000] eps=0.010 scalar=2.7046e+06 r1=5.4093e+06 r2=-3.7150 r3=-2.1110e+01 ho=433 buf=50000
[ep  5000/9000] eps=0.010 scalar=3.6317e+06 r1=7.2634e+06 r2=-4.2950 r3=-2.3910e+01 ho=584 buf=50000
[ep  5100/9000] eps=0.010 scalar=2.9564e+06 r1=5.9127e+06 r2=-3.4550 r3=-2.2630e+01 ho=401 buf=50000
[ep  5200/9000] eps=0.010 scalar=2.9859e+06 r1=5.9718e+06 r2=-3.3400 r3=-2.3170e+01 ho=387 buf=50000
[ep  5300/9000] eps=0.010 scalar=2.8859e+06 r1=5.7718e+06 r2=-4.5250 r3=-2.1720e+01 ho=603 buf=50000
[ep  5400/9000] eps=0.010 scalar=4.7363e+06 r1=9.4726e+06 r2=-2.0650 r3=-2.7980e+01 ho=208 buf=50000
[ep  5500/9000] eps=0.010 scalar=3.0986e+06 r1=6.1972e+06 r2=-3.2200 r3=-2.3360e+01 ho=365 buf=50000
[ep  5600/9000] eps=0.010 scalar=2.4080e+06 r1=4.8161e+06 r2=-3.3000 r3=-2.6070e+01 ho=370 buf=50000
[ep  5700/9000] eps=0.010 scalar=2.9405e+06 r1=5.8809e+06 r2=-3.7500 r3=-2.2570e+01 ho=497 buf=50000
[ep  5800/9000] eps=0.010 scalar=3.3074e+06 r1=6.6148e+06 r2=-3.3700 r3=-2.3890e+01 ho=390 buf=50000
[ep  5900/9000] eps=0.010 scalar=2.8485e+06 r1=5.6969e+06 r2=-3.4450 r3=-2.2600e+01 ho=433 buf=50000
[ep  6000/9000] eps=0.010 scalar=3.5845e+06 r1=7.1689e+06 r2=-3.0450 r3=-2.8850e+01 ho=386 buf=50000
[ep  6100/9000] eps=0.010 scalar=3.4130e+06 r1=6.8261e+06 r2=-3.0450 r3=-2.6160e+01 ho=308 buf=50000
[ep  6200/9000] eps=0.010 scalar=3.4190e+06 r1=6.8381e+06 r2=-2.9300 r3=-2.2630e+01 ho=386 buf=50000
[ep  6300/9000] eps=0.010 scalar=2.6302e+06 r1=5.2605e+06 r2=-2.8050 r3=-2.8220e+01 ho=375 buf=50000
[ep  6400/9000] eps=0.010 scalar=2.7775e+06 r1=5.5550e+06 r2=-3.7100 r3=-2.9030e+01 ho=495 buf=50000
[ep  6500/9000] eps=0.010 scalar=4.1049e+06 r1=8.2099e+06 r2=-2.8850 r3=-2.7800e+01 ho=290 buf=50000
[ep  6600/9000] eps=0.010 scalar=2.5988e+06 r1=5.1976e+06 r2=-3.4150 r3=-2.4800e+01 ho=441 buf=50000
[ep  6700/9000] eps=0.010 scalar=2.6514e+06 r1=5.3028e+06 r2=-4.0250 r3=-2.3260e+01 ho=454 buf=50000
[ep  6800/9000] eps=0.010 scalar=2.7075e+06 r1=5.4150e+06 r2=-3.3350 r3=-2.4940e+01 ho=378 buf=50000
[ep  6900/9000] eps=0.010 scalar=4.0351e+06 r1=8.0701e+06 r2=-2.8300 r3=-1.9130e+01 ho=290 buf=50000
[ep  7000/9000] eps=0.010 scalar=3.8101e+06 r1=7.6201e+06 r2=-3.6900 r3=-1.8660e+01 ho=459 buf=50000
[ep  7100/9000] eps=0.010 scalar=2.9705e+06 r1=5.9411e+06 r2=-3.7000 r3=-2.3960e+01 ho=371 buf=50000
[ep  7200/9000] eps=0.010 scalar=2.2890e+06 r1=4.5780e+06 r2=-4.6300 r3=-2.1830e+01 ho=593 buf=50000
[ep  7300/9000] eps=0.010 scalar=2.5084e+06 r1=5.0169e+06 r2=-3.6900 r3=-3.0020e+01 ho=518 buf=50000
[ep  7400/9000] eps=0.010 scalar=3.1767e+06 r1=6.3535e+06 r2=-3.3950 r3=-2.5410e+01 ho=391 buf=50000
[ep  7500/9000] eps=0.010 scalar=3.3151e+06 r1=6.6302e+06 r2=-3.9900 r3=-2.7280e+01 ho=444 buf=50000
[ep  7600/9000] eps=0.010 scalar=2.4462e+06 r1=4.8924e+06 r2=-2.7900 r3=-2.7750e+01 ho=281 buf=50000
[ep  7700/9000] eps=0.010 scalar=3.8019e+06 r1=7.6038e+06 r2=-3.2350 r3=-2.9230e+01 ho=419 buf=50000
[ep  7800/9000] eps=0.010 scalar=3.3014e+06 r1=6.6029e+06 r2=-4.2300 r3=-2.6870e+01 ho=472 buf=50000
[ep  7900/9000] eps=0.010 scalar=2.9280e+06 r1=5.8560e+06 r2=-4.0600 r3=-2.5550e+01 ho=425 buf=50000
[ep  8000/9000] eps=0.010 scalar=2.6681e+06 r1=5.3362e+06 r2=-4.4750 r3=-2.2410e+01 ho=496 buf=50000
[ep  8100/9000] eps=0.010 scalar=2.6032e+06 r1=5.2064e+06 r2=-2.7500 r3=-2.6450e+01 ho=309 buf=50000
[ep  8200/9000] eps=0.010 scalar=3.1787e+06 r1=6.3574e+06 r2=-2.7850 r3=-3.1430e+01 ho=392 buf=50000
[ep  8300/9000] eps=0.010 scalar=2.5458e+06 r1=5.0915e+06 r2=-3.1250 r3=-2.5110e+01 ho=409 buf=50000
[ep  8400/9000] eps=0.010 scalar=2.1211e+06 r1=4.2423e+06 r2=-3.5850 r3=-2.6310e+01 ho=428 buf=50000
[ep  8500/9000] eps=0.010 scalar=4.5606e+06 r1=9.1212e+06 r2=-4.2300 r3=-2.8370e+01 ho=434 buf=50000
[ep  8600/9000] eps=0.010 scalar=3.5100e+06 r1=7.0199e+06 r2=-3.9100 r3=-3.0730e+01 ho=411 buf=50000
[ep  8700/9000] eps=0.010 scalar=2.2280e+06 r1=4.4559e+06 r2=-4.2550 r3=-3.0420e+01 ho=571 buf=50000
[ep  8800/9000] eps=0.010 scalar=3.3523e+06 r1=6.7045e+06 r2=-3.7550 r3=-2.5140e+01 ho=468 buf=50000
[ep  8900/9000] eps=0.010 scalar=1.9029e+06 r1=3.8058e+06 r2=-4.5450 r3=-2.5120e+01 ho=637 buf=50000
[ep  9000/9000] eps=0.010 scalar=2.5243e+06 r1=5.0487e+06 r2=-3.7650 r3=-2.9380e+01 ho=458 buf=50000
[ep   100/9000] eps=0.951 scalar=2.6241e+06 r1=5.2482e+06 r2=-7.4450 r3=-1.3070e+01 ho=849 buf=50000
[ep   200/9000] eps=0.901 scalar=2.8367e+06 r1=5.6735e+06 r2=-7.1850 r3=-1.3140e+01 ho=817 buf=50000
[ep   300/9000] eps=0.852 scalar=2.9215e+06 r1=5.8429e+06 r2=-7.0450 r3=-1.3440e+01 ho=825 buf=50000
[ep   400/9000] eps=0.802 scalar=3.1862e+06 r1=6.3724e+06 r2=-6.9950 r3=-1.4400e+01 ho=803 buf=50000
[ep   500/9000] eps=0.753 scalar=3.1193e+06 r1=6.2386e+06 r2=-6.4550 r3=-1.3860e+01 ho=760 buf=50000
[ep   600/9000] eps=0.703 scalar=3.4017e+06 r1=6.8034e+06 r2=-6.4000 r3=-1.3580e+01 ho=750 buf=50000
[ep   700/9000] eps=0.654 scalar=3.1506e+06 r1=6.3013e+06 r2=-5.9050 r3=-1.3910e+01 ho=677 buf=50000
[ep   800/9000] eps=0.604 scalar=2.9118e+06 r1=5.8236e+06 r2=-5.9650 r3=-1.5490e+01 ho=689 buf=50000
[ep   900/9000] eps=0.555 scalar=3.5170e+06 r1=7.0341e+06 r2=-5.6300 r3=-1.4660e+01 ho=649 buf=50000
[ep  1000/9000] eps=0.505 scalar=3.2592e+06 r1=6.5183e+06 r2=-5.3000 r3=-1.3770e+01 ho=630 buf=50000
[ep  1100/9000] eps=0.456 scalar=3.7360e+06 r1=7.4721e+06 r2=-5.0850 r3=-1.4630e+01 ho=579 buf=50000
[ep  1200/9000] eps=0.406 scalar=3.8241e+06 r1=7.6483e+06 r2=-4.7400 r3=-1.5330e+01 ho=541 buf=50000
[ep  1300/9000] eps=0.357 scalar=3.6647e+06 r1=7.3293e+06 r2=-4.5000 r3=-1.7840e+01 ho=523 buf=50000
[ep  1400/9000] eps=0.307 scalar=3.9534e+06 r1=7.9067e+06 r2=-4.3950 r3=-1.6510e+01 ho=498 buf=50000
[ep  1500/9000] eps=0.258 scalar=4.0141e+06 r1=8.0283e+06 r2=-4.0150 r3=-1.4930e+01 ho=459 buf=50000
[ep  1600/9000] eps=0.208 scalar=3.9029e+06 r1=7.8057e+06 r2=-3.3650 r3=-1.5560e+01 ho=385 buf=50000
[ep  1700/9000] eps=0.159 scalar=3.4786e+06 r1=6.9573e+06 r2=-3.2250 r3=-1.6180e+01 ho=368 buf=50000
[ep  1800/9000] eps=0.109 scalar=3.9635e+06 r1=7.9271e+06 r2=-3.4350 r3=-1.7820e+01 ho=395 buf=50000
[ep  1900/9000] eps=0.060 scalar=4.1249e+06 r1=8.2497e+06 r2=-2.8750 r3=-1.9670e+01 ho=321 buf=50000
[ep  2000/9000] eps=0.010 scalar=4.3623e+06 r1=8.7245e+06 r2=-3.6900 r3=-1.9750e+01 ho=443 buf=50000
[ep  2100/9000] eps=0.010 scalar=4.4879e+06 r1=8.9759e+06 r2=-2.5450 r3=-2.2940e+01 ho=280 buf=50000
[ep  2200/9000] eps=0.010 scalar=3.8921e+06 r1=7.7842e+06 r2=-2.0800 r3=-2.0510e+01 ho=221 buf=50000
[ep  2300/9000] eps=0.010 scalar=4.3381e+06 r1=8.6762e+06 r2=-2.0500 r3=-2.3280e+01 ho=239 buf=50000
[ep  2400/9000] eps=0.010 scalar=4.5522e+06 r1=9.1045e+06 r2=-3.0250 r3=-1.9270e+01 ho=355 buf=50000
[ep  2500/9000] eps=0.010 scalar=4.7002e+06 r1=9.4004e+06 r2=-2.5850 r3=-2.0850e+01 ho=273 buf=50000
[ep  2600/9000] eps=0.010 scalar=4.5969e+06 r1=9.1939e+06 r2=-2.8900 r3=-2.0510e+01 ho=314 buf=50000
[ep  2700/9000] eps=0.010 scalar=4.4881e+06 r1=8.9762e+06 r2=-2.8450 r3=-1.8350e+01 ho=326 buf=50000
[ep  2800/9000] eps=0.010 scalar=3.1932e+06 r1=6.3864e+06 r2=-3.5400 r3=-2.0640e+01 ho=441 buf=50000
[ep  2900/9000] eps=0.010 scalar=4.2294e+06 r1=8.4588e+06 r2=-2.5450 r3=-1.7620e+01 ho=294 buf=50000
[ep  3000/9000] eps=0.010 scalar=4.4657e+06 r1=8.9314e+06 r2=-2.5200 r3=-2.1960e+01 ho=290 buf=50000
[ep  3100/9000] eps=0.010 scalar=4.0178e+06 r1=8.0357e+06 r2=-3.2300 r3=-1.8510e+01 ho=392 buf=50000
[ep  3200/9000] eps=0.010 scalar=4.7629e+06 r1=9.5258e+06 r2=-2.3850 r3=-2.3420e+01 ho=260 buf=50000
[ep  3300/9000] eps=0.010 scalar=4.2538e+06 r1=8.5076e+06 r2=-3.2800 r3=-1.8230e+01 ho=376 buf=50000
[ep  3400/9000] eps=0.010 scalar=4.6406e+06 r1=9.2811e+06 r2=-2.1050 r3=-2.5770e+01 ho=231 buf=50000
[ep  3500/9000] eps=0.010 scalar=3.8802e+06 r1=7.7604e+06 r2=-2.4500 r3=-2.0520e+01 ho=278 buf=50000
[ep  3600/9000] eps=0.010 scalar=4.1693e+06 r1=8.3386e+06 r2=-2.2500 r3=-2.2770e+01 ho=241 buf=50000
[ep  3700/9000] eps=0.010 scalar=4.2181e+06 r1=8.4363e+06 r2=-2.2400 r3=-1.6110e+01 ho=262 buf=50000
[ep  3800/9000] eps=0.010 scalar=4.2413e+06 r1=8.4826e+06 r2=-2.5800 r3=-2.1390e+01 ho=277 buf=50000
[ep  3900/9000] eps=0.010 scalar=4.5977e+06 r1=9.1954e+06 r2=-3.4050 r3=-2.3340e+01 ho=381 buf=50000
[ep  4000/9000] eps=0.010 scalar=4.0575e+06 r1=8.1149e+06 r2=-2.3300 r3=-1.9120e+01 ho=255 buf=50000
[ep  4100/9000] eps=0.010 scalar=4.5032e+06 r1=9.0064e+06 r2=-2.9350 r3=-2.3290e+01 ho=373 buf=50000
[ep  4200/9000] eps=0.010 scalar=3.8512e+06 r1=7.7024e+06 r2=-2.4500 r3=-2.1820e+01 ho=259 buf=50000
[ep  4300/9000] eps=0.010 scalar=4.3066e+06 r1=8.6131e+06 r2=-2.5250 r3=-2.0590e+01 ho=290 buf=50000
[ep  4400/9000] eps=0.010 scalar=4.6378e+06 r1=9.2756e+06 r2=-2.2300 r3=-2.0750e+01 ho=225 buf=50000
[ep  4500/9000] eps=0.010 scalar=4.0365e+06 r1=8.0731e+06 r2=-2.7750 r3=-2.0600e+01 ho=341 buf=50000
[ep  4600/9000] eps=0.010 scalar=3.5800e+06 r1=7.1601e+06 r2=-2.8600 r3=-1.6370e+01 ho=330 buf=50000
[ep  4700/9000] eps=0.010 scalar=4.3080e+06 r1=8.6161e+06 r2=-3.2450 r3=-2.0920e+01 ho=385 buf=50000
[ep  4800/9000] eps=0.010 scalar=4.1703e+06 r1=8.3405e+06 r2=-2.3100 r3=-1.8220e+01 ho=269 buf=50000
[ep  4900/9000] eps=0.010 scalar=3.5167e+06 r1=7.0334e+06 r2=-3.2300 r3=-2.1820e+01 ho=395 buf=50000
[ep  5000/9000] eps=0.010 scalar=3.9778e+06 r1=7.9556e+06 r2=-2.9200 r3=-1.7720e+01 ho=373 buf=50000
[ep  5100/9000] eps=0.010 scalar=3.0261e+06 r1=6.0522e+06 r2=-3.2150 r3=-1.7130e+01 ho=386 buf=50000
[ep  5200/9000] eps=0.010 scalar=4.1216e+06 r1=8.2432e+06 r2=-2.5350 r3=-1.7960e+01 ho=280 buf=50000
[ep  5300/9000] eps=0.010 scalar=4.6784e+06 r1=9.3567e+06 r2=-3.2750 r3=-2.0000e+01 ho=390 buf=50000
[ep  5400/9000] eps=0.010 scalar=3.5133e+06 r1=7.0267e+06 r2=-3.8500 r3=-2.1260e+01 ho=427 buf=50000
[ep  5500/9000] eps=0.010 scalar=4.8040e+06 r1=9.6081e+06 r2=-2.3950 r3=-2.3850e+01 ho=253 buf=50000
[ep  5600/9000] eps=0.010 scalar=4.5581e+06 r1=9.1162e+06 r2=-3.0100 r3=-2.2080e+01 ho=358 buf=50000
[ep  5700/9000] eps=0.010 scalar=4.4154e+06 r1=8.8307e+06 r2=-3.3950 r3=-1.8730e+01 ho=402 buf=50000
[ep  5800/9000] eps=0.010 scalar=4.4095e+06 r1=8.8190e+06 r2=-3.2100 r3=-1.9690e+01 ho=371 buf=50000
[ep  5900/9000] eps=0.010 scalar=3.7410e+06 r1=7.4820e+06 r2=-2.9100 r3=-2.0570e+01 ho=322 buf=50000
[ep  6000/9000] eps=0.010 scalar=4.3282e+06 r1=8.6563e+06 r2=-3.0250 r3=-2.3870e+01 ho=317 buf=50000
[ep  6100/9000] eps=0.010 scalar=4.3523e+06 r1=8.7047e+06 r2=-3.1450 r3=-1.9650e+01 ho=370 buf=50000
[ep  6200/9000] eps=0.010 scalar=4.3546e+06 r1=8.7091e+06 r2=-2.6200 r3=-2.3260e+01 ho=310 buf=50000
[ep  6300/9000] eps=0.010 scalar=4.4512e+06 r1=8.9025e+06 r2=-3.0450 r3=-2.5060e+01 ho=328 buf=50000
[ep  6400/9000] eps=0.010 scalar=4.0982e+06 r1=8.1963e+06 r2=-2.8750 r3=-1.8910e+01 ho=337 buf=50000
[ep  6500/9000] eps=0.010 scalar=3.6096e+06 r1=7.2191e+06 r2=-2.8950 r3=-2.2010e+01 ho=315 buf=50000
[ep  6600/9000] eps=0.010 scalar=4.1205e+06 r1=8.2411e+06 r2=-2.5200 r3=-1.8530e+01 ho=273 buf=50000
[ep  6700/9000] eps=0.010 scalar=4.3095e+06 r1=8.6190e+06 r2=-2.8900 r3=-2.0940e+01 ho=356 buf=50000
[ep  6800/9000] eps=0.010 scalar=4.4164e+06 r1=8.8328e+06 r2=-3.4100 r3=-2.2790e+01 ho=404 buf=50000
[ep  6900/9000] eps=0.010 scalar=4.3701e+06 r1=8.7403e+06 r2=-2.8550 r3=-1.8080e+01 ho=341 buf=50000
[ep  7000/9000] eps=0.010 scalar=4.1125e+06 r1=8.2250e+06 r2=-2.8750 r3=-1.8900e+01 ho=372 buf=50000
[ep  7100/9000] eps=0.010 scalar=3.8962e+06 r1=7.7925e+06 r2=-2.2200 r3=-1.9620e+01 ho=245 buf=50000
[ep  7200/9000] eps=0.010 scalar=4.8546e+06 r1=9.7092e+06 r2=-2.2450 r3=-2.1710e+01 ho=236 buf=50000
[ep  7300/9000] eps=0.010 scalar=4.1211e+06 r1=8.2422e+06 r2=-3.0100 r3=-2.3420e+01 ho=370 buf=50000
[ep  7400/9000] eps=0.010 scalar=4.7663e+06 r1=9.5326e+06 r2=-2.7000 r3=-1.8070e+01 ho=295 buf=50000
[ep  7500/9000] eps=0.010 scalar=4.1806e+06 r1=8.3613e+06 r2=-2.2550 r3=-2.4830e+01 ho=237 buf=50000
[ep  7600/9000] eps=0.010 scalar=4.6854e+06 r1=9.3709e+06 r2=-2.4600 r3=-2.7360e+01 ho=283 buf=50000
[ep  7700/9000] eps=0.010 scalar=3.8120e+06 r1=7.6240e+06 r2=-3.4050 r3=-1.6660e+01 ho=407 buf=50000
[ep  7800/9000] eps=0.010 scalar=4.4564e+06 r1=8.9128e+06 r2=-2.5550 r3=-2.1010e+01 ho=267 buf=50000
[ep  7900/9000] eps=0.010 scalar=4.6411e+06 r1=9.2822e+06 r2=-2.7200 r3=-2.2980e+01 ho=291 buf=50000
[ep  8000/9000] eps=0.010 scalar=3.9681e+06 r1=7.9363e+06 r2=-2.4400 r3=-1.5920e+01 ho=289 buf=50000
[ep  8100/9000] eps=0.010 scalar=4.2183e+06 r1=8.4367e+06 r2=-3.1000 r3=-1.7890e+01 ho=381 buf=50000
[ep  8200/9000] eps=0.010 scalar=4.2377e+06 r1=8.4755e+06 r2=-2.5700 r3=-2.1780e+01 ho=304 buf=50000
[ep  8300/9000] eps=0.010 scalar=4.0630e+06 r1=8.1261e+06 r2=-2.8700 r3=-2.5340e+01 ho=316 buf=50000
[ep  8400/9000] eps=0.010 scalar=4.1553e+06 r1=8.3107e+06 r2=-2.4350 r3=-2.0560e+01 ho=247 buf=50000
[ep  8500/9000] eps=0.010 scalar=3.8375e+06 r1=7.6750e+06 r2=-3.0250 r3=-2.5530e+01 ho=394 buf=50000
[ep  8600/9000] eps=0.010 scalar=3.5681e+06 r1=7.1362e+06 r2=-3.0800 r3=-1.7370e+01 ho=343 buf=50000
[ep  8700/9000] eps=0.010 scalar=3.5496e+06 r1=7.0993e+06 r2=-2.7300 r3=-2.6060e+01 ho=301 buf=50000
[ep  8800/9000] eps=0.010 scalar=4.1572e+06 r1=8.3144e+06 r2=-3.0550 r3=-1.8550e+01 ho=376 buf=50000
[ep  8900/9000] eps=0.010 scalar=4.5998e+06 r1=9.1995e+06 r2=-2.7550 r3=-2.2330e+01 ho=295 buf=50000
[ep  9000/9000] eps=0.010 scalar=4.1296e+06 r1=8.2593e+06 r2=-2.8350 r3=-2.4140e+01 ho=343 buf=50000
[ep   100/9000] eps=0.951 scalar=2.6214e+06 r1=5.2429e+06 r2=-7.4700 r3=-1.3030e+01 ho=853 buf=50000
[ep   200/9000] eps=0.901 scalar=2.8677e+06 r1=5.7355e+06 r2=-7.2900 r3=-1.3360e+01 ho=835 buf=50000
[ep   300/9000] eps=0.852 scalar=3.1529e+06 r1=6.3058e+06 r2=-7.1350 r3=-1.3730e+01 ho=827 buf=50000
[ep   400/9000] eps=0.802 scalar=3.3425e+06 r1=6.6850e+06 r2=-7.0250 r3=-1.3860e+01 ho=803 buf=50000
[ep   500/9000] eps=0.753 scalar=3.4421e+06 r1=6.8842e+06 r2=-6.7400 r3=-1.4260e+01 ho=791 buf=50000
[ep   600/9000] eps=0.703 scalar=3.1874e+06 r1=6.3748e+06 r2=-6.4400 r3=-1.3950e+01 ho=750 buf=50000
[ep   700/9000] eps=0.654 scalar=3.1678e+06 r1=6.3355e+06 r2=-6.1550 r3=-1.5090e+01 ho=714 buf=50000
[ep   800/9000] eps=0.604 scalar=3.2941e+06 r1=6.5881e+06 r2=-6.1000 r3=-1.3930e+01 ho=717 buf=50000
[ep   900/9000] eps=0.555 scalar=3.5412e+06 r1=7.0825e+06 r2=-5.5900 r3=-1.4680e+01 ho=656 buf=50000
[ep  1000/9000] eps=0.505 scalar=3.5499e+06 r1=7.0999e+06 r2=-5.3550 r3=-1.4680e+01 ho=620 buf=50000
[ep  1100/9000] eps=0.456 scalar=3.5844e+06 r1=7.1689e+06 r2=-5.0850 r3=-1.5230e+01 ho=581 buf=50000
[ep  1200/9000] eps=0.406 scalar=3.9829e+06 r1=7.9658e+06 r2=-4.6200 r3=-1.4830e+01 ho=519 buf=50000
[ep  1300/9000] eps=0.357 scalar=4.1638e+06 r1=8.3276e+06 r2=-4.4650 r3=-1.6450e+01 ho=507 buf=50000
[ep  1400/9000] eps=0.307 scalar=4.1162e+06 r1=8.2324e+06 r2=-4.1200 r3=-1.5900e+01 ho=465 buf=50000
[ep  1500/9000] eps=0.258 scalar=4.0193e+06 r1=8.0386e+06 r2=-3.7450 r3=-1.4770e+01 ho=411 buf=50000
[ep  1600/9000] eps=0.208 scalar=3.9466e+06 r1=7.8932e+06 r2=-3.0850 r3=-1.5780e+01 ho=343 buf=50000
[ep  1700/9000] eps=0.159 scalar=3.9240e+06 r1=7.8480e+06 r2=-3.1600 r3=-1.6850e+01 ho=342 buf=50000
[ep  1800/9000] eps=0.109 scalar=3.9330e+06 r1=7.8661e+06 r2=-2.6000 r3=-1.6080e+01 ho=277 buf=50000
[ep  1900/9000] eps=0.060 scalar=4.2368e+06 r1=8.4735e+06 r2=-2.5050 r3=-1.6990e+01 ho=278 buf=50000
[ep  2000/9000] eps=0.010 scalar=4.4430e+06 r1=8.8861e+06 r2=-2.1200 r3=-1.7760e+01 ho=218 buf=50000
[ep  2100/9000] eps=0.010 scalar=4.4485e+06 r1=8.8969e+06 r2=-2.0600 r3=-2.4960e+01 ho=223 buf=50000
[ep  2200/9000] eps=0.010 scalar=4.7759e+06 r1=9.5518e+06 r2=-2.0750 r3=-1.7440e+01 ho=213 buf=50000
[ep  2300/9000] eps=0.010 scalar=4.4512e+06 r1=8.9024e+06 r2=-2.1600 r3=-1.8400e+01 ho=223 buf=50000
[ep  2400/9000] eps=0.010 scalar=4.6191e+06 r1=9.2382e+06 r2=-2.0500 r3=-1.8670e+01 ho=212 buf=50000
[ep  2500/9000] eps=0.010 scalar=3.7990e+06 r1=7.5980e+06 r2=-2.2550 r3=-1.7700e+01 ho=241 buf=50000
[ep  2600/9000] eps=0.010 scalar=4.5486e+06 r1=9.0972e+06 r2=-2.3500 r3=-2.0680e+01 ho=277 buf=50000
[ep  2700/9000] eps=0.010 scalar=4.3756e+06 r1=8.7511e+06 r2=-2.6350 r3=-1.9210e+01 ho=291 buf=50000
[ep  2800/9000] eps=0.010 scalar=4.0664e+06 r1=8.1329e+06 r2=-2.1950 r3=-1.6340e+01 ho=231 buf=50000
[ep  2900/9000] eps=0.010 scalar=4.6930e+06 r1=9.3860e+06 r2=-2.2400 r3=-1.9170e+01 ho=238 buf=50000
[ep  3000/9000] eps=0.010 scalar=4.0633e+06 r1=8.1267e+06 r2=-2.2150 r3=-1.8890e+01 ho=232 buf=50000
[ep  3100/9000] eps=0.010 scalar=4.4750e+06 r1=8.9500e+06 r2=-2.2500 r3=-1.9310e+01 ho=232 buf=50000
[ep  3200/9000] eps=0.010 scalar=4.3876e+06 r1=8.7751e+06 r2=-2.7700 r3=-1.9630e+01 ho=300 buf=50000
[ep  3300/9000] eps=0.010 scalar=4.3380e+06 r1=8.6760e+06 r2=-2.1550 r3=-1.9200e+01 ho=231 buf=50000
[ep  3400/9000] eps=0.010 scalar=4.3236e+06 r1=8.6471e+06 r2=-2.1850 r3=-2.1250e+01 ho=229 buf=50000
[ep  3500/9000] eps=0.010 scalar=4.7691e+06 r1=9.5382e+06 r2=-2.3950 r3=-2.1470e+01 ho=255 buf=50000
[ep  3600/9000] eps=0.010 scalar=4.5454e+06 r1=9.0909e+06 r2=-2.1300 r3=-1.5970e+01 ho=234 buf=50000
[ep  3700/9000] eps=0.010 scalar=4.4865e+06 r1=8.9730e+06 r2=-2.0650 r3=-1.9570e+01 ho=212 buf=50000
[ep  3800/9000] eps=0.010 scalar=4.7206e+06 r1=9.4413e+06 r2=-2.2600 r3=-1.9760e+01 ho=233 buf=50000
[ep  3900/9000] eps=0.010 scalar=4.8084e+06 r1=9.6168e+06 r2=-2.3400 r3=-2.2220e+01 ho=258 buf=50000
[ep  4000/9000] eps=0.010 scalar=4.6740e+06 r1=9.3480e+06 r2=-2.3700 r3=-1.9470e+01 ho=248 buf=50000
[ep  4100/9000] eps=0.010 scalar=4.6889e+06 r1=9.3779e+06 r2=-2.1500 r3=-2.0260e+01 ho=220 buf=50000
[ep  4200/9000] eps=0.010 scalar=4.8187e+06 r1=9.6374e+06 r2=-2.2450 r3=-1.7280e+01 ho=236 buf=50000
[ep  4300/9000] eps=0.010 scalar=4.8953e+06 r1=9.7907e+06 r2=-2.4650 r3=-2.0030e+01 ho=263 buf=50000
[ep  4400/9000] eps=0.010 scalar=4.6421e+06 r1=9.2843e+06 r2=-2.1850 r3=-1.9940e+01 ho=228 buf=50000
[ep  4500/9000] eps=0.010 scalar=4.4382e+06 r1=8.8763e+06 r2=-2.2700 r3=-1.7610e+01 ho=250 buf=50000
[ep  4600/9000] eps=0.010 scalar=4.9976e+06 r1=9.9951e+06 r2=-2.6200 r3=-1.9010e+01 ho=280 buf=50000
[ep  4700/9000] eps=0.010 scalar=4.2759e+06 r1=8.5519e+06 r2=-2.0400 r3=-1.8420e+01 ho=216 buf=50000
[ep  4800/9000] eps=0.010 scalar=4.9746e+06 r1=9.9492e+06 r2=-2.4150 r3=-1.7380e+01 ho=256 buf=50000
[ep  4900/9000] eps=0.010 scalar=4.3977e+06 r1=8.7954e+06 r2=-2.2750 r3=-1.7890e+01 ho=249 buf=50000
[ep  5000/9000] eps=0.010 scalar=4.3067e+06 r1=8.6134e+06 r2=-2.0800 r3=-1.7480e+01 ho=212 buf=50000
[ep  5100/9000] eps=0.010 scalar=4.2142e+06 r1=8.4285e+06 r2=-1.9450 r3=-1.6230e+01 ho=210 buf=50000
[ep  5200/9000] eps=0.010 scalar=4.3434e+06 r1=8.6868e+06 r2=-2.3650 r3=-2.2110e+01 ho=254 buf=50000
[ep  5300/9000] eps=0.010 scalar=4.8018e+06 r1=9.6037e+06 r2=-2.4100 r3=-1.5700e+01 ho=249 buf=50000
[ep  5400/9000] eps=0.010 scalar=4.5011e+06 r1=9.0022e+06 r2=-2.1550 r3=-1.6540e+01 ho=229 buf=50000
[ep  5500/9000] eps=0.010 scalar=4.6790e+06 r1=9.3580e+06 r2=-2.4450 r3=-1.7510e+01 ho=280 buf=50000
[ep  5600/9000] eps=0.010 scalar=4.7755e+06 r1=9.5511e+06 r2=-2.1400 r3=-1.8100e+01 ho=224 buf=50000
[ep  5700/9000] eps=0.010 scalar=3.8999e+06 r1=7.7999e+06 r2=-2.1550 r3=-1.9530e+01 ho=219 buf=50000
[ep  5800/9000] eps=0.010 scalar=4.4381e+06 r1=8.8763e+06 r2=-2.4650 r3=-1.6940e+01 ho=251 buf=50000
[ep  5900/9000] eps=0.010 scalar=4.2553e+06 r1=8.5106e+06 r2=-2.3250 r3=-1.7200e+01 ho=245 buf=50000
[ep  6000/9000] eps=0.010 scalar=5.0892e+06 r1=1.0178e+07 r2=-2.3050 r3=-1.8350e+01 ho=241 buf=50000
[ep  6100/9000] eps=0.010 scalar=4.6084e+06 r1=9.2168e+06 r2=-2.5600 r3=-1.5450e+01 ho=276 buf=50000
[ep  6200/9000] eps=0.010 scalar=5.0844e+06 r1=1.0169e+07 r2=-2.3100 r3=-1.8290e+01 ho=239 buf=50000
[ep  6300/9000] eps=0.010 scalar=4.5929e+06 r1=9.1859e+06 r2=-2.3750 r3=-1.8670e+01 ho=249 buf=50000
[ep  6400/9000] eps=0.010 scalar=4.6979e+06 r1=9.3957e+06 r2=-2.0400 r3=-1.6210e+01 ho=213 buf=50000
[ep  6500/9000] eps=0.010 scalar=4.8220e+06 r1=9.6440e+06 r2=-2.2700 r3=-1.9480e+01 ho=233 buf=50000
[ep  6600/9000] eps=0.010 scalar=4.2648e+06 r1=8.5296e+06 r2=-2.3600 r3=-1.7860e+01 ho=255 buf=50000
[ep  6700/9000] eps=0.010 scalar=4.4403e+06 r1=8.8807e+06 r2=-2.5900 r3=-1.8930e+01 ho=278 buf=50000
[ep  6800/9000] eps=0.010 scalar=5.0692e+06 r1=1.0138e+07 r2=-2.4300 r3=-2.2030e+01 ho=255 buf=50000
[ep  6900/9000] eps=0.010 scalar=4.3680e+06 r1=8.7360e+06 r2=-2.4950 r3=-1.9350e+01 ho=286 buf=50000
[ep  7000/9000] eps=0.010 scalar=4.7578e+06 r1=9.5156e+06 r2=-2.2100 r3=-1.7140e+01 ho=230 buf=50000
[ep  7100/9000] eps=0.010 scalar=4.7603e+06 r1=9.5206e+06 r2=-2.5900 r3=-1.9890e+01 ho=272 buf=50000
[ep  7200/9000] eps=0.010 scalar=4.8894e+06 r1=9.7788e+06 r2=-2.2750 r3=-1.9960e+01 ho=244 buf=50000
[ep  7300/9000] eps=0.010 scalar=4.6201e+06 r1=9.2402e+06 r2=-2.2400 r3=-1.8930e+01 ho=242 buf=50000
[ep  7400/9000] eps=0.010 scalar=5.2149e+06 r1=1.0430e+07 r2=-2.0650 r3=-1.7350e+01 ho=209 buf=50000
[ep  7500/9000] eps=0.010 scalar=4.6062e+06 r1=9.2125e+06 r2=-2.5200 r3=-1.7930e+01 ho=259 buf=50000
[ep  7600/9000] eps=0.010 scalar=5.0602e+06 r1=1.0120e+07 r2=-2.5700 r3=-1.8600e+01 ho=287 buf=50000
[ep  7700/9000] eps=0.010 scalar=4.1925e+06 r1=8.3851e+06 r2=-2.3150 r3=-1.9460e+01 ho=243 buf=50000
[ep  7800/9000] eps=0.010 scalar=4.6537e+06 r1=9.3073e+06 r2=-2.6250 r3=-1.7360e+01 ho=301 buf=50000
[ep  7900/9000] eps=0.010 scalar=4.9940e+06 r1=9.9881e+06 r2=-2.4000 r3=-2.1270e+01 ho=248 buf=50000
[ep  8000/9000] eps=0.010 scalar=4.7238e+06 r1=9.4475e+06 r2=-2.3100 r3=-1.6680e+01 ho=245 buf=50000
[ep  8100/9000] eps=0.010 scalar=4.8212e+06 r1=9.6425e+06 r2=-2.6350 r3=-1.7740e+01 ho=273 buf=50000
[ep  8200/9000] eps=0.010 scalar=4.7434e+06 r1=9.4867e+06 r2=-2.4200 r3=-1.8460e+01 ho=248 buf=50000
[ep  8300/9000] eps=0.010 scalar=4.2015e+06 r1=8.4030e+06 r2=-2.1700 r3=-1.7040e+01 ho=226 buf=50000
[ep  8400/9000] eps=0.010 scalar=4.6630e+06 r1=9.3261e+06 r2=-2.1650 r3=-1.9640e+01 ho=218 buf=50000
[ep  8500/9000] eps=0.010 scalar=3.9750e+06 r1=7.9500e+06 r2=-2.5950 r3=-2.0190e+01 ho=294 buf=50000
[ep  8600/9000] eps=0.010 scalar=4.5857e+06 r1=9.1715e+06 r2=-2.5750 r3=-1.8340e+01 ho=280 buf=50000
[ep  8700/9000] eps=0.010 scalar=4.7670e+06 r1=9.5341e+06 r2=-2.2800 r3=-1.9170e+01 ho=241 buf=50000
[ep  8800/9000] eps=0.010 scalar=4.7250e+06 r1=9.4500e+06 r2=-2.3500 r3=-2.0620e+01 ho=242 buf=50000
[ep  8900/9000] eps=0.010 scalar=4.4770e+06 r1=8.9541e+06 r2=-2.3700 r3=-1.7300e+01 ho=248 buf=50000
[ep  9000/9000] eps=0.010 scalar=4.8471e+06 r1=9.6941e+06 r2=-2.1500 r3=-1.9260e+01 ho=225 buf=50000
[ep   100/9000] eps=0.951 scalar=2.7605e+06 r1=5.5209e+06 r2=-7.7250 r3=-1.4000e+01 ho=874 buf=50000
[ep   200/9000] eps=0.901 scalar=2.9952e+06 r1=5.9903e+06 r2=-7.4000 r3=-1.3650e+01 ho=850 buf=50000
[ep   300/9000] eps=0.852 scalar=3.0571e+06 r1=6.1141e+06 r2=-7.3450 r3=-1.4140e+01 ho=841 buf=50000
[ep   400/9000] eps=0.802 scalar=2.9414e+06 r1=5.8827e+06 r2=-7.2850 r3=-1.3600e+01 ho=822 buf=50000
[ep   500/9000] eps=0.753 scalar=3.3122e+06 r1=6.6243e+06 r2=-7.0100 r3=-1.4870e+01 ho=807 buf=50000
[ep   600/9000] eps=0.703 scalar=3.0036e+06 r1=6.0073e+06 r2=-6.7800 r3=-1.6130e+01 ho=791 buf=50000
[ep   700/9000] eps=0.654 scalar=3.1682e+06 r1=6.3364e+06 r2=-6.0950 r3=-1.3930e+01 ho=707 buf=50000
[ep   800/9000] eps=0.604 scalar=3.5271e+06 r1=7.0542e+06 r2=-6.0250 r3=-1.5300e+01 ho=696 buf=50000
[ep   900/9000] eps=0.555 scalar=3.5776e+06 r1=7.1552e+06 r2=-5.4500 r3=-1.3960e+01 ho=632 buf=50000
[ep  1000/9000] eps=0.505 scalar=3.5596e+06 r1=7.1192e+06 r2=-4.9700 r3=-1.5220e+01 ho=581 buf=50000
[ep  1100/9000] eps=0.456 scalar=3.4746e+06 r1=6.9493e+06 r2=-4.5650 r3=-1.4280e+01 ho=525 buf=50000
[ep  1200/9000] eps=0.406 scalar=3.7074e+06 r1=7.4149e+06 r2=-4.5600 r3=-1.3890e+01 ho=529 buf=50000
[ep  1300/9000] eps=0.357 scalar=3.8618e+06 r1=7.7236e+06 r2=-4.1200 r3=-1.4640e+01 ho=463 buf=50000
[ep  1400/9000] eps=0.307 scalar=3.7569e+06 r1=7.5138e+06 r2=-3.6500 r3=-1.4550e+01 ho=413 buf=50000
[ep  1500/9000] eps=0.258 scalar=4.0305e+06 r1=8.0610e+06 r2=-3.9800 r3=-1.7800e+01 ho=448 buf=50000
[ep  1600/9000] eps=0.208 scalar=4.2884e+06 r1=8.5768e+06 r2=-3.2400 r3=-1.5490e+01 ho=355 buf=50000
[ep  1700/9000] eps=0.159 scalar=4.0577e+06 r1=8.1154e+06 r2=-3.1250 r3=-1.6120e+01 ho=346 buf=50000
[ep  1800/9000] eps=0.109 scalar=4.2965e+06 r1=8.5929e+06 r2=-2.6750 r3=-1.5910e+01 ho=292 buf=50000
[ep  1900/9000] eps=0.060 scalar=4.8579e+06 r1=9.7158e+06 r2=-2.4650 r3=-1.8240e+01 ho=266 buf=50000
[ep  2000/9000] eps=0.010 scalar=4.8534e+06 r1=9.7069e+06 r2=-2.1050 r3=-2.1010e+01 ho=217 buf=50000
[ep  2100/9000] eps=0.010 scalar=4.4938e+06 r1=8.9876e+06 r2=-2.1950 r3=-1.8810e+01 ho=241 buf=50000
[ep  2200/9000] eps=0.010 scalar=4.0469e+06 r1=8.0939e+06 r2=-2.0450 r3=-1.5820e+01 ho=207 buf=50000
[ep  2300/9000] eps=0.010 scalar=4.8992e+06 r1=9.7985e+06 r2=-2.3350 r3=-1.6590e+01 ho=240 buf=50000
[ep  2400/9000] eps=0.010 scalar=4.0281e+06 r1=8.0563e+06 r2=-2.2550 r3=-1.8580e+01 ho=237 buf=50000
[ep  2500/9000] eps=0.010 scalar=4.3423e+06 r1=8.6845e+06 r2=-1.9050 r3=-2.0720e+01 ho=201 buf=50000
[ep  2600/9000] eps=0.010 scalar=4.4079e+06 r1=8.8159e+06 r2=-2.2000 r3=-2.3050e+01 ho=242 buf=50000
[ep  2700/9000] eps=0.010 scalar=4.4883e+06 r1=8.9766e+06 r2=-2.5100 r3=-1.8550e+01 ho=274 buf=50000
[ep  2800/9000] eps=0.010 scalar=3.9850e+06 r1=7.9700e+06 r2=-2.2050 r3=-1.7970e+01 ho=233 buf=50000
[ep  2900/9000] eps=0.010 scalar=4.6787e+06 r1=9.3573e+06 r2=-2.1600 r3=-1.9030e+01 ho=236 buf=50000
[ep  3000/9000] eps=0.010 scalar=4.6752e+06 r1=9.3505e+06 r2=-2.2800 r3=-2.1110e+01 ho=234 buf=50000
[ep  3100/9000] eps=0.010 scalar=4.1177e+06 r1=8.2354e+06 r2=-2.2100 r3=-2.0830e+01 ho=226 buf=50000
[ep  3200/9000] eps=0.010 scalar=4.3276e+06 r1=8.6551e+06 r2=-2.1650 r3=-1.7850e+01 ho=231 buf=50000
[ep  3300/9000] eps=0.010 scalar=5.1198e+06 r1=1.0240e+07 r2=-2.1450 r3=-1.7090e+01 ho=219 buf=50000
[ep  3400/9000] eps=0.010 scalar=4.7313e+06 r1=9.4626e+06 r2=-2.3700 r3=-2.0520e+01 ho=250 buf=50000
[ep  3500/9000] eps=0.010 scalar=4.7000e+06 r1=9.4000e+06 r2=-2.1150 r3=-1.7630e+01 ho=226 buf=50000
[ep  3600/9000] eps=0.010 scalar=4.2372e+06 r1=8.4744e+06 r2=-2.6600 r3=-2.1080e+01 ho=276 buf=50000
[ep  3700/9000] eps=0.010 scalar=4.4913e+06 r1=8.9827e+06 r2=-2.6850 r3=-1.7730e+01 ho=292 buf=50000
[ep  3800/9000] eps=0.010 scalar=4.8839e+06 r1=9.7678e+06 r2=-2.3950 r3=-2.0220e+01 ho=257 buf=50000
[ep  3900/9000] eps=0.010 scalar=4.0451e+06 r1=8.0903e+06 r2=-2.0900 r3=-1.9450e+01 ho=219 buf=50000
[ep  4000/9000] eps=0.010 scalar=4.1853e+06 r1=8.3705e+06 r2=-2.1400 r3=-1.7360e+01 ho=219 buf=50000
[ep  4100/9000] eps=0.010 scalar=4.6331e+06 r1=9.2662e+06 r2=-2.3000 r3=-1.7530e+01 ho=248 buf=50000
[ep  4200/9000] eps=0.010 scalar=4.5167e+06 r1=9.0335e+06 r2=-2.0600 r3=-2.1730e+01 ho=219 buf=50000
[ep  4300/9000] eps=0.010 scalar=4.9455e+06 r1=9.8911e+06 r2=-1.9950 r3=-1.8160e+01 ho=207 buf=50000
[ep  4400/9000] eps=0.010 scalar=4.5438e+06 r1=9.0877e+06 r2=-2.4100 r3=-1.6320e+01 ho=262 buf=50000
[ep  4500/9000] eps=0.010 scalar=4.6196e+06 r1=9.2392e+06 r2=-2.5700 r3=-1.7830e+01 ho=274 buf=50000
[ep  4600/9000] eps=0.010 scalar=4.5619e+06 r1=9.1238e+06 r2=-2.4400 r3=-1.8600e+01 ho=249 buf=50000
[ep  4700/9000] eps=0.010 scalar=4.4688e+06 r1=8.9376e+06 r2=-2.2500 r3=-1.8820e+01 ho=245 buf=50000
[ep  4800/9000] eps=0.010 scalar=4.7675e+06 r1=9.5350e+06 r2=-2.5200 r3=-1.9180e+01 ho=268 buf=50000
[ep  4900/9000] eps=0.010 scalar=4.1607e+06 r1=8.3214e+06 r2=-2.0950 r3=-1.9290e+01 ho=216 buf=50000
[ep  5000/9000] eps=0.010 scalar=4.7978e+06 r1=9.5956e+06 r2=-2.2100 r3=-2.4430e+01 ho=224 buf=50000
[ep  5100/9000] eps=0.010 scalar=4.4519e+06 r1=8.9039e+06 r2=-2.3800 r3=-1.7160e+01 ho=263 buf=50000
[ep  5200/9000] eps=0.010 scalar=4.6263e+06 r1=9.2526e+06 r2=-2.3500 r3=-1.7130e+01 ho=247 buf=50000
[ep  5300/9000] eps=0.010 scalar=4.4349e+06 r1=8.8699e+06 r2=-2.2650 r3=-1.8280e+01 ho=230 buf=50000
[ep  5400/9000] eps=0.010 scalar=4.5932e+06 r1=9.1864e+06 r2=-2.9300 r3=-1.7510e+01 ho=317 buf=50000
[ep  5500/9000] eps=0.010 scalar=5.1060e+06 r1=1.0212e+07 r2=-2.5450 r3=-1.9790e+01 ho=276 buf=50000
[ep  5600/9000] eps=0.010 scalar=4.7775e+06 r1=9.5550e+06 r2=-2.5150 r3=-1.7390e+01 ho=265 buf=50000
[ep  5700/9000] eps=0.010 scalar=4.6439e+06 r1=9.2877e+06 r2=-2.0650 r3=-1.9060e+01 ho=214 buf=50000
[ep  5800/9000] eps=0.010 scalar=4.1298e+06 r1=8.2596e+06 r2=-2.6950 r3=-1.9000e+01 ho=300 buf=50000
[ep  5900/9000] eps=0.010 scalar=4.5351e+06 r1=9.0703e+06 r2=-2.0350 r3=-1.6830e+01 ho=210 buf=50000
[ep  6000/9000] eps=0.010 scalar=4.8257e+06 r1=9.6514e+06 r2=-2.5100 r3=-1.8340e+01 ho=269 buf=50000
[ep  6100/9000] eps=0.010 scalar=4.4676e+06 r1=8.9352e+06 r2=-2.3700 r3=-1.7850e+01 ho=254 buf=50000
[ep  6200/9000] eps=0.010 scalar=4.7818e+06 r1=9.5635e+06 r2=-2.2100 r3=-2.0300e+01 ho=236 buf=50000
[ep  6300/9000] eps=0.010 scalar=4.5221e+06 r1=9.0441e+06 r2=-2.0850 r3=-1.6230e+01 ho=214 buf=50000
[ep  6400/9000] eps=0.010 scalar=4.3261e+06 r1=8.6522e+06 r2=-2.4300 r3=-1.8740e+01 ho=252 buf=50000
[ep  6500/9000] eps=0.010 scalar=4.5558e+06 r1=9.1115e+06 r2=-2.2300 r3=-1.8980e+01 ho=233 buf=50000
[ep  6600/9000] eps=0.010 scalar=4.5616e+06 r1=9.1233e+06 r2=-2.1500 r3=-2.2140e+01 ho=218 buf=50000
[ep  6700/9000] eps=0.010 scalar=4.4387e+06 r1=8.8774e+06 r2=-2.3900 r3=-1.7130e+01 ho=247 buf=50000
[ep  6800/9000] eps=0.010 scalar=4.7793e+06 r1=9.5586e+06 r2=-2.4950 r3=-1.7440e+01 ho=254 buf=50000
[ep  6900/9000] eps=0.010 scalar=4.6635e+06 r1=9.3269e+06 r2=-2.3650 r3=-1.6930e+01 ho=258 buf=50000
[ep  7000/9000] eps=0.010 scalar=4.3385e+06 r1=8.6771e+06 r2=-2.3300 r3=-2.1780e+01 ho=257 buf=50000
[ep  7100/9000] eps=0.010 scalar=4.1787e+06 r1=8.3575e+06 r2=-2.4450 r3=-1.9330e+01 ho=261 buf=50000
[ep  7200/9000] eps=0.010 scalar=4.1169e+06 r1=8.2339e+06 r2=-2.2800 r3=-2.0040e+01 ho=248 buf=50000
[ep  7300/9000] eps=0.010 scalar=4.6196e+06 r1=9.2392e+06 r2=-2.1900 r3=-1.6620e+01 ho=226 buf=50000
[ep  7400/9000] eps=0.010 scalar=4.9471e+06 r1=9.8941e+06 r2=-2.5350 r3=-1.9940e+01 ho=272 buf=50000
[ep  7500/9000] eps=0.010 scalar=4.7761e+06 r1=9.5523e+06 r2=-2.3350 r3=-1.9130e+01 ho=241 buf=50000
[ep  7600/9000] eps=0.010 scalar=4.1923e+06 r1=8.3847e+06 r2=-2.4550 r3=-2.1130e+01 ho=264 buf=50000
[ep  7700/9000] eps=0.010 scalar=4.1268e+06 r1=8.2535e+06 r2=-1.9800 r3=-1.8450e+01 ho=209 buf=50000
[ep  7800/9000] eps=0.010 scalar=4.6709e+06 r1=9.3417e+06 r2=-2.4250 r3=-1.7190e+01 ho=259 buf=50000
[ep  7900/9000] eps=0.010 scalar=4.5998e+06 r1=9.1995e+06 r2=-2.5350 r3=-1.7280e+01 ho=265 buf=50000
[ep  8000/9000] eps=0.010 scalar=4.8219e+06 r1=9.6438e+06 r2=-2.5850 r3=-2.0760e+01 ho=276 buf=50000
[ep  8100/9000] eps=0.010 scalar=4.0737e+06 r1=8.1473e+06 r2=-2.1900 r3=-2.0690e+01 ho=243 buf=50000
[ep  8200/9000] eps=0.010 scalar=4.4533e+06 r1=8.9066e+06 r2=-2.1650 r3=-1.7500e+01 ho=225 buf=50000
[ep  8300/9000] eps=0.010 scalar=4.2734e+06 r1=8.5468e+06 r2=-2.2150 r3=-1.9720e+01 ho=228 buf=50000
[ep  8400/9000] eps=0.010 scalar=4.8297e+06 r1=9.6595e+06 r2=-2.1000 r3=-1.5690e+01 ho=217 buf=50000
[ep  8500/9000] eps=0.010 scalar=4.3753e+06 r1=8.7506e+06 r2=-2.1400 r3=-1.6720e+01 ho=227 buf=50000
[ep  8600/9000] eps=0.010 scalar=4.1723e+06 r1=8.3446e+06 r2=-2.1700 r3=-1.7100e+01 ho=226 buf=50000
[ep  8700/9000] eps=0.010 scalar=4.6577e+06 r1=9.3155e+06 r2=-2.1250 r3=-2.0250e+01 ho=224 buf=50000
[ep  8800/9000] eps=0.010 scalar=3.9744e+06 r1=7.9489e+06 r2=-2.4550 r3=-1.7520e+01 ho=252 buf=50000
[ep  8900/9000] eps=0.010 scalar=4.4920e+06 r1=8.9840e+06 r2=-2.2950 r3=-2.0520e+01 ho=233 buf=50000
[ep  9000/9000] eps=0.010 scalar=4.8176e+06 r1=9.6352e+06 r2=-2.4800 r3=-2.1290e+01 ho=278 buf=50000
pipeline complete: learning_rate=0.001 prereg_digest=3a920671dcce62075b1a21362d392b6c370c99979cba70d72a513da9ae9773f4
	Command being timed: "/home/sat/mcrl-leo-handover/.venv/bin/python scripts/run_server_training.py pipeline"
	User time (seconds): 178133.28
	System time (seconds): 3580.11
	Percent of CPU this job got: 319%
	Elapsed (wall clock) time (h:mm:ss or m:ss): 15:49:16
	Average shared text size (kbytes): 0
	Average unshared data size (kbytes): 0
	Average stack size (kbytes): 0
	Average total size (kbytes): 0
	Maximum resident set size (kbytes): 2509812
	Average resident set size (kbytes): 0
	Major (requiring I/O) page faults: 0
	Minor (reclaiming a frame) page faults: 428134975
	Voluntary context switches: 12639393
	Involuntary context switches: 3345164
	Swaps: 0
	File system inputs: 264
	File system outputs: 62050160
	Socket messages sent: 0
	Socket messages received: 0
	Signals delivered: 0
	Page size (bytes): 4096
	Exit status: 0
