# FEASFRONT  N_EP=24/cell, frozen seeds (42/1337/7), dt=30.080000000000002 s.
# pooled EE = sum(bits)/sum(joules), two running totals divided once.
# fresh env per cell (_age_rng matched); no update(), no gradient step.
# arm                     pooled bits       pooled J        pooled EE         sem      ho  ho_phi1  ho_phi2  served   beams   scalar
RANDOM_MASKED            1.842866e+14   3.473162e+06  53060175.561473    394443.7  0.8680   0.1836   0.6844  0.9360  76.642  -1.4104
A m=0dB                  3.266731e+14   2.929683e+06 111504571.388934   1095687.3  0.7120   0.0573   0.6546  0.9981  63.717  -0.0885
A m=0.5dB                3.238183e+14   2.913353e+06 111149682.536146   1028321.0  0.6820   0.0541   0.6279  0.9985  63.375  -0.0197
A m=1dB                  3.242342e+14   2.916785e+06 111161514.478956   1173322.3  0.6613   0.0463   0.6150  0.9982  63.429   0.0328
A m=2dB                  3.282673e+14   2.918995e+06 112459003.427761    801795.7  0.5860   0.0362   0.5497  0.9982  63.508   0.2845
A m=3dB                  3.310872e+14   2.945774e+06 112393947.899192    980251.8  0.5185   0.0264   0.4921  0.9978  64.133   0.4835
A m=4dB                  3.303055e+14   2.946374e+06 112105740.747481   1088000.5  0.4655   0.0239   0.4416  0.9970  64.162   0.6286
A m=6dB                  3.378691e+14   3.038839e+06 111183610.186931    992003.8  0.3643   0.0145   0.3498  0.9972  66.133   0.9538
A m=9dB                  3.355155e+14   3.174177e+06 105701579.467375    621024.4  0.2753   0.0052   0.2701  0.9987  69.208   1.1309
A m=12dB                 3.367776e+14   3.319073e+06 101467361.953937    934200.7  0.2258   0.0010   0.2248  0.9964  72.475   1.2232
B1_NO_NEW_BEAM           1.816921e+14   1.755908e+06 103474767.668788    405143.0  0.4250   0.0744   0.3506  0.9978  37.862  -0.3665
B2_PREFER_SHARED         1.814005e+14   1.748332e+06 103756292.711589    563410.8  0.4849   0.0917   0.3931  0.9979  37.871  -0.5124
C1_SAT_LOCK              2.406993e+14   2.758802e+06  87247763.916071    694306.1  0.5054   0.3636   0.1418  0.9981  59.771   0.2283
C2_SAT_LOCK_3DB          2.518928e+14   2.876703e+06  87563020.490979    676193.3  0.3068   0.1642   0.1426  0.9974  62.587   0.6405
D_HOLD_WHILE_LEGAL       2.492815e+14   3.232088e+06  77127064.842848    686852.6  0.1427   0.0000   0.1427  0.9970  70.717   0.8371
TRAINED e6b063ef         2.848622e+14   3.059385e+06  93110907.973748    902313.3  0.2799   0.0556   0.2243  0.9988  67.904   0.9033

# reference (previous round, shared env): MAX_NOMINAL_GAIN 111553182.85 ho 0.7117 served 0.9981 | TRAINED 93137893.02 ho 0.2796 served 0.9988
# reference (previous round, fresh env via this wrapper): MAX 111504571.39 ho 0.7120 | TRAINED 93110907.97 ho 0.2799
# total wall 1457.4 s
