# (1) declared measure reproduced from the dump (must match jsrl.out)
#   h     R(h)    out95
    0   1.0000   0.0500
    1   1.5981   0.6567
    2   2.2025   0.7417
    3   2.0397   0.7358
    4   1.3979   0.3983
    5   1.4549   0.2846
    6   1.9346   0.3013
    7   2.0255   0.3787
    8   1.3853   0.4179
    9   1.4650   0.3604

# (2) share of squared full-space 1-NN distance carried by each block
#   h   access      snr    theta    loads
    1   0.1026   0.2729   0.1630   0.4615
    2   0.1454   0.2721   0.1615   0.4210
    3   0.1147   0.2839   0.1598   0.4416
    4   0.0002   0.4059   0.2691   0.3247
    5   0.1281   0.2715   0.1830   0.4175
    6   0.0694   0.2958   0.1970   0.4378
    7   0.0627   0.2584   0.1756   0.5033
    8   0.0010   0.3905   0.2411   0.3675
    9   0.1076   0.2741   0.1907   0.4277

# (3) block-restricted novelty ratio R_b(h) and out95_b(h)
#   h  access R access o95     snr R    snr o95   theta R  theta o95   loads R  loads o95
    1  270.1655     0.0217    1.1544     0.1525    1.2971     0.2071    5.3821     0.5913
    2  124.8808     0.1371    1.3434     0.3321    1.4453     0.2429    5.6376     0.6454
    3   11.9094     0.1579    1.5910     0.4371    1.5925     0.2646    5.5290     0.5721
    4    2.7152     0.1638    1.0909     0.0908    1.1627     0.1212    8.7782     0.4154
    5 26564397.6449     0.0200    1.1137     0.0825    1.2576     0.0967    3.7578     0.3325
    6   61.4577     0.0912    1.2026     0.1267    1.3688     0.0900    4.4848     0.4004
    7   56.6608     0.1396    1.4064     0.1129    1.3989     0.0729    4.9892     0.4471
    8    2.3687     0.0992    1.1561     0.1267    1.1650     0.1567    8.6130     0.4954
    9 25431219.1412     0.0112    1.1043     0.1113    1.2967     0.2196    3.9538     0.4525

# (4) paired: fraction of (episode,user) rows whose block is EXACTLY equal to the h=0 rollout's row at the same step index
#   h   access      snr    theta    loads    whole
    1   0.2162   0.0000   0.0417   0.0000   0.0000
    2   0.1421   0.0000   0.0833   0.0000   0.0000
    3   0.1483   0.0000   0.0417   0.0000   0.0000
    4   0.4246   0.0000   0.0104   0.0117   0.0000
    5   0.2358   0.0000   0.0104   0.0000   0.0000
    6   0.2137   0.0000   0.0104   0.0000   0.0000
    7   0.2021   0.0000   0.0104   0.0000   0.0000
    8   0.4475   0.0000   0.0425   0.0083   0.0000
    9   0.2421   0.0000   0.0425   0.0000   0.0000

# (5) 1-NN novelty restricted to rows whose access block is IDENTICAL to the h=0 row (same incumbent slot) -- does novelty survive?
#   h  n_same   R_same  o95_same  n_diff   R_diff  o95_diff
    1     519   1.4173    0.4470    1881   1.6480    0.7145
    2     341   1.5640    0.5425    2059   2.3083    0.7746
    3     356   1.6595    0.5534    2044   2.1059    0.7676
    4    1019   1.2288    0.2679    1381   1.5228    0.4946
    5     566   1.2360    0.1237    1834   1.5225    0.3342
    6     513   1.2963    0.1715    1887   2.1081    0.3365
    7     485   1.4275    0.2227    1915   2.1770    0.4183
    8    1074   1.2797    0.3343    1326   1.4709    0.4857
    9     581   1.2054    0.1601    1819   1.5479    0.4244
